yarn run v1.22.22
$ node node_modules/.bin/jest --coverage --no-coverage
FAIL packages/react/src/components/placeholder/__tests__/CxPlaceholder.spec.tsx
  ● Test suite failed to run

    [96mpackages/react/src/components/offcanvas/CxOffcanvas.tsx[0m:[93m109[0m:[93m8[0m - [91merror[0m[90m TS7006: [0mParameter 'event' implicitly has an 'any' type.

    [7m109[0m       (event) => {
    [7m   [0m [91m       ~~~~~[0m
    [96mpackages/react/src/components/offcanvas/CxOffcanvas.tsx[0m:[93m123[0m:[93m25[0m - [91merror[0m[90m TS7053: [0mElement implicitly has an 'any' type because expression of type 'string' can't be used to index type '{ entering: { visibility: string; }; entered: { visibility: string; }; exiting: { visibility: string; }; exited: { visibility: string; }; }'.
      No index signature with a parameter of type 'string' was found on type '{ entering: { visibility: string; }; entered: { visibility: string; }; exiting: { visibility: string; }; exited: { visibility: string; }; }'.

    [7m123[0m             style={{ ...transitionStyles[state] }}
    [7m   [0m [91m                        ~~~~~~~~~~~~~~~~~~~~~~~[0m

FAIL packages/react/src/components/table/__tests__/CxTableBody.spec.tsx
  ● Test suite failed to run

    [96mpackages/react/src/components/offcanvas/CxOffcanvas.tsx[0m:[93m109[0m:[93m8[0m - [91merror[0m[90m TS7006: [0mParameter 'event' implicitly has an 'any' type.

    [7m109[0m       (event) => {
    [7m   [0m [91m       ~~~~~[0m
    [96mpackages/react/src/components/offcanvas/CxOffcanvas.tsx[0m:[93m123[0m:[93m25[0m - [91merror[0m[90m TS7053: [0mElement implicitly has an 'any' type because expression of type 'string' can't be used to index type '{ entering: { visibility: string; }; entered: { visibility: string; }; exiting: { visibility: string; }; exited: { visibility: string; }; }'.
      No index signature with a parameter of type 'string' was found on type '{ entering: { visibility: string; }; entered: { visibility: string; }; exiting: { visibility: string; }; exited: { visibility: string; }; }'.

    [7m123[0m             style={{ ...transitionStyles[state] }}
    [7m   [0m [91m                        ~~~~~~~~~~~~~~~~~~~~~~~[0m

FAIL packages/react/src/components/table/__tests__/CxTableRow.spec.tsx
  ● Test suite failed to run

    [96mpackages/react/src/components/offcanvas/CxOffcanvas.tsx[0m:[93m109[0m:[93m8[0m - [91merror[0m[90m TS7006: [0mParameter 'event' implicitly has an 'any' type.

    [7m109[0m       (event) => {
    [7m   [0m [91m       ~~~~~[0m
    [96mpackages/react/src/components/offcanvas/CxOffcanvas.tsx[0m:[93m123[0m:[93m25[0m - [91merror[0m[90m TS7053: [0mElement implicitly has an 'any' type because expression of type 'string' can't be used to index type '{ entering: { visibility: string; }; entered: { visibility: string; }; exiting: { visibility: string; }; exited: { visibility: string; }; }'.
      No index signature with a parameter of type 'string' was found on type '{ entering: { visibility: string; }; entered: { visibility: string; }; exiting: { visibility: string; }; exited: { visibility: string; }; }'.

    [7m123[0m             style={{ ...transitionStyles[state] }}
    [7m   [0m [91m                        ~~~~~~~~~~~~~~~~~~~~~~~[0m

FAIL packages/react/src/components/table/__tests__/CxTable.spec.tsx
  ● Test suite failed to run

    [96mpackages/react/src/components/offcanvas/CxOffcanvas.tsx[0m:[93m109[0m:[93m8[0m - [91merror[0m[90m TS7006: [0mParameter 'event' implicitly has an 'any' type.

    [7m109[0m       (event) => {
    [7m   [0m [91m       ~~~~~[0m
    [96mpackages/react/src/components/offcanvas/CxOffcanvas.tsx[0m:[93m123[0m:[93m25[0m - [91merror[0m[90m TS7053: [0mElement implicitly has an 'any' type because expression of type 'string' can't be used to index type '{ entering: { visibility: string; }; entered: { visibility: string; }; exiting: { visibility: string; }; exited: { visibility: string; }; }'.
      No index signature with a parameter of type 'string' was found on type '{ entering: { visibility: string; }; entered: { visibility: string; }; exiting: { visibility: string; }; exited: { visibility: string; }; }'.

    [7m123[0m             style={{ ...transitionStyles[state] }}
    [7m   [0m [91m                        ~~~~~~~~~~~~~~~~~~~~~~~[0m

FAIL packages/react/src/components/table/__tests__/CxTableHead.spec.tsx
  ● Test suite failed to run

    [96mpackages/react/src/components/offcanvas/CxOffcanvas.tsx[0m:[93m109[0m:[93m8[0m - [91merror[0m[90m TS7006: [0mParameter 'event' implicitly has an 'any' type.

    [7m109[0m       (event) => {
    [7m   [0m [91m       ~~~~~[0m
    [96mpackages/react/src/components/offcanvas/CxOffcanvas.tsx[0m:[93m123[0m:[93m25[0m - [91merror[0m[90m TS7053: [0mElement implicitly has an 'any' type because expression of type 'string' can't be used to index type '{ entering: { visibility: string; }; entered: { visibility: string; }; exiting: { visibility: string; }; exited: { visibility: string; }; }'.
      No index signature with a parameter of type 'string' was found on type '{ entering: { visibility: string; }; entered: { visibility: string; }; exiting: { visibility: string; }; exited: { visibility: string; }; }'.

    [7m123[0m             style={{ ...transitionStyles[state] }}
    [7m   [0m [91m                        ~~~~~~~~~~~~~~~~~~~~~~~[0m

FAIL packages/react/src/components/table/__tests__/CxTableCaption.spec.tsx
  ● Test suite failed to run

    [96mpackages/react/src/components/offcanvas/CxOffcanvas.tsx[0m:[93m109[0m:[93m8[0m - [91merror[0m[90m TS7006: [0mParameter 'event' implicitly has an 'any' type.

    [7m109[0m       (event) => {
    [7m   [0m [91m       ~~~~~[0m
    [96mpackages/react/src/components/offcanvas/CxOffcanvas.tsx[0m:[93m123[0m:[93m25[0m - [91merror[0m[90m TS7053: [0mElement implicitly has an 'any' type because expression of type 'string' can't be used to index type '{ entering: { visibility: string; }; entered: { visibility: string; }; exiting: { visibility: string; }; exited: { visibility: string; }; }'.
      No index signature with a parameter of type 'string' was found on type '{ entering: { visibility: string; }; entered: { visibility: string; }; exiting: { visibility: string; }; exited: { visibility: string; }; }'.

    [7m123[0m             style={{ ...transitionStyles[state] }}
    [7m   [0m [91m                        ~~~~~~~~~~~~~~~~~~~~~~~[0m

FAIL packages/react/src/components/popover/__tests__/CxPopover.spec.tsx
  ● Test suite failed to run

    [96mpackages/react/src/components/offcanvas/CxOffcanvas.tsx[0m:[93m109[0m:[93m8[0m - [91merror[0m[90m TS7006: [0mParameter 'event' implicitly has an 'any' type.

    [7m109[0m       (event) => {
    [7m   [0m [91m       ~~~~~[0m
    [96mpackages/react/src/components/offcanvas/CxOffcanvas.tsx[0m:[93m123[0m:[93m25[0m - [91merror[0m[90m TS7053: [0mElement implicitly has an 'any' type because expression of type 'string' can't be used to index type '{ entering: { visibility: string; }; entered: { visibility: string; }; exiting: { visibility: string; }; exited: { visibility: string; }; }'.
      No index signature with a parameter of type 'string' was found on type '{ entering: { visibility: string; }; entered: { visibility: string; }; exiting: { visibility: string; }; exited: { visibility: string; }; }'.

    [7m123[0m             style={{ ...transitionStyles[state] }}
    [7m   [0m [91m                        ~~~~~~~~~~~~~~~~~~~~~~~[0m

FAIL packages/react/src/components/table/__tests__/CxTableFoot.spec.tsx
  ● Test suite failed to run

    [96mpackages/react/src/components/offcanvas/CxOffcanvas.tsx[0m:[93m109[0m:[93m8[0m - [91merror[0m[90m TS7006: [0mParameter 'event' implicitly has an 'any' type.

    [7m109[0m       (event) => {
    [7m   [0m [91m       ~~~~~[0m
    [96mpackages/react/src/components/offcanvas/CxOffcanvas.tsx[0m:[93m123[0m:[93m25[0m - [91merror[0m[90m TS7053: [0mElement implicitly has an 'any' type because expression of type 'string' can't be used to index type '{ entering: { visibility: string; }; entered: { visibility: string; }; exiting: { visibility: string; }; exited: { visibility: string; }; }'.
      No index signature with a parameter of type 'string' was found on type '{ entering: { visibility: string; }; entered: { visibility: string; }; exiting: { visibility: string; }; exited: { visibility: string; }; }'.

    [7m123[0m             style={{ ...transitionStyles[state] }}
    [7m   [0m [91m                        ~~~~~~~~~~~~~~~~~~~~~~~[0m

FAIL packages/react/src/components/tooltip/__tests__/CxTooltip.spec.tsx
  ● Test suite failed to run

    [96mpackages/react/src/components/offcanvas/CxOffcanvas.tsx[0m:[93m109[0m:[93m8[0m - [91merror[0m[90m TS7006: [0mParameter 'event' implicitly has an 'any' type.

    [7m109[0m       (event) => {
    [7m   [0m [91m       ~~~~~[0m
    [96mpackages/react/src/components/offcanvas/CxOffcanvas.tsx[0m:[93m123[0m:[93m25[0m - [91merror[0m[90m TS7053: [0mElement implicitly has an 'any' type because expression of type 'string' can't be used to index type '{ entering: { visibility: string; }; entered: { visibility: string; }; exiting: { visibility: string; }; exited: { visibility: string; }; }'.
      No index signature with a parameter of type 'string' was found on type '{ entering: { visibility: string; }; entered: { visibility: string; }; exiting: { visibility: string; }; exited: { visibility: string; }; }'.

    [7m123[0m             style={{ ...transitionStyles[state] }}
    [7m   [0m [91m                        ~~~~~~~~~~~~~~~~~~~~~~~[0m

FAIL packages/react/src/components/toast/__tests__/CxToaster.spec.tsx
  ● Test suite failed to run

    [96mpackages/react/src/components/offcanvas/CxOffcanvas.tsx[0m:[93m109[0m:[93m8[0m - [91merror[0m[90m TS7006: [0mParameter 'event' implicitly has an 'any' type.

    [7m109[0m       (event) => {
    [7m   [0m [91m       ~~~~~[0m
    [96mpackages/react/src/components/offcanvas/CxOffcanvas.tsx[0m:[93m123[0m:[93m25[0m - [91merror[0m[90m TS7053: [0mElement implicitly has an 'any' type because expression of type 'string' can't be used to index type '{ entering: { visibility: string; }; entered: { visibility: string; }; exiting: { visibility: string; }; exited: { visibility: string; }; }'.
      No index signature with a parameter of type 'string' was found on type '{ entering: { visibility: string; }; entered: { visibility: string; }; exiting: { visibility: string; }; exited: { visibility: string; }; }'.

    [7m123[0m             style={{ ...transitionStyles[state] }}
    [7m   [0m [91m                        ~~~~~~~~~~~~~~~~~~~~~~~[0m

FAIL packages/react/src/components/toast/__tests__/CxToastHeader.spec.tsx
  ● Test suite failed to run

    [96mpackages/react/src/components/offcanvas/CxOffcanvas.tsx[0m:[93m109[0m:[93m8[0m - [91merror[0m[90m TS7006: [0mParameter 'event' implicitly has an 'any' type.

    [7m109[0m       (event) => {
    [7m   [0m [91m       ~~~~~[0m
    [96mpackages/react/src/components/offcanvas/CxOffcanvas.tsx[0m:[93m123[0m:[93m25[0m - [91merror[0m[90m TS7053: [0mElement implicitly has an 'any' type because expression of type 'string' can't be used to index type '{ entering: { visibility: string; }; entered: { visibility: string; }; exiting: { visibility: string; }; exited: { visibility: string; }; }'.
      No index signature with a parameter of type 'string' was found on type '{ entering: { visibility: string; }; entered: { visibility: string; }; exiting: { visibility: string; }; exited: { visibility: string; }; }'.

    [7m123[0m             style={{ ...transitionStyles[state] }}
    [7m   [0m [91m                        ~~~~~~~~~~~~~~~~~~~~~~~[0m

FAIL packages/react/src/components/table/__tests__/CxTableHeaderCell.spec.tsx
  ● Test suite failed to run

    [96mpackages/react/src/components/offcanvas/CxOffcanvas.tsx[0m:[93m109[0m:[93m8[0m - [91merror[0m[90m TS7006: [0mParameter 'event' implicitly has an 'any' type.

    [7m109[0m       (event) => {
    [7m   [0m [91m       ~~~~~[0m
    [96mpackages/react/src/components/offcanvas/CxOffcanvas.tsx[0m:[93m123[0m:[93m25[0m - [91merror[0m[90m TS7053: [0mElement implicitly has an 'any' type because expression of type 'string' can't be used to index type '{ entering: { visibility: string; }; entered: { visibility: string; }; exiting: { visibility: string; }; exited: { visibility: string; }; }'.
      No index signature with a parameter of type 'string' was found on type '{ entering: { visibility: string; }; entered: { visibility: string; }; exiting: { visibility: string; }; exited: { visibility: string; }; }'.

    [7m123[0m             style={{ ...transitionStyles[state] }}
    [7m   [0m [91m                        ~~~~~~~~~~~~~~~~~~~~~~~[0m

FAIL packages/react/src/components/toast/__tests__/CxToast.spec.tsx
  ● Test suite failed to run

    [96mpackages/react/src/components/offcanvas/CxOffcanvas.tsx[0m:[93m109[0m:[93m8[0m - [91merror[0m[90m TS7006: [0mParameter 'event' implicitly has an 'any' type.

    [7m109[0m       (event) => {
    [7m   [0m [91m       ~~~~~[0m
    [96mpackages/react/src/components/offcanvas/CxOffcanvas.tsx[0m:[93m123[0m:[93m25[0m - [91merror[0m[90m TS7053: [0mElement implicitly has an 'any' type because expression of type 'string' can't be used to index type '{ entering: { visibility: string; }; entered: { visibility: string; }; exiting: { visibility: string; }; exited: { visibility: string; }; }'.
      No index signature with a parameter of type 'string' was found on type '{ entering: { visibility: string; }; entered: { visibility: string; }; exiting: { visibility: string; }; exited: { visibility: string; }; }'.

    [7m123[0m             style={{ ...transitionStyles[state] }}
    [7m   [0m [91m                        ~~~~~~~~~~~~~~~~~~~~~~~[0m

FAIL packages/react/src/components/toast/__tests__/CxToastBody.spec.tsx
  ● Test suite failed to run

    [96mpackages/react/src/components/offcanvas/CxOffcanvas.tsx[0m:[93m109[0m:[93m8[0m - [91merror[0m[90m TS7006: [0mParameter 'event' implicitly has an 'any' type.

    [7m109[0m       (event) => {
    [7m   [0m [91m       ~~~~~[0m
    [96mpackages/react/src/components/offcanvas/CxOffcanvas.tsx[0m:[93m123[0m:[93m25[0m - [91merror[0m[90m TS7053: [0mElement implicitly has an 'any' type because expression of type 'string' can't be used to index type '{ entering: { visibility: string; }; entered: { visibility: string; }; exiting: { visibility: string; }; exited: { visibility: string; }; }'.
      No index signature with a parameter of type 'string' was found on type '{ entering: { visibility: string; }; entered: { visibility: string; }; exiting: { visibility: string; }; exited: { visibility: string; }; }'.

    [7m123[0m             style={{ ...transitionStyles[state] }}
    [7m   [0m [91m                        ~~~~~~~~~~~~~~~~~~~~~~~[0m

FAIL packages/react/src/components/table/__tests__/CxTableDataCell.spec.tsx
  ● Test suite failed to run

    [96mpackages/react/src/components/offcanvas/CxOffcanvas.tsx[0m:[93m109[0m:[93m8[0m - [91merror[0m[90m TS7006: [0mParameter 'event' implicitly has an 'any' type.

    [7m109[0m       (event) => {
    [7m   [0m [91m       ~~~~~[0m
    [96mpackages/react/src/components/offcanvas/CxOffcanvas.tsx[0m:[93m123[0m:[93m25[0m - [91merror[0m[90m TS7053: [0mElement implicitly has an 'any' type because expression of type 'string' can't be used to index type '{ entering: { visibility: string; }; entered: { visibility: string; }; exiting: { visibility: string; }; exited: { visibility: string; }; }'.
      No index signature with a parameter of type 'string' was found on type '{ entering: { visibility: string; }; entered: { visibility: string; }; exiting: { visibility: string; }; exited: { visibility: string; }; }'.

    [7m123[0m             style={{ ...transitionStyles[state] }}
    [7m   [0m [91m                        ~~~~~~~~~~~~~~~~~~~~~~~[0m

FAIL packages/react/src/components/tabs/__tests__/CxTabPane.spec.tsx
  ● Test suite failed to run

    [96mpackages/react/src/components/offcanvas/CxOffcanvas.tsx[0m:[93m109[0m:[93m8[0m - [91merror[0m[90m TS7006: [0mParameter 'event' implicitly has an 'any' type.

    [7m109[0m       (event) => {
    [7m   [0m [91m       ~~~~~[0m
    [96mpackages/react/src/components/offcanvas/CxOffcanvas.tsx[0m:[93m123[0m:[93m25[0m - [91merror[0m[90m TS7053: [0mElement implicitly has an 'any' type because expression of type 'string' can't be used to index type '{ entering: { visibility: string; }; entered: { visibility: string; }; exiting: { visibility: string; }; exited: { visibility: string; }; }'.
      No index signature with a parameter of type 'string' was found on type '{ entering: { visibility: string; }; entered: { visibility: string; }; exiting: { visibility: string; }; exited: { visibility: string; }; }'.

    [7m123[0m             style={{ ...transitionStyles[state] }}
    [7m   [0m [91m                        ~~~~~~~~~~~~~~~~~~~~~~~[0m

FAIL packages/react/src/components/spinner/__tests__/CxSpinner.spec.tsx
  ● Test suite failed to run

    [96mpackages/react/src/components/offcanvas/CxOffcanvas.tsx[0m:[93m109[0m:[93m8[0m - [91merror[0m[90m TS7006: [0mParameter 'event' implicitly has an 'any' type.

    [7m109[0m       (event) => {
    [7m   [0m [91m       ~~~~~[0m
    [96mpackages/react/src/components/offcanvas/CxOffcanvas.tsx[0m:[93m123[0m:[93m25[0m - [91merror[0m[90m TS7053: [0mElement implicitly has an 'any' type because expression of type 'string' can't be used to index type '{ entering: { visibility: string; }; entered: { visibility: string; }; exiting: { visibility: string; }; exited: { visibility: string; }; }'.
      No index signature with a parameter of type 'string' was found on type '{ entering: { visibility: string; }; entered: { visibility: string; }; exiting: { visibility: string; }; exited: { visibility: string; }; }'.

    [7m123[0m             style={{ ...transitionStyles[state] }}
    [7m   [0m [91m                        ~~~~~~~~~~~~~~~~~~~~~~~[0m

FAIL packages/react/src/components/progress/__tests__/CxProgressBar.spec.tsx
  ● Test suite failed to run

    [96mpackages/react/src/components/offcanvas/CxOffcanvas.tsx[0m:[93m109[0m:[93m8[0m - [91merror[0m[90m TS7006: [0mParameter 'event' implicitly has an 'any' type.

    [7m109[0m       (event) => {
    [7m   [0m [91m       ~~~~~[0m
    [96mpackages/react/src/components/offcanvas/CxOffcanvas.tsx[0m:[93m123[0m:[93m25[0m - [91merror[0m[90m TS7053: [0mElement implicitly has an 'any' type because expression of type 'string' can't be used to index type '{ entering: { visibility: string; }; entered: { visibility: string; }; exiting: { visibility: string; }; exited: { visibility: string; }; }'.
      No index signature with a parameter of type 'string' was found on type '{ entering: { visibility: string; }; entered: { visibility: string; }; exiting: { visibility: string; }; exited: { visibility: string; }; }'.

    [7m123[0m             style={{ ...transitionStyles[state] }}
    [7m   [0m [91m                        ~~~~~~~~~~~~~~~~~~~~~~~[0m

FAIL packages/react/src/components/tabs/__tests__/CxTabContent.spec.tsx
  ● Test suite failed to run

    [96mpackages/react/src/components/offcanvas/CxOffcanvas.tsx[0m:[93m109[0m:[93m8[0m - [91merror[0m[90m TS7006: [0mParameter 'event' implicitly has an 'any' type.

    [7m109[0m       (event) => {
    [7m   [0m [91m       ~~~~~[0m
    [96mpackages/react/src/components/offcanvas/CxOffcanvas.tsx[0m:[93m123[0m:[93m25[0m - [91merror[0m[90m TS7053: [0mElement implicitly has an 'any' type because expression of type 'string' can't be used to index type '{ entering: { visibility: string; }; entered: { visibility: string; }; exiting: { visibility: string; }; exited: { visibility: string; }; }'.
      No index signature with a parameter of type 'string' was found on type '{ entering: { visibility: string; }; entered: { visibility: string; }; exiting: { visibility: string; }; exited: { visibility: string; }; }'.

    [7m123[0m             style={{ ...transitionStyles[state] }}
    [7m   [0m [91m                        ~~~~~~~~~~~~~~~~~~~~~~~[0m

FAIL packages/react/src/components/pagination/__tests__/CxPagination.spec.tsx
  ● Test suite failed to run

    [96mpackages/react/src/components/offcanvas/CxOffcanvas.tsx[0m:[93m109[0m:[93m8[0m - [91merror[0m[90m TS7006: [0mParameter 'event' implicitly has an 'any' type.

    [7m109[0m       (event) => {
    [7m   [0m [91m       ~~~~~[0m
    [96mpackages/react/src/components/offcanvas/CxOffcanvas.tsx[0m:[93m123[0m:[93m25[0m - [91merror[0m[90m TS7053: [0mElement implicitly has an 'any' type because expression of type 'string' can't be used to index type '{ entering: { visibility: string; }; entered: { visibility: string; }; exiting: { visibility: string; }; exited: { visibility: string; }; }'.
      No index signature with a parameter of type 'string' was found on type '{ entering: { visibility: string; }; entered: { visibility: string; }; exiting: { visibility: string; }; exited: { visibility: string; }; }'.

    [7m123[0m             style={{ ...transitionStyles[state] }}
    [7m   [0m [91m                        ~~~~~~~~~~~~~~~~~~~~~~~[0m

FAIL packages/react/src/components/progress/__tests__/CxProgress.spec.tsx
  ● Test suite failed to run

    [96mpackages/react/src/components/offcanvas/CxOffcanvas.tsx[0m:[93m109[0m:[93m8[0m - [91merror[0m[90m TS7006: [0mParameter 'event' implicitly has an 'any' type.

    [7m109[0m       (event) => {
    [7m   [0m [91m       ~~~~~[0m
    [96mpackages/react/src/components/offcanvas/CxOffcanvas.tsx[0m:[93m123[0m:[93m25[0m - [91merror[0m[90m TS7053: [0mElement implicitly has an 'any' type because expression of type 'string' can't be used to index type '{ entering: { visibility: string; }; entered: { visibility: string; }; exiting: { visibility: string; }; exited: { visibility: string; }; }'.
      No index signature with a parameter of type 'string' was found on type '{ entering: { visibility: string; }; entered: { visibility: string; }; exiting: { visibility: string; }; exited: { visibility: string; }; }'.

    [7m123[0m             style={{ ...transitionStyles[state] }}
    [7m   [0m [91m                        ~~~~~~~~~~~~~~~~~~~~~~~[0m

FAIL packages/react/src/components/list-group/__tests__/CxListGroupItem.spec.tsx
  ● Test suite failed to run

    [96mpackages/react/src/components/offcanvas/CxOffcanvas.tsx[0m:[93m109[0m:[93m8[0m - [91merror[0m[90m TS7006: [0mParameter 'event' implicitly has an 'any' type.

    [7m109[0m       (event) => {
    [7m   [0m [91m       ~~~~~[0m
    [96mpackages/react/src/components/offcanvas/CxOffcanvas.tsx[0m:[93m123[0m:[93m25[0m - [91merror[0m[90m TS7053: [0mElement implicitly has an 'any' type because expression of type 'string' can't be used to index type '{ entering: { visibility: string; }; entered: { visibility: string; }; exiting: { visibility: string; }; exited: { visibility: string; }; }'.
      No index signature with a parameter of type 'string' was found on type '{ entering: { visibility: string; }; entered: { visibility: string; }; exiting: { visibility: string; }; exited: { visibility: string; }; }'.

    [7m123[0m             style={{ ...transitionStyles[state] }}
    [7m   [0m [91m                        ~~~~~~~~~~~~~~~~~~~~~~~[0m

FAIL packages/react/src/components/pagination/__tests__/CxPaginationItem.spec.tsx
  ● Test suite failed to run

    [96mpackages/react/src/components/offcanvas/CxOffcanvas.tsx[0m:[93m109[0m:[93m8[0m - [91merror[0m[90m TS7006: [0mParameter 'event' implicitly has an 'any' type.

    [7m109[0m       (event) => {
    [7m   [0m [91m       ~~~~~[0m
    [96mpackages/react/src/components/offcanvas/CxOffcanvas.tsx[0m:[93m123[0m:[93m25[0m - [91merror[0m[90m TS7053: [0mElement implicitly has an 'any' type because expression of type 'string' can't be used to index type '{ entering: { visibility: string; }; entered: { visibility: string; }; exiting: { visibility: string; }; exited: { visibility: string; }; }'.
      No index signature with a parameter of type 'string' was found on type '{ entering: { visibility: string; }; entered: { visibility: string; }; exiting: { visibility: string; }; exited: { visibility: string; }; }'.

    [7m123[0m             style={{ ...transitionStyles[state] }}
    [7m   [0m [91m                        ~~~~~~~~~~~~~~~~~~~~~~~[0m

FAIL packages/react/src/components/list-group/__tests__/CxListGroup.spec.tsx
  ● Test suite failed to run

    [96mpackages/react/src/components/offcanvas/CxOffcanvas.tsx[0m:[93m109[0m:[93m8[0m - [91merror[0m[90m TS7006: [0mParameter 'event' implicitly has an 'any' type.

    [7m109[0m       (event) => {
    [7m   [0m [91m       ~~~~~[0m
    [96mpackages/react/src/components/offcanvas/CxOffcanvas.tsx[0m:[93m123[0m:[93m25[0m - [91merror[0m[90m TS7053: [0mElement implicitly has an 'any' type because expression of type 'string' can't be used to index type '{ entering: { visibility: string; }; entered: { visibility: string; }; exiting: { visibility: string; }; exited: { visibility: string; }; }'.
      No index signature with a parameter of type 'string' was found on type '{ entering: { visibility: string; }; entered: { visibility: string; }; exiting: { visibility: string; }; exited: { visibility: string; }; }'.

    [7m123[0m             style={{ ...transitionStyles[state] }}
    [7m   [0m [91m                        ~~~~~~~~~~~~~~~~~~~~~~~[0m

FAIL packages/react/src/components/offcanvas/__tests__/CxOffcanvasTitle.spec.tsx
  ● Test suite failed to run

    [96mpackages/react/src/components/offcanvas/CxOffcanvas.tsx[0m:[93m109[0m:[93m8[0m - [91merror[0m[90m TS7006: [0mParameter 'event' implicitly has an 'any' type.

    [7m109[0m       (event) => {
    [7m   [0m [91m       ~~~~~[0m
    [96mpackages/react/src/components/offcanvas/CxOffcanvas.tsx[0m:[93m123[0m:[93m25[0m - [91merror[0m[90m TS7053: [0mElement implicitly has an 'any' type because expression of type 'string' can't be used to index type '{ entering: { visibility: string; }; entered: { visibility: string; }; exiting: { visibility: string; }; exited: { visibility: string; }; }'.
      No index signature with a parameter of type 'string' was found on type '{ entering: { visibility: string; }; entered: { visibility: string; }; exiting: { visibility: string; }; exited: { visibility: string; }; }'.

    [7m123[0m             style={{ ...transitionStyles[state] }}
    [7m   [0m [91m                        ~~~~~~~~~~~~~~~~~~~~~~~[0m

FAIL packages/react/src/components/offcanvas/__tests__/CxOffcanvasHeader.spec.tsx
  ● Test suite failed to run

    [96mpackages/react/src/components/offcanvas/CxOffcanvas.tsx[0m:[93m109[0m:[93m8[0m - [91merror[0m[90m TS7006: [0mParameter 'event' implicitly has an 'any' type.

    [7m109[0m       (event) => {
    [7m   [0m [91m       ~~~~~[0m
    [96mpackages/react/src/components/offcanvas/CxOffcanvas.tsx[0m:[93m123[0m:[93m25[0m - [91merror[0m[90m TS7053: [0mElement implicitly has an 'any' type because expression of type 'string' can't be used to index type '{ entering: { visibility: string; }; entered: { visibility: string; }; exiting: { visibility: string; }; exited: { visibility: string; }; }'.
      No index signature with a parameter of type 'string' was found on type '{ entering: { visibility: string; }; entered: { visibility: string; }; exiting: { visibility: string; }; exited: { visibility: string; }; }'.

    [7m123[0m             style={{ ...transitionStyles[state] }}
    [7m   [0m [91m                        ~~~~~~~~~~~~~~~~~~~~~~~[0m

FAIL packages/react/src/components/offcanvas/__tests__/CxOffcanvasBody.spec.tsx
  ● Test suite failed to run

    [96mpackages/react/src/components/offcanvas/CxOffcanvas.tsx[0m:[93m109[0m:[93m8[0m - [91merror[0m[90m TS7006: [0mParameter 'event' implicitly has an 'any' type.

    [7m109[0m       (event) => {
    [7m   [0m [91m       ~~~~~[0m
    [96mpackages/react/src/components/offcanvas/CxOffcanvas.tsx[0m:[93m123[0m:[93m25[0m - [91merror[0m[90m TS7053: [0mElement implicitly has an 'any' type because expression of type 'string' can't be used to index type '{ entering: { visibility: string; }; entered: { visibility: string; }; exiting: { visibility: string; }; exited: { visibility: string; }; }'.
      No index signature with a parameter of type 'string' was found on type '{ entering: { visibility: string; }; entered: { visibility: string; }; exiting: { visibility: string; }; exited: { visibility: string; }; }'.

    [7m123[0m             style={{ ...transitionStyles[state] }}
    [7m   [0m [91m                        ~~~~~~~~~~~~~~~~~~~~~~~[0m

FAIL packages/react/src/components/navbar/__tests__/CxNavbarBrand.spec.tsx
  ● Test suite failed to run

    [96mpackages/react/src/components/offcanvas/CxOffcanvas.tsx[0m:[93m109[0m:[93m8[0m - [91merror[0m[90m TS7006: [0mParameter 'event' implicitly has an 'any' type.

    [7m109[0m       (event) => {
    [7m   [0m [91m       ~~~~~[0m
    [96mpackages/react/src/components/offcanvas/CxOffcanvas.tsx[0m:[93m123[0m:[93m25[0m - [91merror[0m[90m TS7053: [0mElement implicitly has an 'any' type because expression of type 'string' can't be used to index type '{ entering: { visibility: string; }; entered: { visibility: string; }; exiting: { visibility: string; }; exited: { visibility: string; }; }'.
      No index signature with a parameter of type 'string' was found on type '{ entering: { visibility: string; }; entered: { visibility: string; }; exiting: { visibility: string; }; exited: { visibility: string; }; }'.

    [7m123[0m             style={{ ...transitionStyles[state] }}
    [7m   [0m [91m                        ~~~~~~~~~~~~~~~~~~~~~~~[0m

FAIL packages/react/src/components/navbar/__tests__/CxNavbarToggler.spec.tsx
  ● Test suite failed to run

    [96mpackages/react/src/components/offcanvas/CxOffcanvas.tsx[0m:[93m109[0m:[93m8[0m - [91merror[0m[90m TS7006: [0mParameter 'event' implicitly has an 'any' type.

    [7m109[0m       (event) => {
    [7m   [0m [91m       ~~~~~[0m
    [96mpackages/react/src/components/offcanvas/CxOffcanvas.tsx[0m:[93m123[0m:[93m25[0m - [91merror[0m[90m TS7053: [0mElement implicitly has an 'any' type because expression of type 'string' can't be used to index type '{ entering: { visibility: string; }; entered: { visibility: string; }; exiting: { visibility: string; }; exited: { visibility: string; }; }'.
      No index signature with a parameter of type 'string' was found on type '{ entering: { visibility: string; }; entered: { visibility: string; }; exiting: { visibility: string; }; exited: { visibility: string; }; }'.

    [7m123[0m             style={{ ...transitionStyles[state] }}
    [7m   [0m [91m                        ~~~~~~~~~~~~~~~~~~~~~~~[0m

FAIL packages/react/src/components/offcanvas/__tests__/CxOffcanvas.spec.tsx
  ● Test suite failed to run

    [96mpackages/react/src/components/offcanvas/CxOffcanvas.tsx[0m:[93m109[0m:[93m8[0m - [91merror[0m[90m TS7006: [0mParameter 'event' implicitly has an 'any' type.

    [7m109[0m       (event) => {
    [7m   [0m [91m       ~~~~~[0m
    [96mpackages/react/src/components/offcanvas/CxOffcanvas.tsx[0m:[93m123[0m:[93m25[0m - [91merror[0m[90m TS7053: [0mElement implicitly has an 'any' type because expression of type 'string' can't be used to index type '{ entering: { visibility: string; }; entered: { visibility: string; }; exiting: { visibility: string; }; exited: { visibility: string; }; }'.
      No index signature with a parameter of type 'string' was found on type '{ entering: { visibility: string; }; entered: { visibility: string; }; exiting: { visibility: string; }; exited: { visibility: string; }; }'.

    [7m123[0m             style={{ ...transitionStyles[state] }}
    [7m   [0m [91m                        ~~~~~~~~~~~~~~~~~~~~~~~[0m

FAIL packages/react/src/components/navbar/__tests__/CxNavbarNav.spec.tsx
  ● Test suite failed to run

    [96mpackages/react/src/components/offcanvas/CxOffcanvas.tsx[0m:[93m109[0m:[93m8[0m - [91merror[0m[90m TS7006: [0mParameter 'event' implicitly has an 'any' type.

    [7m109[0m       (event) => {
    [7m   [0m [91m       ~~~~~[0m
    [96mpackages/react/src/components/offcanvas/CxOffcanvas.tsx[0m:[93m123[0m:[93m25[0m - [91merror[0m[90m TS7053: [0mElement implicitly has an 'any' type because expression of type 'string' can't be used to index type '{ entering: { visibility: string; }; entered: { visibility: string; }; exiting: { visibility: string; }; exited: { visibility: string; }; }'.
      No index signature with a parameter of type 'string' was found on type '{ entering: { visibility: string; }; entered: { visibility: string; }; exiting: { visibility: string; }; exited: { visibility: string; }; }'.

    [7m123[0m             style={{ ...transitionStyles[state] }}
    [7m   [0m [91m                        ~~~~~~~~~~~~~~~~~~~~~~~[0m

FAIL packages/react/src/components/navbar/__tests__/CxNavbarText.spec.tsx
  ● Test suite failed to run

    [96mpackages/react/src/components/offcanvas/CxOffcanvas.tsx[0m:[93m109[0m:[93m8[0m - [91merror[0m[90m TS7006: [0mParameter 'event' implicitly has an 'any' type.

    [7m109[0m       (event) => {
    [7m   [0m [91m       ~~~~~[0m
    [96mpackages/react/src/components/offcanvas/CxOffcanvas.tsx[0m:[93m123[0m:[93m25[0m - [91merror[0m[90m TS7053: [0mElement implicitly has an 'any' type because expression of type 'string' can't be used to index type '{ entering: { visibility: string; }; entered: { visibility: string; }; exiting: { visibility: string; }; exited: { visibility: string; }; }'.
      No index signature with a parameter of type 'string' was found on type '{ entering: { visibility: string; }; entered: { visibility: string; }; exiting: { visibility: string; }; exited: { visibility: string; }; }'.

    [7m123[0m             style={{ ...transitionStyles[state] }}
    [7m   [0m [91m                        ~~~~~~~~~~~~~~~~~~~~~~~[0m

FAIL packages/react/src/components/modal/__tests__/CxModalDialog.spec.tsx
  ● Test suite failed to run

    [96mpackages/react/src/components/offcanvas/CxOffcanvas.tsx[0m:[93m109[0m:[93m8[0m - [91merror[0m[90m TS7006: [0mParameter 'event' implicitly has an 'any' type.

    [7m109[0m       (event) => {
    [7m   [0m [91m       ~~~~~[0m
    [96mpackages/react/src/components/offcanvas/CxOffcanvas.tsx[0m:[93m123[0m:[93m25[0m - [91merror[0m[90m TS7053: [0mElement implicitly has an 'any' type because expression of type 'string' can't be used to index type '{ entering: { visibility: string; }; entered: { visibility: string; }; exiting: { visibility: string; }; exited: { visibility: string; }; }'.
      No index signature with a parameter of type 'string' was found on type '{ entering: { visibility: string; }; entered: { visibility: string; }; exiting: { visibility: string; }; exited: { visibility: string; }; }'.

    [7m123[0m             style={{ ...transitionStyles[state] }}
    [7m   [0m [91m                        ~~~~~~~~~~~~~~~~~~~~~~~[0m

FAIL packages/react/src/components/navbar/__tests__/CxNavbar.spec.tsx
  ● Test suite failed to run

    [96mpackages/react/src/components/offcanvas/CxOffcanvas.tsx[0m:[93m109[0m:[93m8[0m - [91merror[0m[90m TS7006: [0mParameter 'event' implicitly has an 'any' type.

    [7m109[0m       (event) => {
    [7m   [0m [91m       ~~~~~[0m
    [96mpackages/react/src/components/offcanvas/CxOffcanvas.tsx[0m:[93m123[0m:[93m25[0m - [91merror[0m[90m TS7053: [0mElement implicitly has an 'any' type because expression of type 'string' can't be used to index type '{ entering: { visibility: string; }; entered: { visibility: string; }; exiting: { visibility: string; }; exited: { visibility: string; }; }'.
      No index signature with a parameter of type 'string' was found on type '{ entering: { visibility: string; }; entered: { visibility: string; }; exiting: { visibility: string; }; exited: { visibility: string; }; }'.

    [7m123[0m             style={{ ...transitionStyles[state] }}
    [7m   [0m [91m                        ~~~~~~~~~~~~~~~~~~~~~~~[0m

FAIL packages/react/src/components/modal/__tests__/CxModalTitle.spec.tsx
  ● Test suite failed to run

    [96mpackages/react/src/components/offcanvas/CxOffcanvas.tsx[0m:[93m109[0m:[93m8[0m - [91merror[0m[90m TS7006: [0mParameter 'event' implicitly has an 'any' type.

    [7m109[0m       (event) => {
    [7m   [0m [91m       ~~~~~[0m
    [96mpackages/react/src/components/offcanvas/CxOffcanvas.tsx[0m:[93m123[0m:[93m25[0m - [91merror[0m[90m TS7053: [0mElement implicitly has an 'any' type because expression of type 'string' can't be used to index type '{ entering: { visibility: string; }; entered: { visibility: string; }; exiting: { visibility: string; }; exited: { visibility: string; }; }'.
      No index signature with a parameter of type 'string' was found on type '{ entering: { visibility: string; }; entered: { visibility: string; }; exiting: { visibility: string; }; exited: { visibility: string; }; }'.

    [7m123[0m             style={{ ...transitionStyles[state] }}
    [7m   [0m [91m                        ~~~~~~~~~~~~~~~~~~~~~~~[0m

FAIL packages/react/src/components/modal/__tests__/CxModalHeader.spec.tsx
  ● Test suite failed to run

    [96mpackages/react/src/components/offcanvas/CxOffcanvas.tsx[0m:[93m109[0m:[93m8[0m - [91merror[0m[90m TS7006: [0mParameter 'event' implicitly has an 'any' type.

    [7m109[0m       (event) => {
    [7m   [0m [91m       ~~~~~[0m
    [96mpackages/react/src/components/offcanvas/CxOffcanvas.tsx[0m:[93m123[0m:[93m25[0m - [91merror[0m[90m TS7053: [0mElement implicitly has an 'any' type because expression of type 'string' can't be used to index type '{ entering: { visibility: string; }; entered: { visibility: string; }; exiting: { visibility: string; }; exited: { visibility: string; }; }'.
      No index signature with a parameter of type 'string' was found on type '{ entering: { visibility: string; }; entered: { visibility: string; }; exiting: { visibility: string; }; exited: { visibility: string; }; }'.

    [7m123[0m             style={{ ...transitionStyles[state] }}
    [7m   [0m [91m                        ~~~~~~~~~~~~~~~~~~~~~~~[0m

FAIL packages/react/src/components/modal/__tests__/CxModalFooter.spec.tsx
  ● Test suite failed to run

    [96mpackages/react/src/components/offcanvas/CxOffcanvas.tsx[0m:[93m109[0m:[93m8[0m - [91merror[0m[90m TS7006: [0mParameter 'event' implicitly has an 'any' type.

    [7m109[0m       (event) => {
    [7m   [0m [91m       ~~~~~[0m
    [96mpackages/react/src/components/offcanvas/CxOffcanvas.tsx[0m:[93m123[0m:[93m25[0m - [91merror[0m[90m TS7053: [0mElement implicitly has an 'any' type because expression of type 'string' can't be used to index type '{ entering: { visibility: string; }; entered: { visibility: string; }; exiting: { visibility: string; }; exited: { visibility: string; }; }'.
      No index signature with a parameter of type 'string' was found on type '{ entering: { visibility: string; }; entered: { visibility: string; }; exiting: { visibility: string; }; exited: { visibility: string; }; }'.

    [7m123[0m             style={{ ...transitionStyles[state] }}
    [7m   [0m [91m                        ~~~~~~~~~~~~~~~~~~~~~~~[0m

FAIL packages/react/src/components/modal/__tests__/CxModalContent.spec.tsx
  ● Test suite failed to run

    [96mpackages/react/src/components/offcanvas/CxOffcanvas.tsx[0m:[93m109[0m:[93m8[0m - [91merror[0m[90m TS7006: [0mParameter 'event' implicitly has an 'any' type.

    [7m109[0m       (event) => {
    [7m   [0m [91m       ~~~~~[0m
    [96mpackages/react/src/components/offcanvas/CxOffcanvas.tsx[0m:[93m123[0m:[93m25[0m - [91merror[0m[90m TS7053: [0mElement implicitly has an 'any' type because expression of type 'string' can't be used to index type '{ entering: { visibility: string; }; entered: { visibility: string; }; exiting: { visibility: string; }; exited: { visibility: string; }; }'.
      No index signature with a parameter of type 'string' was found on type '{ entering: { visibility: string; }; entered: { visibility: string; }; exiting: { visibility: string; }; exited: { visibility: string; }; }'.

    [7m123[0m             style={{ ...transitionStyles[state] }}
    [7m   [0m [91m                        ~~~~~~~~~~~~~~~~~~~~~~~[0m

FAIL packages/react/src/components/modal/__tests__/CxModalBody.spec.tsx
  ● Test suite failed to run

    [96mpackages/react/src/components/offcanvas/CxOffcanvas.tsx[0m:[93m109[0m:[93m8[0m - [91merror[0m[90m TS7006: [0mParameter 'event' implicitly has an 'any' type.

    [7m109[0m       (event) => {
    [7m   [0m [91m       ~~~~~[0m
    [96mpackages/react/src/components/offcanvas/CxOffcanvas.tsx[0m:[93m123[0m:[93m25[0m - [91merror[0m[90m TS7053: [0mElement implicitly has an 'any' type because expression of type 'string' can't be used to index type '{ entering: { visibility: string; }; entered: { visibility: string; }; exiting: { visibility: string; }; exited: { visibility: string; }; }'.
      No index signature with a parameter of type 'string' was found on type '{ entering: { visibility: string; }; entered: { visibility: string; }; exiting: { visibility: string; }; exited: { visibility: string; }; }'.

    [7m123[0m             style={{ ...transitionStyles[state] }}
    [7m   [0m [91m                        ~~~~~~~~~~~~~~~~~~~~~~~[0m

FAIL packages/react/src/components/modal/__tests__/CxModal.spec.tsx
  ● Test suite failed to run

    [96mpackages/react/src/components/offcanvas/CxOffcanvas.tsx[0m:[93m109[0m:[93m8[0m - [91merror[0m[90m TS7006: [0mParameter 'event' implicitly has an 'any' type.

    [7m109[0m       (event) => {
    [7m   [0m [91m       ~~~~~[0m
    [96mpackages/react/src/components/offcanvas/CxOffcanvas.tsx[0m:[93m123[0m:[93m25[0m - [91merror[0m[90m TS7053: [0mElement implicitly has an 'any' type because expression of type 'string' can't be used to index type '{ entering: { visibility: string; }; entered: { visibility: string; }; exiting: { visibility: string; }; exited: { visibility: string; }; }'.
      No index signature with a parameter of type 'string' was found on type '{ entering: { visibility: string; }; entered: { visibility: string; }; exiting: { visibility: string; }; exited: { visibility: string; }; }'.

    [7m123[0m             style={{ ...transitionStyles[state] }}
    [7m   [0m [91m                        ~~~~~~~~~~~~~~~~~~~~~~~[0m

FAIL packages/react/src/components/notification/__tests__/CxNotificationHeading.spec.tsx
  ● Test suite failed to run

    [96mpackages/react/src/components/offcanvas/CxOffcanvas.tsx[0m:[93m109[0m:[93m8[0m - [91merror[0m[90m TS7006: [0mParameter 'event' implicitly has an 'any' type.

    [7m109[0m       (event) => {
    [7m   [0m [91m       ~~~~~[0m
    [96mpackages/react/src/components/offcanvas/CxOffcanvas.tsx[0m:[93m123[0m:[93m25[0m - [91merror[0m[90m TS7053: [0mElement implicitly has an 'any' type because expression of type 'string' can't be used to index type '{ entering: { visibility: string; }; entered: { visibility: string; }; exiting: { visibility: string; }; exited: { visibility: string; }; }'.
      No index signature with a parameter of type 'string' was found on type '{ entering: { visibility: string; }; entered: { visibility: string; }; exiting: { visibility: string; }; exited: { visibility: string; }; }'.

    [7m123[0m             style={{ ...transitionStyles[state] }}
    [7m   [0m [91m                        ~~~~~~~~~~~~~~~~~~~~~~~[0m

FAIL packages/react/src/components/nav/__tests__/CxNavTitle.spec.tsx
  ● Test suite failed to run

    [96mpackages/react/src/components/offcanvas/CxOffcanvas.tsx[0m:[93m109[0m:[93m8[0m - [91merror[0m[90m TS7006: [0mParameter 'event' implicitly has an 'any' type.

    [7m109[0m       (event) => {
    [7m   [0m [91m       ~~~~~[0m
    [96mpackages/react/src/components/offcanvas/CxOffcanvas.tsx[0m:[93m123[0m:[93m25[0m - [91merror[0m[90m TS7053: [0mElement implicitly has an 'any' type because expression of type 'string' can't be used to index type '{ entering: { visibility: string; }; entered: { visibility: string; }; exiting: { visibility: string; }; exited: { visibility: string; }; }'.
      No index signature with a parameter of type 'string' was found on type '{ entering: { visibility: string; }; entered: { visibility: string; }; exiting: { visibility: string; }; exited: { visibility: string; }; }'.

    [7m123[0m             style={{ ...transitionStyles[state] }}
    [7m   [0m [91m                        ~~~~~~~~~~~~~~~~~~~~~~~[0m

FAIL packages/react/src/components/notification/__tests__/CxNotificationLink.spec.tsx
  ● Test suite failed to run

    [96mpackages/react/src/components/offcanvas/CxOffcanvas.tsx[0m:[93m109[0m:[93m8[0m - [91merror[0m[90m TS7006: [0mParameter 'event' implicitly has an 'any' type.

    [7m109[0m       (event) => {
    [7m   [0m [91m       ~~~~~[0m
    [96mpackages/react/src/components/offcanvas/CxOffcanvas.tsx[0m:[93m123[0m:[93m25[0m - [91merror[0m[90m TS7053: [0mElement implicitly has an 'any' type because expression of type 'string' can't be used to index type '{ entering: { visibility: string; }; entered: { visibility: string; }; exiting: { visibility: string; }; exited: { visibility: string; }; }'.
      No index signature with a parameter of type 'string' was found on type '{ entering: { visibility: string; }; entered: { visibility: string; }; exiting: { visibility: string; }; exited: { visibility: string; }; }'.

    [7m123[0m             style={{ ...transitionStyles[state] }}
    [7m   [0m [91m                        ~~~~~~~~~~~~~~~~~~~~~~~[0m

FAIL packages/react/src/components/notification/__tests__/CxNotification.spec.tsx
  ● Test suite failed to run

    [96mpackages/react/src/components/offcanvas/CxOffcanvas.tsx[0m:[93m109[0m:[93m8[0m - [91merror[0m[90m TS7006: [0mParameter 'event' implicitly has an 'any' type.

    [7m109[0m       (event) => {
    [7m   [0m [91m       ~~~~~[0m
    [96mpackages/react/src/components/offcanvas/CxOffcanvas.tsx[0m:[93m123[0m:[93m25[0m - [91merror[0m[90m TS7053: [0mElement implicitly has an 'any' type because expression of type 'string' can't be used to index type '{ entering: { visibility: string; }; entered: { visibility: string; }; exiting: { visibility: string; }; exited: { visibility: string; }; }'.
      No index signature with a parameter of type 'string' was found on type '{ entering: { visibility: string; }; entered: { visibility: string; }; exiting: { visibility: string; }; exited: { visibility: string; }; }'.

    [7m123[0m             style={{ ...transitionStyles[state] }}
    [7m   [0m [91m                        ~~~~~~~~~~~~~~~~~~~~~~~[0m

FAIL packages/react/src/components/nav/__tests__/CxNavLink.spec.tsx
  ● Test suite failed to run

    [96mpackages/react/src/components/offcanvas/CxOffcanvas.tsx[0m:[93m109[0m:[93m8[0m - [91merror[0m[90m TS7006: [0mParameter 'event' implicitly has an 'any' type.

    [7m109[0m       (event) => {
    [7m   [0m [91m       ~~~~~[0m
    [96mpackages/react/src/components/offcanvas/CxOffcanvas.tsx[0m:[93m123[0m:[93m25[0m - [91merror[0m[90m TS7053: [0mElement implicitly has an 'any' type because expression of type 'string' can't be used to index type '{ entering: { visibility: string; }; entered: { visibility: string; }; exiting: { visibility: string; }; exited: { visibility: string; }; }'.
      No index signature with a parameter of type 'string' was found on type '{ entering: { visibility: string; }; entered: { visibility: string; }; exiting: { visibility: string; }; exited: { visibility: string; }; }'.

    [7m123[0m             style={{ ...transitionStyles[state] }}
    [7m   [0m [91m                        ~~~~~~~~~~~~~~~~~~~~~~~[0m

FAIL packages/react/src/components/image/__tests__/CxImage.spec.tsx
  ● Test suite failed to run

    [96mpackages/react/src/components/offcanvas/CxOffcanvas.tsx[0m:[93m109[0m:[93m8[0m - [91merror[0m[90m TS7006: [0mParameter 'event' implicitly has an 'any' type.

    [7m109[0m       (event) => {
    [7m   [0m [91m       ~~~~~[0m
    [96mpackages/react/src/components/offcanvas/CxOffcanvas.tsx[0m:[93m123[0m:[93m25[0m - [91merror[0m[90m TS7053: [0mElement implicitly has an 'any' type because expression of type 'string' can't be used to index type '{ entering: { visibility: string; }; entered: { visibility: string; }; exiting: { visibility: string; }; exited: { visibility: string; }; }'.
      No index signature with a parameter of type 'string' was found on type '{ entering: { visibility: string; }; entered: { visibility: string; }; exiting: { visibility: string; }; exited: { visibility: string; }; }'.

    [7m123[0m             style={{ ...transitionStyles[state] }}
    [7m   [0m [91m                        ~~~~~~~~~~~~~~~~~~~~~~~[0m

FAIL packages/react/src/components/dropdown/__tests__/CxDropdownToggle.spec.tsx
  ● Test suite failed to run

    [96mpackages/react/src/components/offcanvas/CxOffcanvas.tsx[0m:[93m109[0m:[93m8[0m - [91merror[0m[90m TS7006: [0mParameter 'event' implicitly has an 'any' type.

    [7m109[0m       (event) => {
    [7m   [0m [91m       ~~~~~[0m
    [96mpackages/react/src/components/offcanvas/CxOffcanvas.tsx[0m:[93m123[0m:[93m25[0m - [91merror[0m[90m TS7053: [0mElement implicitly has an 'any' type because expression of type 'string' can't be used to index type '{ entering: { visibility: string; }; entered: { visibility: string; }; exiting: { visibility: string; }; exited: { visibility: string; }; }'.
      No index signature with a parameter of type 'string' was found on type '{ entering: { visibility: string; }; entered: { visibility: string; }; exiting: { visibility: string; }; exited: { visibility: string; }; }'.

    [7m123[0m             style={{ ...transitionStyles[state] }}
    [7m   [0m [91m                        ~~~~~~~~~~~~~~~~~~~~~~~[0m

FAIL packages/react/src/components/link/__tests__/CxLink.spec.tsx
  ● Test suite failed to run

    [96mpackages/react/src/components/offcanvas/CxOffcanvas.tsx[0m:[93m109[0m:[93m8[0m - [91merror[0m[90m TS7006: [0mParameter 'event' implicitly has an 'any' type.

    [7m109[0m       (event) => {
    [7m   [0m [91m       ~~~~~[0m
    [96mpackages/react/src/components/offcanvas/CxOffcanvas.tsx[0m:[93m123[0m:[93m25[0m - [91merror[0m[90m TS7053: [0mElement implicitly has an 'any' type because expression of type 'string' can't be used to index type '{ entering: { visibility: string; }; entered: { visibility: string; }; exiting: { visibility: string; }; exited: { visibility: string; }; }'.
      No index signature with a parameter of type 'string' was found on type '{ entering: { visibility: string; }; entered: { visibility: string; }; exiting: { visibility: string; }; exited: { visibility: string; }; }'.

    [7m123[0m             style={{ ...transitionStyles[state] }}
    [7m   [0m [91m                        ~~~~~~~~~~~~~~~~~~~~~~~[0m

FAIL packages/react/src/components/nav/__tests__/CxNav.spec.tsx
  ● Test suite failed to run

    [96mpackages/react/src/components/offcanvas/CxOffcanvas.tsx[0m:[93m109[0m:[93m8[0m - [91merror[0m[90m TS7006: [0mParameter 'event' implicitly has an 'any' type.

    [7m109[0m       (event) => {
    [7m   [0m [91m       ~~~~~[0m
    [96mpackages/react/src/components/offcanvas/CxOffcanvas.tsx[0m:[93m123[0m:[93m25[0m - [91merror[0m[90m TS7053: [0mElement implicitly has an 'any' type because expression of type 'string' can't be used to index type '{ entering: { visibility: string; }; entered: { visibility: string; }; exiting: { visibility: string; }; exited: { visibility: string; }; }'.
      No index signature with a parameter of type 'string' was found on type '{ entering: { visibility: string; }; entered: { visibility: string; }; exiting: { visibility: string; }; exited: { visibility: string; }; }'.

    [7m123[0m             style={{ ...transitionStyles[state] }}
    [7m   [0m [91m                        ~~~~~~~~~~~~~~~~~~~~~~~[0m

FAIL packages/react/src/components/nav/__tests__/CxNavItem.spec.tsx
  ● Test suite failed to run

    [96mpackages/react/src/components/offcanvas/CxOffcanvas.tsx[0m:[93m109[0m:[93m8[0m - [91merror[0m[90m TS7006: [0mParameter 'event' implicitly has an 'any' type.

    [7m109[0m       (event) => {
    [7m   [0m [91m       ~~~~~[0m
    [96mpackages/react/src/components/offcanvas/CxOffcanvas.tsx[0m:[93m123[0m:[93m25[0m - [91merror[0m[90m TS7053: [0mElement implicitly has an 'any' type because expression of type 'string' can't be used to index type '{ entering: { visibility: string; }; entered: { visibility: string; }; exiting: { visibility: string; }; exited: { visibility: string; }; }'.
      No index signature with a parameter of type 'string' was found on type '{ entering: { visibility: string; }; entered: { visibility: string; }; exiting: { visibility: string; }; exited: { visibility: string; }; }'.

    [7m123[0m             style={{ ...transitionStyles[state] }}
    [7m   [0m [91m                        ~~~~~~~~~~~~~~~~~~~~~~~[0m

FAIL packages/react/src/components/dropdown/__tests__/CxDropdownMenu.spec.tsx
  ● Test suite failed to run

    [96mpackages/react/src/components/offcanvas/CxOffcanvas.tsx[0m:[93m109[0m:[93m8[0m - [91merror[0m[90m TS7006: [0mParameter 'event' implicitly has an 'any' type.

    [7m109[0m       (event) => {
    [7m   [0m [91m       ~~~~~[0m
    [96mpackages/react/src/components/offcanvas/CxOffcanvas.tsx[0m:[93m123[0m:[93m25[0m - [91merror[0m[90m TS7053: [0mElement implicitly has an 'any' type because expression of type 'string' can't be used to index type '{ entering: { visibility: string; }; entered: { visibility: string; }; exiting: { visibility: string; }; exited: { visibility: string; }; }'.
      No index signature with a parameter of type 'string' was found on type '{ entering: { visibility: string; }; entered: { visibility: string; }; exiting: { visibility: string; }; exited: { visibility: string; }; }'.

    [7m123[0m             style={{ ...transitionStyles[state] }}
    [7m   [0m [91m                        ~~~~~~~~~~~~~~~~~~~~~~~[0m

FAIL packages/react/src/components/dropdown/__tests__/CxDropdownItemPlain.spec.tsx
  ● Test suite failed to run

    [96mpackages/react/src/components/offcanvas/CxOffcanvas.tsx[0m:[93m109[0m:[93m8[0m - [91merror[0m[90m TS7006: [0mParameter 'event' implicitly has an 'any' type.

    [7m109[0m       (event) => {
    [7m   [0m [91m       ~~~~~[0m
    [96mpackages/react/src/components/offcanvas/CxOffcanvas.tsx[0m:[93m123[0m:[93m25[0m - [91merror[0m[90m TS7053: [0mElement implicitly has an 'any' type because expression of type 'string' can't be used to index type '{ entering: { visibility: string; }; entered: { visibility: string; }; exiting: { visibility: string; }; exited: { visibility: string; }; }'.
      No index signature with a parameter of type 'string' was found on type '{ entering: { visibility: string; }; entered: { visibility: string; }; exiting: { visibility: string; }; exited: { visibility: string; }; }'.

    [7m123[0m             style={{ ...transitionStyles[state] }}
    [7m   [0m [91m                        ~~~~~~~~~~~~~~~~~~~~~~~[0m

FAIL packages/react/src/components/dropdown/__tests__/CxDropdownItem.spec.tsx
  ● Test suite failed to run

    [96mpackages/react/src/components/offcanvas/CxOffcanvas.tsx[0m:[93m109[0m:[93m8[0m - [91merror[0m[90m TS7006: [0mParameter 'event' implicitly has an 'any' type.

    [7m109[0m       (event) => {
    [7m   [0m [91m       ~~~~~[0m
    [96mpackages/react/src/components/offcanvas/CxOffcanvas.tsx[0m:[93m123[0m:[93m25[0m - [91merror[0m[90m TS7053: [0mElement implicitly has an 'any' type because expression of type 'string' can't be used to index type '{ entering: { visibility: string; }; entered: { visibility: string; }; exiting: { visibility: string; }; exited: { visibility: string; }; }'.
      No index signature with a parameter of type 'string' was found on type '{ entering: { visibility: string; }; entered: { visibility: string; }; exiting: { visibility: string; }; exited: { visibility: string; }; }'.

    [7m123[0m             style={{ ...transitionStyles[state] }}
    [7m   [0m [91m                        ~~~~~~~~~~~~~~~~~~~~~~~[0m

FAIL packages/react/src/components/dropdown/__tests__/CxDropdown.spec.tsx
  ● Test suite failed to run

    [96mpackages/react/src/components/offcanvas/CxOffcanvas.tsx[0m:[93m109[0m:[93m8[0m - [91merror[0m[90m TS7006: [0mParameter 'event' implicitly has an 'any' type.

    [7m109[0m       (event) => {
    [7m   [0m [91m       ~~~~~[0m
    [96mpackages/react/src/components/offcanvas/CxOffcanvas.tsx[0m:[93m123[0m:[93m25[0m - [91merror[0m[90m TS7053: [0mElement implicitly has an 'any' type because expression of type 'string' can't be used to index type '{ entering: { visibility: string; }; entered: { visibility: string; }; exiting: { visibility: string; }; exited: { visibility: string; }; }'.
      No index signature with a parameter of type 'string' was found on type '{ entering: { visibility: string; }; entered: { visibility: string; }; exiting: { visibility: string; }; exited: { visibility: string; }; }'.

    [7m123[0m             style={{ ...transitionStyles[state] }}
    [7m   [0m [91m                        ~~~~~~~~~~~~~~~~~~~~~~~[0m

FAIL packages/react/src/components/dropdown/__tests__/CxDropdownDivider.spec.tsx
  ● Test suite failed to run

    [96mpackages/react/src/components/offcanvas/CxOffcanvas.tsx[0m:[93m109[0m:[93m8[0m - [91merror[0m[90m TS7006: [0mParameter 'event' implicitly has an 'any' type.

    [7m109[0m       (event) => {
    [7m   [0m [91m       ~~~~~[0m
    [96mpackages/react/src/components/offcanvas/CxOffcanvas.tsx[0m:[93m123[0m:[93m25[0m - [91merror[0m[90m TS7053: [0mElement implicitly has an 'any' type because expression of type 'string' can't be used to index type '{ entering: { visibility: string; }; entered: { visibility: string; }; exiting: { visibility: string; }; exited: { visibility: string; }; }'.
      No index signature with a parameter of type 'string' was found on type '{ entering: { visibility: string; }; entered: { visibility: string; }; exiting: { visibility: string; }; exited: { visibility: string; }; }'.

    [7m123[0m             style={{ ...transitionStyles[state] }}
    [7m   [0m [91m                        ~~~~~~~~~~~~~~~~~~~~~~~[0m

FAIL packages/react/src/components/form/__tests__/CxInputGroup.spec.tsx
  ● Test suite failed to run

    [96mpackages/react/src/components/offcanvas/CxOffcanvas.tsx[0m:[93m109[0m:[93m8[0m - [91merror[0m[90m TS7006: [0mParameter 'event' implicitly has an 'any' type.

    [7m109[0m       (event) => {
    [7m   [0m [91m       ~~~~~[0m
    [96mpackages/react/src/components/offcanvas/CxOffcanvas.tsx[0m:[93m123[0m:[93m25[0m - [91merror[0m[90m TS7053: [0mElement implicitly has an 'any' type because expression of type 'string' can't be used to index type '{ entering: { visibility: string; }; entered: { visibility: string; }; exiting: { visibility: string; }; exited: { visibility: string; }; }'.
      No index signature with a parameter of type 'string' was found on type '{ entering: { visibility: string; }; entered: { visibility: string; }; exiting: { visibility: string; }; exited: { visibility: string; }; }'.

    [7m123[0m             style={{ ...transitionStyles[state] }}
    [7m   [0m [91m                        ~~~~~~~~~~~~~~~~~~~~~~~[0m

FAIL packages/react/src/components/dropdown/__tests__/CxDropdownHeader.spec.tsx
  ● Test suite failed to run

    [96mpackages/react/src/components/offcanvas/CxOffcanvas.tsx[0m:[93m109[0m:[93m8[0m - [91merror[0m[90m TS7006: [0mParameter 'event' implicitly has an 'any' type.

    [7m109[0m       (event) => {
    [7m   [0m [91m       ~~~~~[0m
    [96mpackages/react/src/components/offcanvas/CxOffcanvas.tsx[0m:[93m123[0m:[93m25[0m - [91merror[0m[90m TS7053: [0mElement implicitly has an 'any' type because expression of type 'string' can't be used to index type '{ entering: { visibility: string; }; entered: { visibility: string; }; exiting: { visibility: string; }; exited: { visibility: string; }; }'.
      No index signature with a parameter of type 'string' was found on type '{ entering: { visibility: string; }; entered: { visibility: string; }; exiting: { visibility: string; }; exited: { visibility: string; }; }'.

    [7m123[0m             style={{ ...transitionStyles[state] }}
    [7m   [0m [91m                        ~~~~~~~~~~~~~~~~~~~~~~~[0m

FAIL packages/react/src/components/form/__tests__/CxFormSwitch.spec.tsx
  ● Test suite failed to run

    [96mpackages/react/src/components/offcanvas/CxOffcanvas.tsx[0m:[93m109[0m:[93m8[0m - [91merror[0m[90m TS7006: [0mParameter 'event' implicitly has an 'any' type.

    [7m109[0m       (event) => {
    [7m   [0m [91m       ~~~~~[0m
    [96mpackages/react/src/components/offcanvas/CxOffcanvas.tsx[0m:[93m123[0m:[93m25[0m - [91merror[0m[90m TS7053: [0mElement implicitly has an 'any' type because expression of type 'string' can't be used to index type '{ entering: { visibility: string; }; entered: { visibility: string; }; exiting: { visibility: string; }; exited: { visibility: string; }; }'.
      No index signature with a parameter of type 'string' was found on type '{ entering: { visibility: string; }; entered: { visibility: string; }; exiting: { visibility: string; }; exited: { visibility: string; }; }'.

    [7m123[0m             style={{ ...transitionStyles[state] }}
    [7m   [0m [91m                        ~~~~~~~~~~~~~~~~~~~~~~~[0m

FAIL packages/react/src/components/form/__tests__/CxFormTextarea.spec.tsx
  ● Test suite failed to run

    [96mpackages/react/src/components/offcanvas/CxOffcanvas.tsx[0m:[93m109[0m:[93m8[0m - [91merror[0m[90m TS7006: [0mParameter 'event' implicitly has an 'any' type.

    [7m109[0m       (event) => {
    [7m   [0m [91m       ~~~~~[0m
    [96mpackages/react/src/components/offcanvas/CxOffcanvas.tsx[0m:[93m123[0m:[93m25[0m - [91merror[0m[90m TS7053: [0mElement implicitly has an 'any' type because expression of type 'string' can't be used to index type '{ entering: { visibility: string; }; entered: { visibility: string; }; exiting: { visibility: string; }; exited: { visibility: string; }; }'.
      No index signature with a parameter of type 'string' was found on type '{ entering: { visibility: string; }; entered: { visibility: string; }; exiting: { visibility: string; }; exited: { visibility: string; }; }'.

    [7m123[0m             style={{ ...transitionStyles[state] }}
    [7m   [0m [91m                        ~~~~~~~~~~~~~~~~~~~~~~~[0m

FAIL packages/react/src/components/form/__tests__/CxInputGroupText.spec.tsx
  ● Test suite failed to run

    [96mpackages/react/src/components/offcanvas/CxOffcanvas.tsx[0m:[93m109[0m:[93m8[0m - [91merror[0m[90m TS7006: [0mParameter 'event' implicitly has an 'any' type.

    [7m109[0m       (event) => {
    [7m   [0m [91m       ~~~~~[0m
    [96mpackages/react/src/components/offcanvas/CxOffcanvas.tsx[0m:[93m123[0m:[93m25[0m - [91merror[0m[90m TS7053: [0mElement implicitly has an 'any' type because expression of type 'string' can't be used to index type '{ entering: { visibility: string; }; entered: { visibility: string; }; exiting: { visibility: string; }; exited: { visibility: string; }; }'.
      No index signature with a parameter of type 'string' was found on type '{ entering: { visibility: string; }; entered: { visibility: string; }; exiting: { visibility: string; }; exited: { visibility: string; }; }'.

    [7m123[0m             style={{ ...transitionStyles[state] }}
    [7m   [0m [91m                        ~~~~~~~~~~~~~~~~~~~~~~~[0m

FAIL packages/react/src/components/form/__tests__/CxFormText.spec.tsx
  ● Test suite failed to run

    [96mpackages/react/src/components/offcanvas/CxOffcanvas.tsx[0m:[93m109[0m:[93m8[0m - [91merror[0m[90m TS7006: [0mParameter 'event' implicitly has an 'any' type.

    [7m109[0m       (event) => {
    [7m   [0m [91m       ~~~~~[0m
    [96mpackages/react/src/components/offcanvas/CxOffcanvas.tsx[0m:[93m123[0m:[93m25[0m - [91merror[0m[90m TS7053: [0mElement implicitly has an 'any' type because expression of type 'string' can't be used to index type '{ entering: { visibility: string; }; entered: { visibility: string; }; exiting: { visibility: string; }; exited: { visibility: string; }; }'.
      No index signature with a parameter of type 'string' was found on type '{ entering: { visibility: string; }; entered: { visibility: string; }; exiting: { visibility: string; }; exited: { visibility: string; }; }'.

    [7m123[0m             style={{ ...transitionStyles[state] }}
    [7m   [0m [91m                        ~~~~~~~~~~~~~~~~~~~~~~~[0m

FAIL packages/react/src/components/form/__tests__/CxFormSelect.spec.tsx
  ● Test suite failed to run

    [96mpackages/react/src/components/offcanvas/CxOffcanvas.tsx[0m:[93m109[0m:[93m8[0m - [91merror[0m[90m TS7006: [0mParameter 'event' implicitly has an 'any' type.

    [7m109[0m       (event) => {
    [7m   [0m [91m       ~~~~~[0m
    [96mpackages/react/src/components/offcanvas/CxOffcanvas.tsx[0m:[93m123[0m:[93m25[0m - [91merror[0m[90m TS7053: [0mElement implicitly has an 'any' type because expression of type 'string' can't be used to index type '{ entering: { visibility: string; }; entered: { visibility: string; }; exiting: { visibility: string; }; exited: { visibility: string; }; }'.
      No index signature with a parameter of type 'string' was found on type '{ entering: { visibility: string; }; entered: { visibility: string; }; exiting: { visibility: string; }; exited: { visibility: string; }; }'.

    [7m123[0m             style={{ ...transitionStyles[state] }}
    [7m   [0m [91m                        ~~~~~~~~~~~~~~~~~~~~~~~[0m

FAIL packages/react/src/components/form/__tests__/CxFormInput.spec.tsx
  ● Test suite failed to run

    [96mpackages/react/src/components/offcanvas/CxOffcanvas.tsx[0m:[93m109[0m:[93m8[0m - [91merror[0m[90m TS7006: [0mParameter 'event' implicitly has an 'any' type.

    [7m109[0m       (event) => {
    [7m   [0m [91m       ~~~~~[0m
    [96mpackages/react/src/components/offcanvas/CxOffcanvas.tsx[0m:[93m123[0m:[93m25[0m - [91merror[0m[90m TS7053: [0mElement implicitly has an 'any' type because expression of type 'string' can't be used to index type '{ entering: { visibility: string; }; entered: { visibility: string; }; exiting: { visibility: string; }; exited: { visibility: string; }; }'.
      No index signature with a parameter of type 'string' was found on type '{ entering: { visibility: string; }; entered: { visibility: string; }; exiting: { visibility: string; }; exited: { visibility: string; }; }'.

    [7m123[0m             style={{ ...transitionStyles[state] }}
    [7m   [0m [91m                        ~~~~~~~~~~~~~~~~~~~~~~~[0m

FAIL packages/react/src/components/form/__tests__/CxFormFloating.spec.tsx
  ● Test suite failed to run

    [96mpackages/react/src/components/offcanvas/CxOffcanvas.tsx[0m:[93m109[0m:[93m8[0m - [91merror[0m[90m TS7006: [0mParameter 'event' implicitly has an 'any' type.

    [7m109[0m       (event) => {
    [7m   [0m [91m       ~~~~~[0m
    [96mpackages/react/src/components/offcanvas/CxOffcanvas.tsx[0m:[93m123[0m:[93m25[0m - [91merror[0m[90m TS7053: [0mElement implicitly has an 'any' type because expression of type 'string' can't be used to index type '{ entering: { visibility: string; }; entered: { visibility: string; }; exiting: { visibility: string; }; exited: { visibility: string; }; }'.
      No index signature with a parameter of type 'string' was found on type '{ entering: { visibility: string; }; entered: { visibility: string; }; exiting: { visibility: string; }; exited: { visibility: string; }; }'.

    [7m123[0m             style={{ ...transitionStyles[state] }}
    [7m   [0m [91m                        ~~~~~~~~~~~~~~~~~~~~~~~[0m

FAIL packages/react/src/components/form/__tests__/CxFormRange.spec.tsx
  ● Test suite failed to run

    [96mpackages/react/src/components/offcanvas/CxOffcanvas.tsx[0m:[93m109[0m:[93m8[0m - [91merror[0m[90m TS7006: [0mParameter 'event' implicitly has an 'any' type.

    [7m109[0m       (event) => {
    [7m   [0m [91m       ~~~~~[0m
    [96mpackages/react/src/components/offcanvas/CxOffcanvas.tsx[0m:[93m123[0m:[93m25[0m - [91merror[0m[90m TS7053: [0mElement implicitly has an 'any' type because expression of type 'string' can't be used to index type '{ entering: { visibility: string; }; entered: { visibility: string; }; exiting: { visibility: string; }; exited: { visibility: string; }; }'.
      No index signature with a parameter of type 'string' was found on type '{ entering: { visibility: string; }; entered: { visibility: string; }; exiting: { visibility: string; }; exited: { visibility: string; }; }'.

    [7m123[0m             style={{ ...transitionStyles[state] }}
    [7m   [0m [91m                        ~~~~~~~~~~~~~~~~~~~~~~~[0m

FAIL packages/react/src/components/form/__tests__/CxFormLabel.spec.tsx
  ● Test suite failed to run

    [96mpackages/react/src/components/offcanvas/CxOffcanvas.tsx[0m:[93m109[0m:[93m8[0m - [91merror[0m[90m TS7006: [0mParameter 'event' implicitly has an 'any' type.

    [7m109[0m       (event) => {
    [7m   [0m [91m       ~~~~~[0m
    [96mpackages/react/src/components/offcanvas/CxOffcanvas.tsx[0m:[93m123[0m:[93m25[0m - [91merror[0m[90m TS7053: [0mElement implicitly has an 'any' type because expression of type 'string' can't be used to index type '{ entering: { visibility: string; }; entered: { visibility: string; }; exiting: { visibility: string; }; exited: { visibility: string; }; }'.
      No index signature with a parameter of type 'string' was found on type '{ entering: { visibility: string; }; entered: { visibility: string; }; exiting: { visibility: string; }; exited: { visibility: string; }; }'.

    [7m123[0m             style={{ ...transitionStyles[state] }}
    [7m   [0m [91m                        ~~~~~~~~~~~~~~~~~~~~~~~[0m

FAIL packages/react/src/components/form/__tests__/CxFormControl.spec.tsx
  ● Test suite failed to run

    [96mpackages/react/src/components/offcanvas/CxOffcanvas.tsx[0m:[93m109[0m:[93m8[0m - [91merror[0m[90m TS7006: [0mParameter 'event' implicitly has an 'any' type.

    [7m109[0m       (event) => {
    [7m   [0m [91m       ~~~~~[0m
    [96mpackages/react/src/components/offcanvas/CxOffcanvas.tsx[0m:[93m123[0m:[93m25[0m - [91merror[0m[90m TS7053: [0mElement implicitly has an 'any' type because expression of type 'string' can't be used to index type '{ entering: { visibility: string; }; entered: { visibility: string; }; exiting: { visibility: string; }; exited: { visibility: string; }; }'.
      No index signature with a parameter of type 'string' was found on type '{ entering: { visibility: string; }; entered: { visibility: string; }; exiting: { visibility: string; }; exited: { visibility: string; }; }'.

    [7m123[0m             style={{ ...transitionStyles[state] }}
    [7m   [0m [91m                        ~~~~~~~~~~~~~~~~~~~~~~~[0m

FAIL packages/react/src/components/form/__tests__/CxFormFeedback.spec.tsx
  ● Test suite failed to run

    [96mpackages/react/src/components/offcanvas/CxOffcanvas.tsx[0m:[93m109[0m:[93m8[0m - [91merror[0m[90m TS7006: [0mParameter 'event' implicitly has an 'any' type.

    [7m109[0m       (event) => {
    [7m   [0m [91m       ~~~~~[0m
    [96mpackages/react/src/components/offcanvas/CxOffcanvas.tsx[0m:[93m123[0m:[93m25[0m - [91merror[0m[90m TS7053: [0mElement implicitly has an 'any' type because expression of type 'string' can't be used to index type '{ entering: { visibility: string; }; entered: { visibility: string; }; exiting: { visibility: string; }; exited: { visibility: string; }; }'.
      No index signature with a parameter of type 'string' was found on type '{ entering: { visibility: string; }; entered: { visibility: string; }; exiting: { visibility: string; }; exited: { visibility: string; }; }'.

    [7m123[0m             style={{ ...transitionStyles[state] }}
    [7m   [0m [91m                        ~~~~~~~~~~~~~~~~~~~~~~~[0m

FAIL packages/react/src/components/form/__tests__/CxFormCheck.spec.tsx
  ● Test suite failed to run

    [96mpackages/react/src/components/offcanvas/CxOffcanvas.tsx[0m:[93m109[0m:[93m8[0m - [91merror[0m[90m TS7006: [0mParameter 'event' implicitly has an 'any' type.

    [7m109[0m       (event) => {
    [7m   [0m [91m       ~~~~~[0m
    [96mpackages/react/src/components/offcanvas/CxOffcanvas.tsx[0m:[93m123[0m:[93m25[0m - [91merror[0m[90m TS7053: [0mElement implicitly has an 'any' type because expression of type 'string' can't be used to index type '{ entering: { visibility: string; }; entered: { visibility: string; }; exiting: { visibility: string; }; exited: { visibility: string; }; }'.
      No index signature with a parameter of type 'string' was found on type '{ entering: { visibility: string; }; entered: { visibility: string; }; exiting: { visibility: string; }; exited: { visibility: string; }; }'.

    [7m123[0m             style={{ ...transitionStyles[state] }}
    [7m   [0m [91m                        ~~~~~~~~~~~~~~~~~~~~~~~[0m

FAIL packages/react/src/components/form/__tests__/CxForm.spec.tsx
  ● Test suite failed to run

    [96mpackages/react/src/components/offcanvas/CxOffcanvas.tsx[0m:[93m109[0m:[93m8[0m - [91merror[0m[90m TS7006: [0mParameter 'event' implicitly has an 'any' type.

    [7m109[0m       (event) => {
    [7m   [0m [91m       ~~~~~[0m
    [96mpackages/react/src/components/offcanvas/CxOffcanvas.tsx[0m:[93m123[0m:[93m25[0m - [91merror[0m[90m TS7053: [0mElement implicitly has an 'any' type because expression of type 'string' can't be used to index type '{ entering: { visibility: string; }; entered: { visibility: string; }; exiting: { visibility: string; }; exited: { visibility: string; }; }'.
      No index signature with a parameter of type 'string' was found on type '{ entering: { visibility: string; }; entered: { visibility: string; }; exiting: { visibility: string; }; exited: { visibility: string; }; }'.

    [7m123[0m             style={{ ...transitionStyles[state] }}
    [7m   [0m [91m                        ~~~~~~~~~~~~~~~~~~~~~~~[0m

FAIL packages/react/src/components/grid/__tests__/CxRow.spec.tsx
  ● Test suite failed to run

    [96mpackages/react/src/components/offcanvas/CxOffcanvas.tsx[0m:[93m109[0m:[93m8[0m - [91merror[0m[90m TS7006: [0mParameter 'event' implicitly has an 'any' type.

    [7m109[0m       (event) => {
    [7m   [0m [91m       ~~~~~[0m
    [96mpackages/react/src/components/offcanvas/CxOffcanvas.tsx[0m:[93m123[0m:[93m25[0m - [91merror[0m[90m TS7053: [0mElement implicitly has an 'any' type because expression of type 'string' can't be used to index type '{ entering: { visibility: string; }; entered: { visibility: string; }; exiting: { visibility: string; }; exited: { visibility: string; }; }'.
      No index signature with a parameter of type 'string' was found on type '{ entering: { visibility: string; }; entered: { visibility: string; }; exiting: { visibility: string; }; exited: { visibility: string; }; }'.

    [7m123[0m             style={{ ...transitionStyles[state] }}
    [7m   [0m [91m                        ~~~~~~~~~~~~~~~~~~~~~~~[0m

FAIL packages/react/src/components/grid/__tests__/CxContainer.spec.tsx
  ● Test suite failed to run

    [96mpackages/react/src/components/offcanvas/CxOffcanvas.tsx[0m:[93m109[0m:[93m8[0m - [91merror[0m[90m TS7006: [0mParameter 'event' implicitly has an 'any' type.

    [7m109[0m       (event) => {
    [7m   [0m [91m       ~~~~~[0m
    [96mpackages/react/src/components/offcanvas/CxOffcanvas.tsx[0m:[93m123[0m:[93m25[0m - [91merror[0m[90m TS7053: [0mElement implicitly has an 'any' type because expression of type 'string' can't be used to index type '{ entering: { visibility: string; }; entered: { visibility: string; }; exiting: { visibility: string; }; exited: { visibility: string; }; }'.
      No index signature with a parameter of type 'string' was found on type '{ entering: { visibility: string; }; entered: { visibility: string; }; exiting: { visibility: string; }; exited: { visibility: string; }; }'.

    [7m123[0m             style={{ ...transitionStyles[state] }}
    [7m   [0m [91m                        ~~~~~~~~~~~~~~~~~~~~~~~[0m

FAIL packages/react/src/components/close-button/__tests__/CxCloseButton.spec.tsx
  ● Test suite failed to run

    [96mpackages/react/src/components/offcanvas/CxOffcanvas.tsx[0m:[93m109[0m:[93m8[0m - [91merror[0m[90m TS7006: [0mParameter 'event' implicitly has an 'any' type.

    [7m109[0m       (event) => {
    [7m   [0m [91m       ~~~~~[0m
    [96mpackages/react/src/components/offcanvas/CxOffcanvas.tsx[0m:[93m123[0m:[93m25[0m - [91merror[0m[90m TS7053: [0mElement implicitly has an 'any' type because expression of type 'string' can't be used to index type '{ entering: { visibility: string; }; entered: { visibility: string; }; exiting: { visibility: string; }; exited: { visibility: string; }; }'.
      No index signature with a parameter of type 'string' was found on type '{ entering: { visibility: string; }; entered: { visibility: string; }; exiting: { visibility: string; }; exited: { visibility: string; }; }'.

    [7m123[0m             style={{ ...transitionStyles[state] }}
    [7m   [0m [91m                        ~~~~~~~~~~~~~~~~~~~~~~~[0m

FAIL packages/react/src/components/card/__tests__/CxCardText.spec.tsx
  ● Test suite failed to run

    [96mpackages/react/src/components/offcanvas/CxOffcanvas.tsx[0m:[93m109[0m:[93m8[0m - [91merror[0m[90m TS7006: [0mParameter 'event' implicitly has an 'any' type.

    [7m109[0m       (event) => {
    [7m   [0m [91m       ~~~~~[0m
    [96mpackages/react/src/components/offcanvas/CxOffcanvas.tsx[0m:[93m123[0m:[93m25[0m - [91merror[0m[90m TS7053: [0mElement implicitly has an 'any' type because expression of type 'string' can't be used to index type '{ entering: { visibility: string; }; entered: { visibility: string; }; exiting: { visibility: string; }; exited: { visibility: string; }; }'.
      No index signature with a parameter of type 'string' was found on type '{ entering: { visibility: string; }; entered: { visibility: string; }; exiting: { visibility: string; }; exited: { visibility: string; }; }'.

    [7m123[0m             style={{ ...transitionStyles[state] }}
    [7m   [0m [91m                        ~~~~~~~~~~~~~~~~~~~~~~~[0m

FAIL packages/react/src/components/card/__tests__/CxCardTitle.spec.tsx
  ● Test suite failed to run

    [96mpackages/react/src/components/offcanvas/CxOffcanvas.tsx[0m:[93m109[0m:[93m8[0m - [91merror[0m[90m TS7006: [0mParameter 'event' implicitly has an 'any' type.

    [7m109[0m       (event) => {
    [7m   [0m [91m       ~~~~~[0m
    [96mpackages/react/src/components/offcanvas/CxOffcanvas.tsx[0m:[93m123[0m:[93m25[0m - [91merror[0m[90m TS7053: [0mElement implicitly has an 'any' type because expression of type 'string' can't be used to index type '{ entering: { visibility: string; }; entered: { visibility: string; }; exiting: { visibility: string; }; exited: { visibility: string; }; }'.
      No index signature with a parameter of type 'string' was found on type '{ entering: { visibility: string; }; entered: { visibility: string; }; exiting: { visibility: string; }; exited: { visibility: string; }; }'.

    [7m123[0m             style={{ ...transitionStyles[state] }}
    [7m   [0m [91m                        ~~~~~~~~~~~~~~~~~~~~~~~[0m

FAIL packages/react/src/components/card/__tests__/CxCardSubtitle.spec.tsx
  ● Test suite failed to run

    [96mpackages/react/src/components/offcanvas/CxOffcanvas.tsx[0m:[93m109[0m:[93m8[0m - [91merror[0m[90m TS7006: [0mParameter 'event' implicitly has an 'any' type.

    [7m109[0m       (event) => {
    [7m   [0m [91m       ~~~~~[0m
    [96mpackages/react/src/components/offcanvas/CxOffcanvas.tsx[0m:[93m123[0m:[93m25[0m - [91merror[0m[90m TS7053: [0mElement implicitly has an 'any' type because expression of type 'string' can't be used to index type '{ entering: { visibility: string; }; entered: { visibility: string; }; exiting: { visibility: string; }; exited: { visibility: string; }; }'.
      No index signature with a parameter of type 'string' was found on type '{ entering: { visibility: string; }; entered: { visibility: string; }; exiting: { visibility: string; }; exited: { visibility: string; }; }'.

    [7m123[0m             style={{ ...transitionStyles[state] }}
    [7m   [0m [91m                        ~~~~~~~~~~~~~~~~~~~~~~~[0m

FAIL packages/react/src/components/grid/__tests__/CxCol.spec.tsx
  ● Test suite failed to run

    [96mpackages/react/src/components/offcanvas/CxOffcanvas.tsx[0m:[93m109[0m:[93m8[0m - [91merror[0m[90m TS7006: [0mParameter 'event' implicitly has an 'any' type.

    [7m109[0m       (event) => {
    [7m   [0m [91m       ~~~~~[0m
    [96mpackages/react/src/components/offcanvas/CxOffcanvas.tsx[0m:[93m123[0m:[93m25[0m - [91merror[0m[90m TS7053: [0mElement implicitly has an 'any' type because expression of type 'string' can't be used to index type '{ entering: { visibility: string; }; entered: { visibility: string; }; exiting: { visibility: string; }; exited: { visibility: string; }; }'.
      No index signature with a parameter of type 'string' was found on type '{ entering: { visibility: string; }; entered: { visibility: string; }; exiting: { visibility: string; }; exited: { visibility: string; }; }'.

    [7m123[0m             style={{ ...transitionStyles[state] }}
    [7m   [0m [91m                        ~~~~~~~~~~~~~~~~~~~~~~~[0m

FAIL packages/react/src/components/collapse/__tests__/CxCollapse.spec.tsx
  ● Test suite failed to run

    [96mpackages/react/src/components/offcanvas/CxOffcanvas.tsx[0m:[93m109[0m:[93m8[0m - [91merror[0m[90m TS7006: [0mParameter 'event' implicitly has an 'any' type.

    [7m109[0m       (event) => {
    [7m   [0m [91m       ~~~~~[0m
    [96mpackages/react/src/components/offcanvas/CxOffcanvas.tsx[0m:[93m123[0m:[93m25[0m - [91merror[0m[90m TS7053: [0mElement implicitly has an 'any' type because expression of type 'string' can't be used to index type '{ entering: { visibility: string; }; entered: { visibility: string; }; exiting: { visibility: string; }; exited: { visibility: string; }; }'.
      No index signature with a parameter of type 'string' was found on type '{ entering: { visibility: string; }; entered: { visibility: string; }; exiting: { visibility: string; }; exited: { visibility: string; }; }'.

    [7m123[0m             style={{ ...transitionStyles[state] }}
    [7m   [0m [91m                        ~~~~~~~~~~~~~~~~~~~~~~~[0m

FAIL packages/react/src/components/card/__tests__/CxCardLink.spec.tsx
  ● Test suite failed to run

    [96mpackages/react/src/components/offcanvas/CxOffcanvas.tsx[0m:[93m109[0m:[93m8[0m - [91merror[0m[90m TS7006: [0mParameter 'event' implicitly has an 'any' type.

    [7m109[0m       (event) => {
    [7m   [0m [91m       ~~~~~[0m
    [96mpackages/react/src/components/offcanvas/CxOffcanvas.tsx[0m:[93m123[0m:[93m25[0m - [91merror[0m[90m TS7053: [0mElement implicitly has an 'any' type because expression of type 'string' can't be used to index type '{ entering: { visibility: string; }; entered: { visibility: string; }; exiting: { visibility: string; }; exited: { visibility: string; }; }'.
      No index signature with a parameter of type 'string' was found on type '{ entering: { visibility: string; }; entered: { visibility: string; }; exiting: { visibility: string; }; exited: { visibility: string; }; }'.

    [7m123[0m             style={{ ...transitionStyles[state] }}
    [7m   [0m [91m                        ~~~~~~~~~~~~~~~~~~~~~~~[0m

FAIL packages/react/src/components/card/__tests__/CxCardImageOverlay.spec.tsx
  ● Test suite failed to run

    [96mpackages/react/src/components/offcanvas/CxOffcanvas.tsx[0m:[93m109[0m:[93m8[0m - [91merror[0m[90m TS7006: [0mParameter 'event' implicitly has an 'any' type.

    [7m109[0m       (event) => {
    [7m   [0m [91m       ~~~~~[0m
    [96mpackages/react/src/components/offcanvas/CxOffcanvas.tsx[0m:[93m123[0m:[93m25[0m - [91merror[0m[90m TS7053: [0mElement implicitly has an 'any' type because expression of type 'string' can't be used to index type '{ entering: { visibility: string; }; entered: { visibility: string; }; exiting: { visibility: string; }; exited: { visibility: string; }; }'.
      No index signature with a parameter of type 'string' was found on type '{ entering: { visibility: string; }; entered: { visibility: string; }; exiting: { visibility: string; }; exited: { visibility: string; }; }'.

    [7m123[0m             style={{ ...transitionStyles[state] }}
    [7m   [0m [91m                        ~~~~~~~~~~~~~~~~~~~~~~~[0m

FAIL packages/react/src/components/card/__tests__/CxCardImage.spec.tsx
  ● Test suite failed to run

    [96mpackages/react/src/components/offcanvas/CxOffcanvas.tsx[0m:[93m109[0m:[93m8[0m - [91merror[0m[90m TS7006: [0mParameter 'event' implicitly has an 'any' type.

    [7m109[0m       (event) => {
    [7m   [0m [91m       ~~~~~[0m
    [96mpackages/react/src/components/offcanvas/CxOffcanvas.tsx[0m:[93m123[0m:[93m25[0m - [91merror[0m[90m TS7053: [0mElement implicitly has an 'any' type because expression of type 'string' can't be used to index type '{ entering: { visibility: string; }; entered: { visibility: string; }; exiting: { visibility: string; }; exited: { visibility: string; }; }'.
      No index signature with a parameter of type 'string' was found on type '{ entering: { visibility: string; }; entered: { visibility: string; }; exiting: { visibility: string; }; exited: { visibility: string; }; }'.

    [7m123[0m             style={{ ...transitionStyles[state] }}
    [7m   [0m [91m                        ~~~~~~~~~~~~~~~~~~~~~~~[0m

FAIL packages/react/src/components/card/__tests__/CxCardHeader.spec.tsx
  ● Test suite failed to run

    [96mpackages/react/src/components/offcanvas/CxOffcanvas.tsx[0m:[93m109[0m:[93m8[0m - [91merror[0m[90m TS7006: [0mParameter 'event' implicitly has an 'any' type.

    [7m109[0m       (event) => {
    [7m   [0m [91m       ~~~~~[0m
    [96mpackages/react/src/components/offcanvas/CxOffcanvas.tsx[0m:[93m123[0m:[93m25[0m - [91merror[0m[90m TS7053: [0mElement implicitly has an 'any' type because expression of type 'string' can't be used to index type '{ entering: { visibility: string; }; entered: { visibility: string; }; exiting: { visibility: string; }; exited: { visibility: string; }; }'.
      No index signature with a parameter of type 'string' was found on type '{ entering: { visibility: string; }; entered: { visibility: string; }; exiting: { visibility: string; }; exited: { visibility: string; }; }'.

    [7m123[0m             style={{ ...transitionStyles[state] }}
    [7m   [0m [91m                        ~~~~~~~~~~~~~~~~~~~~~~~[0m

FAIL packages/react/src/components/card/__tests__/CxCardBody.spec.tsx
  ● Test suite failed to run

    [96mpackages/react/src/components/offcanvas/CxOffcanvas.tsx[0m:[93m109[0m:[93m8[0m - [91merror[0m[90m TS7006: [0mParameter 'event' implicitly has an 'any' type.

    [7m109[0m       (event) => {
    [7m   [0m [91m       ~~~~~[0m
    [96mpackages/react/src/components/offcanvas/CxOffcanvas.tsx[0m:[93m123[0m:[93m25[0m - [91merror[0m[90m TS7053: [0mElement implicitly has an 'any' type because expression of type 'string' can't be used to index type '{ entering: { visibility: string; }; entered: { visibility: string; }; exiting: { visibility: string; }; exited: { visibility: string; }; }'.
      No index signature with a parameter of type 'string' was found on type '{ entering: { visibility: string; }; entered: { visibility: string; }; exiting: { visibility: string; }; exited: { visibility: string; }; }'.

    [7m123[0m             style={{ ...transitionStyles[state] }}
    [7m   [0m [91m                        ~~~~~~~~~~~~~~~~~~~~~~~[0m

FAIL packages/react/src/components/breadcrumb/__tests__/CxBreadcrumbItem.spec.tsx
  ● Test suite failed to run

    [96mpackages/react/src/components/offcanvas/CxOffcanvas.tsx[0m:[93m109[0m:[93m8[0m - [91merror[0m[90m TS7006: [0mParameter 'event' implicitly has an 'any' type.

    [7m109[0m       (event) => {
    [7m   [0m [91m       ~~~~~[0m
    [96mpackages/react/src/components/offcanvas/CxOffcanvas.tsx[0m:[93m123[0m:[93m25[0m - [91merror[0m[90m TS7053: [0mElement implicitly has an 'any' type because expression of type 'string' can't be used to index type '{ entering: { visibility: string; }; entered: { visibility: string; }; exiting: { visibility: string; }; exited: { visibility: string; }; }'.
      No index signature with a parameter of type 'string' was found on type '{ entering: { visibility: string; }; entered: { visibility: string; }; exiting: { visibility: string; }; exited: { visibility: string; }; }'.

    [7m123[0m             style={{ ...transitionStyles[state] }}
    [7m   [0m [91m                        ~~~~~~~~~~~~~~~~~~~~~~~[0m

FAIL packages/react/src/components/card/__tests__/CxCardGroup.spec.tsx
  ● Test suite failed to run

    [96mpackages/react/src/components/offcanvas/CxOffcanvas.tsx[0m:[93m109[0m:[93m8[0m - [91merror[0m[90m TS7006: [0mParameter 'event' implicitly has an 'any' type.

    [7m109[0m       (event) => {
    [7m   [0m [91m       ~~~~~[0m
    [96mpackages/react/src/components/offcanvas/CxOffcanvas.tsx[0m:[93m123[0m:[93m25[0m - [91merror[0m[90m TS7053: [0mElement implicitly has an 'any' type because expression of type 'string' can't be used to index type '{ entering: { visibility: string; }; entered: { visibility: string; }; exiting: { visibility: string; }; exited: { visibility: string; }; }'.
      No index signature with a parameter of type 'string' was found on type '{ entering: { visibility: string; }; entered: { visibility: string; }; exiting: { visibility: string; }; exited: { visibility: string; }; }'.

    [7m123[0m             style={{ ...transitionStyles[state] }}
    [7m   [0m [91m                        ~~~~~~~~~~~~~~~~~~~~~~~[0m

FAIL packages/react/src/components/card/__tests__/CxCard.spec.tsx
  ● Test suite failed to run

    [96mpackages/react/src/components/offcanvas/CxOffcanvas.tsx[0m:[93m109[0m:[93m8[0m - [91merror[0m[90m TS7006: [0mParameter 'event' implicitly has an 'any' type.

    [7m109[0m       (event) => {
    [7m   [0m [91m       ~~~~~[0m
    [96mpackages/react/src/components/offcanvas/CxOffcanvas.tsx[0m:[93m123[0m:[93m25[0m - [91merror[0m[90m TS7053: [0mElement implicitly has an 'any' type because expression of type 'string' can't be used to index type '{ entering: { visibility: string; }; entered: { visibility: string; }; exiting: { visibility: string; }; exited: { visibility: string; }; }'.
      No index signature with a parameter of type 'string' was found on type '{ entering: { visibility: string; }; entered: { visibility: string; }; exiting: { visibility: string; }; exited: { visibility: string; }; }'.

    [7m123[0m             style={{ ...transitionStyles[state] }}
    [7m   [0m [91m                        ~~~~~~~~~~~~~~~~~~~~~~~[0m

FAIL packages/react/src/components/carousel/__tests__/CxCarousel.spec.tsx
  ● Test suite failed to run

    [96mpackages/react/src/components/offcanvas/CxOffcanvas.tsx[0m:[93m109[0m:[93m8[0m - [91merror[0m[90m TS7006: [0mParameter 'event' implicitly has an 'any' type.

    [7m109[0m       (event) => {
    [7m   [0m [91m       ~~~~~[0m
    [96mpackages/react/src/components/offcanvas/CxOffcanvas.tsx[0m:[93m123[0m:[93m25[0m - [91merror[0m[90m TS7053: [0mElement implicitly has an 'any' type because expression of type 'string' can't be used to index type '{ entering: { visibility: string; }; entered: { visibility: string; }; exiting: { visibility: string; }; exited: { visibility: string; }; }'.
      No index signature with a parameter of type 'string' was found on type '{ entering: { visibility: string; }; entered: { visibility: string; }; exiting: { visibility: string; }; exited: { visibility: string; }; }'.

    [7m123[0m             style={{ ...transitionStyles[state] }}
    [7m   [0m [91m                        ~~~~~~~~~~~~~~~~~~~~~~~[0m

FAIL packages/react/src/components/card/__tests__/CxCardFooter.spec.tsx
  ● Test suite failed to run

    [96mpackages/react/src/components/offcanvas/CxOffcanvas.tsx[0m:[93m109[0m:[93m8[0m - [91merror[0m[90m TS7006: [0mParameter 'event' implicitly has an 'any' type.

    [7m109[0m       (event) => {
    [7m   [0m [91m       ~~~~~[0m
    [96mpackages/react/src/components/offcanvas/CxOffcanvas.tsx[0m:[93m123[0m:[93m25[0m - [91merror[0m[90m TS7053: [0mElement implicitly has an 'any' type because expression of type 'string' can't be used to index type '{ entering: { visibility: string; }; entered: { visibility: string; }; exiting: { visibility: string; }; exited: { visibility: string; }; }'.
      No index signature with a parameter of type 'string' was found on type '{ entering: { visibility: string; }; entered: { visibility: string; }; exiting: { visibility: string; }; exited: { visibility: string; }; }'.

    [7m123[0m             style={{ ...transitionStyles[state] }}
    [7m   [0m [91m                        ~~~~~~~~~~~~~~~~~~~~~~~[0m

FAIL packages/react/src/components/accordion/__tests__/CxAccordionHeader.spec.tsx
  ● Test suite failed to run

    [96mpackages/react/src/components/offcanvas/CxOffcanvas.tsx[0m:[93m109[0m:[93m8[0m - [91merror[0m[90m TS7006: [0mParameter 'event' implicitly has an 'any' type.

    [7m109[0m       (event) => {
    [7m   [0m [91m       ~~~~~[0m
    [96mpackages/react/src/components/offcanvas/CxOffcanvas.tsx[0m:[93m123[0m:[93m25[0m - [91merror[0m[90m TS7053: [0mElement implicitly has an 'any' type because expression of type 'string' can't be used to index type '{ entering: { visibility: string; }; entered: { visibility: string; }; exiting: { visibility: string; }; exited: { visibility: string; }; }'.
      No index signature with a parameter of type 'string' was found on type '{ entering: { visibility: string; }; entered: { visibility: string; }; exiting: { visibility: string; }; exited: { visibility: string; }; }'.

    [7m123[0m             style={{ ...transitionStyles[state] }}
    [7m   [0m [91m                        ~~~~~~~~~~~~~~~~~~~~~~~[0m

FAIL packages/react/src/components/breadcrumb/__tests__/CxBreadcrumb.spec.tsx
  ● Test suite failed to run

    [96mpackages/react/src/components/offcanvas/CxOffcanvas.tsx[0m:[93m109[0m:[93m8[0m - [91merror[0m[90m TS7006: [0mParameter 'event' implicitly has an 'any' type.

    [7m109[0m       (event) => {
    [7m   [0m [91m       ~~~~~[0m
    [96mpackages/react/src/components/offcanvas/CxOffcanvas.tsx[0m:[93m123[0m:[93m25[0m - [91merror[0m[90m TS7053: [0mElement implicitly has an 'any' type because expression of type 'string' can't be used to index type '{ entering: { visibility: string; }; entered: { visibility: string; }; exiting: { visibility: string; }; exited: { visibility: string; }; }'.
      No index signature with a parameter of type 'string' was found on type '{ entering: { visibility: string; }; entered: { visibility: string; }; exiting: { visibility: string; }; exited: { visibility: string; }; }'.

    [7m123[0m             style={{ ...transitionStyles[state] }}
    [7m   [0m [91m                        ~~~~~~~~~~~~~~~~~~~~~~~[0m

FAIL packages/react/src/components/accordion/__tests__/CxAccordionButton.spec.tsx
  ● Test suite failed to run

    [96mpackages/react/src/components/offcanvas/CxOffcanvas.tsx[0m:[93m109[0m:[93m8[0m - [91merror[0m[90m TS7006: [0mParameter 'event' implicitly has an 'any' type.

    [7m109[0m       (event) => {
    [7m   [0m [91m       ~~~~~[0m
    [96mpackages/react/src/components/offcanvas/CxOffcanvas.tsx[0m:[93m123[0m:[93m25[0m - [91merror[0m[90m TS7053: [0mElement implicitly has an 'any' type because expression of type 'string' can't be used to index type '{ entering: { visibility: string; }; entered: { visibility: string; }; exiting: { visibility: string; }; exited: { visibility: string; }; }'.
      No index signature with a parameter of type 'string' was found on type '{ entering: { visibility: string; }; entered: { visibility: string; }; exiting: { visibility: string; }; exited: { visibility: string; }; }'.

    [7m123[0m             style={{ ...transitionStyles[state] }}
    [7m   [0m [91m                        ~~~~~~~~~~~~~~~~~~~~~~~[0m

FAIL packages/react/src/components/accordion/__tests__/CxAccordionBody.spec.tsx
  ● Test suite failed to run

    [96mpackages/react/src/components/offcanvas/CxOffcanvas.tsx[0m:[93m109[0m:[93m8[0m - [91merror[0m[90m TS7006: [0mParameter 'event' implicitly has an 'any' type.

    [7m109[0m       (event) => {
    [7m   [0m [91m       ~~~~~[0m
    [96mpackages/react/src/components/offcanvas/CxOffcanvas.tsx[0m:[93m123[0m:[93m25[0m - [91merror[0m[90m TS7053: [0mElement implicitly has an 'any' type because expression of type 'string' can't be used to index type '{ entering: { visibility: string; }; entered: { visibility: string; }; exiting: { visibility: string; }; exited: { visibility: string; }; }'.
      No index signature with a parameter of type 'string' was found on type '{ entering: { visibility: string; }; entered: { visibility: string; }; exiting: { visibility: string; }; exited: { visibility: string; }; }'.

    [7m123[0m             style={{ ...transitionStyles[state] }}
    [7m   [0m [91m                        ~~~~~~~~~~~~~~~~~~~~~~~[0m

FAIL packages/react/src/components/button-group/__tests__/CxButtonToolbar.spec.tsx
  ● Test suite failed to run

    [96mpackages/react/src/components/offcanvas/CxOffcanvas.tsx[0m:[93m109[0m:[93m8[0m - [91merror[0m[90m TS7006: [0mParameter 'event' implicitly has an 'any' type.

    [7m109[0m       (event) => {
    [7m   [0m [91m       ~~~~~[0m
    [96mpackages/react/src/components/offcanvas/CxOffcanvas.tsx[0m:[93m123[0m:[93m25[0m - [91merror[0m[90m TS7053: [0mElement implicitly has an 'any' type because expression of type 'string' can't be used to index type '{ entering: { visibility: string; }; entered: { visibility: string; }; exiting: { visibility: string; }; exited: { visibility: string; }; }'.
      No index signature with a parameter of type 'string' was found on type '{ entering: { visibility: string; }; entered: { visibility: string; }; exiting: { visibility: string; }; exited: { visibility: string; }; }'.

    [7m123[0m             style={{ ...transitionStyles[state] }}
    [7m   [0m [91m                        ~~~~~~~~~~~~~~~~~~~~~~~[0m

FAIL packages/react/src/components/accordion/__tests__/CxAccordionCollapse.spec.tsx
  ● Test suite failed to run

    [96mpackages/react/src/components/offcanvas/CxOffcanvas.tsx[0m:[93m109[0m:[93m8[0m - [91merror[0m[90m TS7006: [0mParameter 'event' implicitly has an 'any' type.

    [7m109[0m       (event) => {
    [7m   [0m [91m       ~~~~~[0m
    [96mpackages/react/src/components/offcanvas/CxOffcanvas.tsx[0m:[93m123[0m:[93m25[0m - [91merror[0m[90m TS7053: [0mElement implicitly has an 'any' type because expression of type 'string' can't be used to index type '{ entering: { visibility: string; }; entered: { visibility: string; }; exiting: { visibility: string; }; exited: { visibility: string; }; }'.
      No index signature with a parameter of type 'string' was found on type '{ entering: { visibility: string; }; entered: { visibility: string; }; exiting: { visibility: string; }; exited: { visibility: string; }; }'.

    [7m123[0m             style={{ ...transitionStyles[state] }}
    [7m   [0m [91m                        ~~~~~~~~~~~~~~~~~~~~~~~[0m

FAIL packages/react/src/components/accordion/__tests__/CxAccordionItem.spec.tsx
  ● Test suite failed to run

    [96mpackages/react/src/components/offcanvas/CxOffcanvas.tsx[0m:[93m109[0m:[93m8[0m - [91merror[0m[90m TS7006: [0mParameter 'event' implicitly has an 'any' type.

    [7m109[0m       (event) => {
    [7m   [0m [91m       ~~~~~[0m
    [96mpackages/react/src/components/offcanvas/CxOffcanvas.tsx[0m:[93m123[0m:[93m25[0m - [91merror[0m[90m TS7053: [0mElement implicitly has an 'any' type because expression of type 'string' can't be used to index type '{ entering: { visibility: string; }; entered: { visibility: string; }; exiting: { visibility: string; }; exited: { visibility: string; }; }'.
      No index signature with a parameter of type 'string' was found on type '{ entering: { visibility: string; }; entered: { visibility: string; }; exiting: { visibility: string; }; exited: { visibility: string; }; }'.

    [7m123[0m             style={{ ...transitionStyles[state] }}
    [7m   [0m [91m                        ~~~~~~~~~~~~~~~~~~~~~~~[0m

FAIL packages/react/src/components/accordion/__tests__/CxAccordion.spec.tsx
  ● Test suite failed to run

    [96mpackages/react/src/components/offcanvas/CxOffcanvas.tsx[0m:[93m109[0m:[93m8[0m - [91merror[0m[90m TS7006: [0mParameter 'event' implicitly has an 'any' type.

    [7m109[0m       (event) => {
    [7m   [0m [91m       ~~~~~[0m
    [96mpackages/react/src/components/offcanvas/CxOffcanvas.tsx[0m:[93m123[0m:[93m25[0m - [91merror[0m[90m TS7053: [0mElement implicitly has an 'any' type because expression of type 'string' can't be used to index type '{ entering: { visibility: string; }; entered: { visibility: string; }; exiting: { visibility: string; }; exited: { visibility: string; }; }'.
      No index signature with a parameter of type 'string' was found on type '{ entering: { visibility: string; }; entered: { visibility: string; }; exiting: { visibility: string; }; exited: { visibility: string; }; }'.

    [7m123[0m             style={{ ...transitionStyles[state] }}
    [7m   [0m [91m                        ~~~~~~~~~~~~~~~~~~~~~~~[0m

FAIL packages/react/src/components/button-group/__tests__/CxButtonGroup.spec.tsx
  ● Test suite failed to run

    [96mpackages/react/src/components/offcanvas/CxOffcanvas.tsx[0m:[93m109[0m:[93m8[0m - [91merror[0m[90m TS7006: [0mParameter 'event' implicitly has an 'any' type.

    [7m109[0m       (event) => {
    [7m   [0m [91m       ~~~~~[0m
    [96mpackages/react/src/components/offcanvas/CxOffcanvas.tsx[0m:[93m123[0m:[93m25[0m - [91merror[0m[90m TS7053: [0mElement implicitly has an 'any' type because expression of type 'string' can't be used to index type '{ entering: { visibility: string; }; entered: { visibility: string; }; exiting: { visibility: string; }; exited: { visibility: string; }; }'.
      No index signature with a parameter of type 'string' was found on type '{ entering: { visibility: string; }; entered: { visibility: string; }; exiting: { visibility: string; }; exited: { visibility: string; }; }'.

    [7m123[0m             style={{ ...transitionStyles[state] }}
    [7m   [0m [91m                        ~~~~~~~~~~~~~~~~~~~~~~~[0m

FAIL packages/react/src/components/button/__tests__/CxButton.spec.tsx
  ● Test suite failed to run

    [96mpackages/react/src/components/offcanvas/CxOffcanvas.tsx[0m:[93m109[0m:[93m8[0m - [91merror[0m[90m TS7006: [0mParameter 'event' implicitly has an 'any' type.

    [7m109[0m       (event) => {
    [7m   [0m [91m       ~~~~~[0m
    [96mpackages/react/src/components/offcanvas/CxOffcanvas.tsx[0m:[93m123[0m:[93m25[0m - [91merror[0m[90m TS7053: [0mElement implicitly has an 'any' type because expression of type 'string' can't be used to index type '{ entering: { visibility: string; }; entered: { visibility: string; }; exiting: { visibility: string; }; exited: { visibility: string; }; }'.
      No index signature with a parameter of type 'string' was found on type '{ entering: { visibility: string; }; entered: { visibility: string; }; exiting: { visibility: string; }; exited: { visibility: string; }; }'.

    [7m123[0m             style={{ ...transitionStyles[state] }}
    [7m   [0m [91m                        ~~~~~~~~~~~~~~~~~~~~~~~[0m

FAIL packages/react/src/components/backdrop/__tests__/CxBackdrop.spec.tsx
  ● Test suite failed to run

    [96mpackages/react/src/components/offcanvas/CxOffcanvas.tsx[0m:[93m109[0m:[93m8[0m - [91merror[0m[90m TS7006: [0mParameter 'event' implicitly has an 'any' type.

    [7m109[0m       (event) => {
    [7m   [0m [91m       ~~~~~[0m
    [96mpackages/react/src/components/offcanvas/CxOffcanvas.tsx[0m:[93m123[0m:[93m25[0m - [91merror[0m[90m TS7053: [0mElement implicitly has an 'any' type because expression of type 'string' can't be used to index type '{ entering: { visibility: string; }; entered: { visibility: string; }; exiting: { visibility: string; }; exited: { visibility: string; }; }'.
      No index signature with a parameter of type 'string' was found on type '{ entering: { visibility: string; }; entered: { visibility: string; }; exiting: { visibility: string; }; exited: { visibility: string; }; }'.

    [7m123[0m             style={{ ...transitionStyles[state] }}
    [7m   [0m [91m                        ~~~~~~~~~~~~~~~~~~~~~~~[0m

FAIL packages/react/src/components/button/__tests__/CxButtonClose.spec.tsx
  ● Test suite failed to run

    [96mpackages/react/src/components/offcanvas/CxOffcanvas.tsx[0m:[93m109[0m:[93m8[0m - [91merror[0m[90m TS7006: [0mParameter 'event' implicitly has an 'any' type.

    [7m109[0m       (event) => {
    [7m   [0m [91m       ~~~~~[0m
    [96mpackages/react/src/components/offcanvas/CxOffcanvas.tsx[0m:[93m123[0m:[93m25[0m - [91merror[0m[90m TS7053: [0mElement implicitly has an 'any' type because expression of type 'string' can't be used to index type '{ entering: { visibility: string; }; entered: { visibility: string; }; exiting: { visibility: string; }; exited: { visibility: string; }; }'.
      No index signature with a parameter of type 'string' was found on type '{ entering: { visibility: string; }; entered: { visibility: string; }; exiting: { visibility: string; }; exited: { visibility: string; }; }'.

    [7m123[0m             style={{ ...transitionStyles[state] }}
    [7m   [0m [91m                        ~~~~~~~~~~~~~~~~~~~~~~~[0m

FAIL packages/react/src/components/badge/__tests__/CxBadge.spec.tsx
  ● Test suite failed to run

    [96mpackages/react/src/components/offcanvas/CxOffcanvas.tsx[0m:[93m109[0m:[93m8[0m - [91merror[0m[90m TS7006: [0mParameter 'event' implicitly has an 'any' type.

    [7m109[0m       (event) => {
    [7m   [0m [91m       ~~~~~[0m
    [96mpackages/react/src/components/offcanvas/CxOffcanvas.tsx[0m:[93m123[0m:[93m25[0m - [91merror[0m[90m TS7053: [0mElement implicitly has an 'any' type because expression of type 'string' can't be used to index type '{ entering: { visibility: string; }; entered: { visibility: string; }; exiting: { visibility: string; }; exited: { visibility: string; }; }'.
      No index signature with a parameter of type 'string' was found on type '{ entering: { visibility: string; }; entered: { visibility: string; }; exiting: { visibility: string; }; exited: { visibility: string; }; }'.

    [7m123[0m             style={{ ...transitionStyles[state] }}
    [7m   [0m [91m                        ~~~~~~~~~~~~~~~~~~~~~~~[0m

Summary of all failing tests
FAIL packages/react/src/components/placeholder/__tests__/CxPlaceholder.spec.tsx
  ● Test suite failed to run

    [96mpackages/react/src/components/offcanvas/CxOffcanvas.tsx[0m:[93m109[0m:[93m8[0m - [91merror[0m[90m TS7006: [0mParameter 'event' implicitly has an 'any' type.

    [7m109[0m       (event) => {
    [7m   [0m [91m       ~~~~~[0m
    [96mpackages/react/src/components/offcanvas/CxOffcanvas.tsx[0m:[93m123[0m:[93m25[0m - [91merror[0m[90m TS7053: [0mElement implicitly has an 'any' type because expression of type 'string' can't be used to index type '{ entering: { visibility: string; }; entered: { visibility: string; }; exiting: { visibility: string; }; exited: { visibility: string; }; }'.
      No index signature with a parameter of type 'string' was found on type '{ entering: { visibility: string; }; entered: { visibility: string; }; exiting: { visibility: string; }; exited: { visibility: string; }; }'.

    [7m123[0m             style={{ ...transitionStyles[state] }}
    [7m   [0m [91m                        ~~~~~~~~~~~~~~~~~~~~~~~[0m

FAIL packages/react/src/components/table/__tests__/CxTableBody.spec.tsx
  ● Test suite failed to run

    [96mpackages/react/src/components/offcanvas/CxOffcanvas.tsx[0m:[93m109[0m:[93m8[0m - [91merror[0m[90m TS7006: [0mParameter 'event' implicitly has an 'any' type.

    [7m109[0m       (event) => {
    [7m   [0m [91m       ~~~~~[0m
    [96mpackages/react/src/components/offcanvas/CxOffcanvas.tsx[0m:[93m123[0m:[93m25[0m - [91merror[0m[90m TS7053: [0mElement implicitly has an 'any' type because expression of type 'string' can't be used to index type '{ entering: { visibility: string; }; entered: { visibility: string; }; exiting: { visibility: string; }; exited: { visibility: string; }; }'.
      No index signature with a parameter of type 'string' was found on type '{ entering: { visibility: string; }; entered: { visibility: string; }; exiting: { visibility: string; }; exited: { visibility: string; }; }'.

    [7m123[0m             style={{ ...transitionStyles[state] }}
    [7m   [0m [91m                        ~~~~~~~~~~~~~~~~~~~~~~~[0m

FAIL packages/react/src/components/table/__tests__/CxTableRow.spec.tsx
  ● Test suite failed to run

    [96mpackages/react/src/components/offcanvas/CxOffcanvas.tsx[0m:[93m109[0m:[93m8[0m - [91merror[0m[90m TS7006: [0mParameter 'event' implicitly has an 'any' type.

    [7m109[0m       (event) => {
    [7m   [0m [91m       ~~~~~[0m
    [96mpackages/react/src/components/offcanvas/CxOffcanvas.tsx[0m:[93m123[0m:[93m25[0m - [91merror[0m[90m TS7053: [0mElement implicitly has an 'any' type because expression of type 'string' can't be used to index type '{ entering: { visibility: string; }; entered: { visibility: string; }; exiting: { visibility: string; }; exited: { visibility: string; }; }'.
      No index signature with a parameter of type 'string' was found on type '{ entering: { visibility: string; }; entered: { visibility: string; }; exiting: { visibility: string; }; exited: { visibility: string; }; }'.

    [7m123[0m             style={{ ...transitionStyles[state] }}
    [7m   [0m [91m                        ~~~~~~~~~~~~~~~~~~~~~~~[0m

FAIL packages/react/src/components/table/__tests__/CxTable.spec.tsx
  ● Test suite failed to run

    [96mpackages/react/src/components/offcanvas/CxOffcanvas.tsx[0m:[93m109[0m:[93m8[0m - [91merror[0m[90m TS7006: [0mParameter 'event' implicitly has an 'any' type.

    [7m109[0m       (event) => {
    [7m   [0m [91m       ~~~~~[0m
    [96mpackages/react/src/components/offcanvas/CxOffcanvas.tsx[0m:[93m123[0m:[93m25[0m - [91merror[0m[90m TS7053: [0mElement implicitly has an 'any' type because expression of type 'string' can't be used to index type '{ entering: { visibility: string; }; entered: { visibility: string; }; exiting: { visibility: string; }; exited: { visibility: string; }; }'.
      No index signature with a parameter of type 'string' was found on type '{ entering: { visibility: string; }; entered: { visibility: string; }; exiting: { visibility: string; }; exited: { visibility: string; }; }'.

    [7m123[0m             style={{ ...transitionStyles[state] }}
    [7m   [0m [91m                        ~~~~~~~~~~~~~~~~~~~~~~~[0m

FAIL packages/react/src/components/table/__tests__/CxTableHead.spec.tsx
  ● Test suite failed to run

    [96mpackages/react/src/components/offcanvas/CxOffcanvas.tsx[0m:[93m109[0m:[93m8[0m - [91merror[0m[90m TS7006: [0mParameter 'event' implicitly has an 'any' type.

    [7m109[0m       (event) => {
    [7m   [0m [91m       ~~~~~[0m
    [96mpackages/react/src/components/offcanvas/CxOffcanvas.tsx[0m:[93m123[0m:[93m25[0m - [91merror[0m[90m TS7053: [0mElement implicitly has an 'any' type because expression of type 'string' can't be used to index type '{ entering: { visibility: string; }; entered: { visibility: string; }; exiting: { visibility: string; }; exited: { visibility: string; }; }'.
      No index signature with a parameter of type 'string' was found on type '{ entering: { visibility: string; }; entered: { visibility: string; }; exiting: { visibility: string; }; exited: { visibility: string; }; }'.

    [7m123[0m             style={{ ...transitionStyles[state] }}
    [7m   [0m [91m                        ~~~~~~~~~~~~~~~~~~~~~~~[0m

FAIL packages/react/src/components/table/__tests__/CxTableCaption.spec.tsx
  ● Test suite failed to run

    [96mpackages/react/src/components/offcanvas/CxOffcanvas.tsx[0m:[93m109[0m:[93m8[0m - [91merror[0m[90m TS7006: [0mParameter 'event' implicitly has an 'any' type.

    [7m109[0m       (event) => {
    [7m   [0m [91m       ~~~~~[0m
    [96mpackages/react/src/components/offcanvas/CxOffcanvas.tsx[0m:[93m123[0m:[93m25[0m - [91merror[0m[90m TS7053: [0mElement implicitly has an 'any' type because expression of type 'string' can't be used to index type '{ entering: { visibility: string; }; entered: { visibility: string; }; exiting: { visibility: string; }; exited: { visibility: string; }; }'.
      No index signature with a parameter of type 'string' was found on type '{ entering: { visibility: string; }; entered: { visibility: string; }; exiting: { visibility: string; }; exited: { visibility: string; }; }'.

    [7m123[0m             style={{ ...transitionStyles[state] }}
    [7m   [0m [91m                        ~~~~~~~~~~~~~~~~~~~~~~~[0m

FAIL packages/react/src/components/popover/__tests__/CxPopover.spec.tsx
  ● Test suite failed to run

    [96mpackages/react/src/components/offcanvas/CxOffcanvas.tsx[0m:[93m109[0m:[93m8[0m - [91merror[0m[90m TS7006: [0mParameter 'event' implicitly has an 'any' type.

    [7m109[0m       (event) => {
    [7m   [0m [91m       ~~~~~[0m
    [96mpackages/react/src/components/offcanvas/CxOffcanvas.tsx[0m:[93m123[0m:[93m25[0m - [91merror[0m[90m TS7053: [0mElement implicitly has an 'any' type because expression of type 'string' can't be used to index type '{ entering: { visibility: string; }; entered: { visibility: string; }; exiting: { visibility: string; }; exited: { visibility: string; }; }'.
      No index signature with a parameter of type 'string' was found on type '{ entering: { visibility: string; }; entered: { visibility: string; }; exiting: { visibility: string; }; exited: { visibility: string; }; }'.

    [7m123[0m             style={{ ...transitionStyles[state] }}
    [7m   [0m [91m                        ~~~~~~~~~~~~~~~~~~~~~~~[0m

FAIL packages/react/src/components/table/__tests__/CxTableFoot.spec.tsx
  ● Test suite failed to run

    [96mpackages/react/src/components/offcanvas/CxOffcanvas.tsx[0m:[93m109[0m:[93m8[0m - [91merror[0m[90m TS7006: [0mParameter 'event' implicitly has an 'any' type.

    [7m109[0m       (event) => {
    [7m   [0m [91m       ~~~~~[0m
    [96mpackages/react/src/components/offcanvas/CxOffcanvas.tsx[0m:[93m123[0m:[93m25[0m - [91merror[0m[90m TS7053: [0mElement implicitly has an 'any' type because expression of type 'string' can't be used to index type '{ entering: { visibility: string; }; entered: { visibility: string; }; exiting: { visibility: string; }; exited: { visibility: string; }; }'.
      No index signature with a parameter of type 'string' was found on type '{ entering: { visibility: string; }; entered: { visibility: string; }; exiting: { visibility: string; }; exited: { visibility: string; }; }'.

    [7m123[0m             style={{ ...transitionStyles[state] }}
    [7m   [0m [91m                        ~~~~~~~~~~~~~~~~~~~~~~~[0m

FAIL packages/react/src/components/tooltip/__tests__/CxTooltip.spec.tsx
  ● Test suite failed to run

    [96mpackages/react/src/components/offcanvas/CxOffcanvas.tsx[0m:[93m109[0m:[93m8[0m - [91merror[0m[90m TS7006: [0mParameter 'event' implicitly has an 'any' type.

    [7m109[0m       (event) => {
    [7m   [0m [91m       ~~~~~[0m
    [96mpackages/react/src/components/offcanvas/CxOffcanvas.tsx[0m:[93m123[0m:[93m25[0m - [91merror[0m[90m TS7053: [0mElement implicitly has an 'any' type because expression of type 'string' can't be used to index type '{ entering: { visibility: string; }; entered: { visibility: string; }; exiting: { visibility: string; }; exited: { visibility: string; }; }'.
      No index signature with a parameter of type 'string' was found on type '{ entering: { visibility: string; }; entered: { visibility: string; }; exiting: { visibility: string; }; exited: { visibility: string; }; }'.

    [7m123[0m             style={{ ...transitionStyles[state] }}
    [7m   [0m [91m                        ~~~~~~~~~~~~~~~~~~~~~~~[0m

FAIL packages/react/src/components/toast/__tests__/CxToaster.spec.tsx
  ● Test suite failed to run

    [96mpackages/react/src/components/offcanvas/CxOffcanvas.tsx[0m:[93m109[0m:[93m8[0m - [91merror[0m[90m TS7006: [0mParameter 'event' implicitly has an 'any' type.

    [7m109[0m       (event) => {
    [7m   [0m [91m       ~~~~~[0m
    [96mpackages/react/src/components/offcanvas/CxOffcanvas.tsx[0m:[93m123[0m:[93m25[0m - [91merror[0m[90m TS7053: [0mElement implicitly has an 'any' type because expression of type 'string' can't be used to index type '{ entering: { visibility: string; }; entered: { visibility: string; }; exiting: { visibility: string; }; exited: { visibility: string; }; }'.
      No index signature with a parameter of type 'string' was found on type '{ entering: { visibility: string; }; entered: { visibility: string; }; exiting: { visibility: string; }; exited: { visibility: string; }; }'.

    [7m123[0m             style={{ ...transitionStyles[state] }}
    [7m   [0m [91m                        ~~~~~~~~~~~~~~~~~~~~~~~[0m

FAIL packages/react/src/components/toast/__tests__/CxToastHeader.spec.tsx
  ● Test suite failed to run

    [96mpackages/react/src/components/offcanvas/CxOffcanvas.tsx[0m:[93m109[0m:[93m8[0m - [91merror[0m[90m TS7006: [0mParameter 'event' implicitly has an 'any' type.

    [7m109[0m       (event) => {
    [7m   [0m [91m       ~~~~~[0m
    [96mpackages/react/src/components/offcanvas/CxOffcanvas.tsx[0m:[93m123[0m:[93m25[0m - [91merror[0m[90m TS7053: [0mElement implicitly has an 'any' type because expression of type 'string' can't be used to index type '{ entering: { visibility: string; }; entered: { visibility: string; }; exiting: { visibility: string; }; exited: { visibility: string; }; }'.
      No index signature with a parameter of type 'string' was found on type '{ entering: { visibility: string; }; entered: { visibility: string; }; exiting: { visibility: string; }; exited: { visibility: string; }; }'.

    [7m123[0m             style={{ ...transitionStyles[state] }}
    [7m   [0m [91m                        ~~~~~~~~~~~~~~~~~~~~~~~[0m

FAIL packages/react/src/components/table/__tests__/CxTableHeaderCell.spec.tsx
  ● Test suite failed to run

    [96mpackages/react/src/components/offcanvas/CxOffcanvas.tsx[0m:[93m109[0m:[93m8[0m - [91merror[0m[90m TS7006: [0mParameter 'event' implicitly has an 'any' type.

    [7m109[0m       (event) => {
    [7m   [0m [91m       ~~~~~[0m
    [96mpackages/react/src/components/offcanvas/CxOffcanvas.tsx[0m:[93m123[0m:[93m25[0m - [91merror[0m[90m TS7053: [0mElement implicitly has an 'any' type because expression of type 'string' can't be used to index type '{ entering: { visibility: string; }; entered: { visibility: string; }; exiting: { visibility: string; }; exited: { visibility: string; }; }'.
      No index signature with a parameter of type 'string' was found on type '{ entering: { visibility: string; }; entered: { visibility: string; }; exiting: { visibility: string; }; exited: { visibility: string; }; }'.

    [7m123[0m             style={{ ...transitionStyles[state] }}
    [7m   [0m [91m                        ~~~~~~~~~~~~~~~~~~~~~~~[0m

FAIL packages/react/src/components/toast/__tests__/CxToast.spec.tsx
  ● Test suite failed to run

    [96mpackages/react/src/components/offcanvas/CxOffcanvas.tsx[0m:[93m109[0m:[93m8[0m - [91merror[0m[90m TS7006: [0mParameter 'event' implicitly has an 'any' type.

    [7m109[0m       (event) => {
    [7m   [0m [91m       ~~~~~[0m
    [96mpackages/react/src/components/offcanvas/CxOffcanvas.tsx[0m:[93m123[0m:[93m25[0m - [91merror[0m[90m TS7053: [0mElement implicitly has an 'any' type because expression of type 'string' can't be used to index type '{ entering: { visibility: string; }; entered: { visibility: string; }; exiting: { visibility: string; }; exited: { visibility: string; }; }'.
      No index signature with a parameter of type 'string' was found on type '{ entering: { visibility: string; }; entered: { visibility: string; }; exiting: { visibility: string; }; exited: { visibility: string; }; }'.

    [7m123[0m             style={{ ...transitionStyles[state] }}
    [7m   [0m [91m                        ~~~~~~~~~~~~~~~~~~~~~~~[0m

FAIL packages/react/src/components/toast/__tests__/CxToastBody.spec.tsx
  ● Test suite failed to run

    [96mpackages/react/src/components/offcanvas/CxOffcanvas.tsx[0m:[93m109[0m:[93m8[0m - [91merror[0m[90m TS7006: [0mParameter 'event' implicitly has an 'any' type.

    [7m109[0m       (event) => {
    [7m   [0m [91m       ~~~~~[0m
    [96mpackages/react/src/components/offcanvas/CxOffcanvas.tsx[0m:[93m123[0m:[93m25[0m - [91merror[0m[90m TS7053: [0mElement implicitly has an 'any' type because expression of type 'string' can't be used to index type '{ entering: { visibility: string; }; entered: { visibility: string; }; exiting: { visibility: string; }; exited: { visibility: string; }; }'.
      No index signature with a parameter of type 'string' was found on type '{ entering: { visibility: string; }; entered: { visibility: string; }; exiting: { visibility: string; }; exited: { visibility: string; }; }'.

    [7m123[0m             style={{ ...transitionStyles[state] }}
    [7m   [0m [91m                        ~~~~~~~~~~~~~~~~~~~~~~~[0m

FAIL packages/react/src/components/table/__tests__/CxTableDataCell.spec.tsx
  ● Test suite failed to run

    [96mpackages/react/src/components/offcanvas/CxOffcanvas.tsx[0m:[93m109[0m:[93m8[0m - [91merror[0m[90m TS7006: [0mParameter 'event' implicitly has an 'any' type.

    [7m109[0m       (event) => {
    [7m   [0m [91m       ~~~~~[0m
    [96mpackages/react/src/components/offcanvas/CxOffcanvas.tsx[0m:[93m123[0m:[93m25[0m - [91merror[0m[90m TS7053: [0mElement implicitly has an 'any' type because expression of type 'string' can't be used to index type '{ entering: { visibility: string; }; entered: { visibility: string; }; exiting: { visibility: string; }; exited: { visibility: string; }; }'.
      No index signature with a parameter of type 'string' was found on type '{ entering: { visibility: string; }; entered: { visibility: string; }; exiting: { visibility: string; }; exited: { visibility: string; }; }'.

    [7m123[0m             style={{ ...transitionStyles[state] }}
    [7m   [0m [91m                        ~~~~~~~~~~~~~~~~~~~~~~~[0m

FAIL packages/react/src/components/tabs/__tests__/CxTabPane.spec.tsx
  ● Test suite failed to run

    [96mpackages/react/src/components/offcanvas/CxOffcanvas.tsx[0m:[93m109[0m:[93m8[0m - [91merror[0m[90m TS7006: [0mParameter 'event' implicitly has an 'any' type.

    [7m109[0m       (event) => {
    [7m   [0m [91m       ~~~~~[0m
    [96mpackages/react/src/components/offcanvas/CxOffcanvas.tsx[0m:[93m123[0m:[93m25[0m - [91merror[0m[90m TS7053: [0mElement implicitly has an 'any' type because expression of type 'string' can't be used to index type '{ entering: { visibility: string; }; entered: { visibility: string; }; exiting: { visibility: string; }; exited: { visibility: string; }; }'.
      No index signature with a parameter of type 'string' was found on type '{ entering: { visibility: string; }; entered: { visibility: string; }; exiting: { visibility: string; }; exited: { visibility: string; }; }'.

    [7m123[0m             style={{ ...transitionStyles[state] }}
    [7m   [0m [91m                        ~~~~~~~~~~~~~~~~~~~~~~~[0m

FAIL packages/react/src/components/spinner/__tests__/CxSpinner.spec.tsx
  ● Test suite failed to run

    [96mpackages/react/src/components/offcanvas/CxOffcanvas.tsx[0m:[93m109[0m:[93m8[0m - [91merror[0m[90m TS7006: [0mParameter 'event' implicitly has an 'any' type.

    [7m109[0m       (event) => {
    [7m   [0m [91m       ~~~~~[0m
    [96mpackages/react/src/components/offcanvas/CxOffcanvas.tsx[0m:[93m123[0m:[93m25[0m - [91merror[0m[90m TS7053: [0mElement implicitly has an 'any' type because expression of type 'string' can't be used to index type '{ entering: { visibility: string; }; entered: { visibility: string; }; exiting: { visibility: string; }; exited: { visibility: string; }; }'.
      No index signature with a parameter of type 'string' was found on type '{ entering: { visibility: string; }; entered: { visibility: string; }; exiting: { visibility: string; }; exited: { visibility: string; }; }'.

    [7m123[0m             style={{ ...transitionStyles[state] }}
    [7m   [0m [91m                        ~~~~~~~~~~~~~~~~~~~~~~~[0m

FAIL packages/react/src/components/progress/__tests__/CxProgressBar.spec.tsx
  ● Test suite failed to run

    [96mpackages/react/src/components/offcanvas/CxOffcanvas.tsx[0m:[93m109[0m:[93m8[0m - [91merror[0m[90m TS7006: [0mParameter 'event' implicitly has an 'any' type.

    [7m109[0m       (event) => {
    [7m   [0m [91m       ~~~~~[0m
    [96mpackages/react/src/components/offcanvas/CxOffcanvas.tsx[0m:[93m123[0m:[93m25[0m - [91merror[0m[90m TS7053: [0mElement implicitly has an 'any' type because expression of type 'string' can't be used to index type '{ entering: { visibility: string; }; entered: { visibility: string; }; exiting: { visibility: string; }; exited: { visibility: string; }; }'.
      No index signature with a parameter of type 'string' was found on type '{ entering: { visibility: string; }; entered: { visibility: string; }; exiting: { visibility: string; }; exited: { visibility: string; }; }'.

    [7m123[0m             style={{ ...transitionStyles[state] }}
    [7m   [0m [91m                        ~~~~~~~~~~~~~~~~~~~~~~~[0m

FAIL packages/react/src/components/tabs/__tests__/CxTabContent.spec.tsx
  ● Test suite failed to run

    [96mpackages/react/src/components/offcanvas/CxOffcanvas.tsx[0m:[93m109[0m:[93m8[0m - [91merror[0m[90m TS7006: [0mParameter 'event' implicitly has an 'any' type.

    [7m109[0m       (event) => {
    [7m   [0m [91m       ~~~~~[0m
    [96mpackages/react/src/components/offcanvas/CxOffcanvas.tsx[0m:[93m123[0m:[93m25[0m - [91merror[0m[90m TS7053: [0mElement implicitly has an 'any' type because expression of type 'string' can't be used to index type '{ entering: { visibility: string; }; entered: { visibility: string; }; exiting: { visibility: string; }; exited: { visibility: string; }; }'.
      No index signature with a parameter of type 'string' was found on type '{ entering: { visibility: string; }; entered: { visibility: string; }; exiting: { visibility: string; }; exited: { visibility: string; }; }'.

    [7m123[0m             style={{ ...transitionStyles[state] }}
    [7m   [0m [91m                        ~~~~~~~~~~~~~~~~~~~~~~~[0m

FAIL packages/react/src/components/pagination/__tests__/CxPagination.spec.tsx
  ● Test suite failed to run

    [96mpackages/react/src/components/offcanvas/CxOffcanvas.tsx[0m:[93m109[0m:[93m8[0m - [91merror[0m[90m TS7006: [0mParameter 'event' implicitly has an 'any' type.

    [7m109[0m       (event) => {
    [7m   [0m [91m       ~~~~~[0m
    [96mpackages/react/src/components/offcanvas/CxOffcanvas.tsx[0m:[93m123[0m:[93m25[0m - [91merror[0m[90m TS7053: [0mElement implicitly has an 'any' type because expression of type 'string' can't be used to index type '{ entering: { visibility: string; }; entered: { visibility: string; }; exiting: { visibility: string; }; exited: { visibility: string; }; }'.
      No index signature with a parameter of type 'string' was found on type '{ entering: { visibility: string; }; entered: { visibility: string; }; exiting: { visibility: string; }; exited: { visibility: string; }; }'.

    [7m123[0m             style={{ ...transitionStyles[state] }}
    [7m   [0m [91m                        ~~~~~~~~~~~~~~~~~~~~~~~[0m

FAIL packages/react/src/components/progress/__tests__/CxProgress.spec.tsx
  ● Test suite failed to run

    [96mpackages/react/src/components/offcanvas/CxOffcanvas.tsx[0m:[93m109[0m:[93m8[0m - [91merror[0m[90m TS7006: [0mParameter 'event' implicitly has an 'any' type.

    [7m109[0m       (event) => {
    [7m   [0m [91m       ~~~~~[0m
    [96mpackages/react/src/components/offcanvas/CxOffcanvas.tsx[0m:[93m123[0m:[93m25[0m - [91merror[0m[90m TS7053: [0mElement implicitly has an 'any' type because expression of type 'string' can't be used to index type '{ entering: { visibility: string; }; entered: { visibility: string; }; exiting: { visibility: string; }; exited: { visibility: string; }; }'.
      No index signature with a parameter of type 'string' was found on type '{ entering: { visibility: string; }; entered: { visibility: string; }; exiting: { visibility: string; }; exited: { visibility: string; }; }'.

    [7m123[0m             style={{ ...transitionStyles[state] }}
    [7m   [0m [91m                        ~~~~~~~~~~~~~~~~~~~~~~~[0m

FAIL packages/react/src/components/list-group/__tests__/CxListGroupItem.spec.tsx
  ● Test suite failed to run

    [96mpackages/react/src/components/offcanvas/CxOffcanvas.tsx[0m:[93m109[0m:[93m8[0m - [91merror[0m[90m TS7006: [0mParameter 'event' implicitly has an 'any' type.

    [7m109[0m       (event) => {
    [7m   [0m [91m       ~~~~~[0m
    [96mpackages/react/src/components/offcanvas/CxOffcanvas.tsx[0m:[93m123[0m:[93m25[0m - [91merror[0m[90m TS7053: [0mElement implicitly has an 'any' type because expression of type 'string' can't be used to index type '{ entering: { visibility: string; }; entered: { visibility: string; }; exiting: { visibility: string; }; exited: { visibility: string; }; }'.
      No index signature with a parameter of type 'string' was found on type '{ entering: { visibility: string; }; entered: { visibility: string; }; exiting: { visibility: string; }; exited: { visibility: string; }; }'.

    [7m123[0m             style={{ ...transitionStyles[state] }}
    [7m   [0m [91m                        ~~~~~~~~~~~~~~~~~~~~~~~[0m

FAIL packages/react/src/components/pagination/__tests__/CxPaginationItem.spec.tsx
  ● Test suite failed to run

    [96mpackages/react/src/components/offcanvas/CxOffcanvas.tsx[0m:[93m109[0m:[93m8[0m - [91merror[0m[90m TS7006: [0mParameter 'event' implicitly has an 'any' type.

    [7m109[0m       (event) => {
    [7m   [0m [91m       ~~~~~[0m
    [96mpackages/react/src/components/offcanvas/CxOffcanvas.tsx[0m:[93m123[0m:[93m25[0m - [91merror[0m[90m TS7053: [0mElement implicitly has an 'any' type because expression of type 'string' can't be used to index type '{ entering: { visibility: string; }; entered: { visibility: string; }; exiting: { visibility: string; }; exited: { visibility: string; }; }'.
      No index signature with a parameter of type 'string' was found on type '{ entering: { visibility: string; }; entered: { visibility: string; }; exiting: { visibility: string; }; exited: { visibility: string; }; }'.

    [7m123[0m             style={{ ...transitionStyles[state] }}
    [7m   [0m [91m                        ~~~~~~~~~~~~~~~~~~~~~~~[0m

FAIL packages/react/src/components/list-group/__tests__/CxListGroup.spec.tsx
  ● Test suite failed to run

    [96mpackages/react/src/components/offcanvas/CxOffcanvas.tsx[0m:[93m109[0m:[93m8[0m - [91merror[0m[90m TS7006: [0mParameter 'event' implicitly has an 'any' type.

    [7m109[0m       (event) => {
    [7m   [0m [91m       ~~~~~[0m
    [96mpackages/react/src/components/offcanvas/CxOffcanvas.tsx[0m:[93m123[0m:[93m25[0m - [91merror[0m[90m TS7053: [0mElement implicitly has an 'any' type because expression of type 'string' can't be used to index type '{ entering: { visibility: string; }; entered: { visibility: string; }; exiting: { visibility: string; }; exited: { visibility: string; }; }'.
      No index signature with a parameter of type 'string' was found on type '{ entering: { visibility: string; }; entered: { visibility: string; }; exiting: { visibility: string; }; exited: { visibility: string; }; }'.

    [7m123[0m             style={{ ...transitionStyles[state] }}
    [7m   [0m [91m                        ~~~~~~~~~~~~~~~~~~~~~~~[0m

FAIL packages/react/src/components/offcanvas/__tests__/CxOffcanvasTitle.spec.tsx
  ● Test suite failed to run

    [96mpackages/react/src/components/offcanvas/CxOffcanvas.tsx[0m:[93m109[0m:[93m8[0m - [91merror[0m[90m TS7006: [0mParameter 'event' implicitly has an 'any' type.

    [7m109[0m       (event) => {
    [7m   [0m [91m       ~~~~~[0m
    [96mpackages/react/src/components/offcanvas/CxOffcanvas.tsx[0m:[93m123[0m:[93m25[0m - [91merror[0m[90m TS7053: [0mElement implicitly has an 'any' type because expression of type 'string' can't be used to index type '{ entering: { visibility: string; }; entered: { visibility: string; }; exiting: { visibility: string; }; exited: { visibility: string; }; }'.
      No index signature with a parameter of type 'string' was found on type '{ entering: { visibility: string; }; entered: { visibility: string; }; exiting: { visibility: string; }; exited: { visibility: string; }; }'.

    [7m123[0m             style={{ ...transitionStyles[state] }}
    [7m   [0m [91m                        ~~~~~~~~~~~~~~~~~~~~~~~[0m

FAIL packages/react/src/components/offcanvas/__tests__/CxOffcanvasHeader.spec.tsx
  ● Test suite failed to run

    [96mpackages/react/src/components/offcanvas/CxOffcanvas.tsx[0m:[93m109[0m:[93m8[0m - [91merror[0m[90m TS7006: [0mParameter 'event' implicitly has an 'any' type.

    [7m109[0m       (event) => {
    [7m   [0m [91m       ~~~~~[0m
    [96mpackages/react/src/components/offcanvas/CxOffcanvas.tsx[0m:[93m123[0m:[93m25[0m - [91merror[0m[90m TS7053: [0mElement implicitly has an 'any' type because expression of type 'string' can't be used to index type '{ entering: { visibility: string; }; entered: { visibility: string; }; exiting: { visibility: string; }; exited: { visibility: string; }; }'.
      No index signature with a parameter of type 'string' was found on type '{ entering: { visibility: string; }; entered: { visibility: string; }; exiting: { visibility: string; }; exited: { visibility: string; }; }'.

    [7m123[0m             style={{ ...transitionStyles[state] }}
    [7m   [0m [91m                        ~~~~~~~~~~~~~~~~~~~~~~~[0m

FAIL packages/react/src/components/offcanvas/__tests__/CxOffcanvasBody.spec.tsx
  ● Test suite failed to run

    [96mpackages/react/src/components/offcanvas/CxOffcanvas.tsx[0m:[93m109[0m:[93m8[0m - [91merror[0m[90m TS7006: [0mParameter 'event' implicitly has an 'any' type.

    [7m109[0m       (event) => {
    [7m   [0m [91m       ~~~~~[0m
    [96mpackages/react/src/components/offcanvas/CxOffcanvas.tsx[0m:[93m123[0m:[93m25[0m - [91merror[0m[90m TS7053: [0mElement implicitly has an 'any' type because expression of type 'string' can't be used to index type '{ entering: { visibility: string; }; entered: { visibility: string; }; exiting: { visibility: string; }; exited: { visibility: string; }; }'.
      No index signature with a parameter of type 'string' was found on type '{ entering: { visibility: string; }; entered: { visibility: string; }; exiting: { visibility: string; }; exited: { visibility: string; }; }'.

    [7m123[0m             style={{ ...transitionStyles[state] }}
    [7m   [0m [91m                        ~~~~~~~~~~~~~~~~~~~~~~~[0m

FAIL packages/react/src/components/navbar/__tests__/CxNavbarBrand.spec.tsx
  ● Test suite failed to run

    [96mpackages/react/src/components/offcanvas/CxOffcanvas.tsx[0m:[93m109[0m:[93m8[0m - [91merror[0m[90m TS7006: [0mParameter 'event' implicitly has an 'any' type.

    [7m109[0m       (event) => {
    [7m   [0m [91m       ~~~~~[0m
    [96mpackages/react/src/components/offcanvas/CxOffcanvas.tsx[0m:[93m123[0m:[93m25[0m - [91merror[0m[90m TS7053: [0mElement implicitly has an 'any' type because expression of type 'string' can't be used to index type '{ entering: { visibility: string; }; entered: { visibility: string; }; exiting: { visibility: string; }; exited: { visibility: string; }; }'.
      No index signature with a parameter of type 'string' was found on type '{ entering: { visibility: string; }; entered: { visibility: string; }; exiting: { visibility: string; }; exited: { visibility: string; }; }'.

    [7m123[0m             style={{ ...transitionStyles[state] }}
    [7m   [0m [91m                        ~~~~~~~~~~~~~~~~~~~~~~~[0m

FAIL packages/react/src/components/navbar/__tests__/CxNavbarToggler.spec.tsx
  ● Test suite failed to run

    [96mpackages/react/src/components/offcanvas/CxOffcanvas.tsx[0m:[93m109[0m:[93m8[0m - [91merror[0m[90m TS7006: [0mParameter 'event' implicitly has an 'any' type.

    [7m109[0m       (event) => {
    [7m   [0m [91m       ~~~~~[0m
    [96mpackages/react/src/components/offcanvas/CxOffcanvas.tsx[0m:[93m123[0m:[93m25[0m - [91merror[0m[90m TS7053: [0mElement implicitly has an 'any' type because expression of type 'string' can't be used to index type '{ entering: { visibility: string; }; entered: { visibility: string; }; exiting: { visibility: string; }; exited: { visibility: string; }; }'.
      No index signature with a parameter of type 'string' was found on type '{ entering: { visibility: string; }; entered: { visibility: string; }; exiting: { visibility: string; }; exited: { visibility: string; }; }'.

    [7m123[0m             style={{ ...transitionStyles[state] }}
    [7m   [0m [91m                        ~~~~~~~~~~~~~~~~~~~~~~~[0m

FAIL packages/react/src/components/offcanvas/__tests__/CxOffcanvas.spec.tsx
  ● Test suite failed to run

    [96mpackages/react/src/components/offcanvas/CxOffcanvas.tsx[0m:[93m109[0m:[93m8[0m - [91merror[0m[90m TS7006: [0mParameter 'event' implicitly has an 'any' type.

    [7m109[0m       (event) => {
    [7m   [0m [91m       ~~~~~[0m
    [96mpackages/react/src/components/offcanvas/CxOffcanvas.tsx[0m:[93m123[0m:[93m25[0m - [91merror[0m[90m TS7053: [0mElement implicitly has an 'any' type because expression of type 'string' can't be used to index type '{ entering: { visibility: string; }; entered: { visibility: string; }; exiting: { visibility: string; }; exited: { visibility: string; }; }'.
      No index signature with a parameter of type 'string' was found on type '{ entering: { visibility: string; }; entered: { visibility: string; }; exiting: { visibility: string; }; exited: { visibility: string; }; }'.

    [7m123[0m             style={{ ...transitionStyles[state] }}
    [7m   [0m [91m                        ~~~~~~~~~~~~~~~~~~~~~~~[0m

FAIL packages/react/src/components/navbar/__tests__/CxNavbarNav.spec.tsx
  ● Test suite failed to run

    [96mpackages/react/src/components/offcanvas/CxOffcanvas.tsx[0m:[93m109[0m:[93m8[0m - [91merror[0m[90m TS7006: [0mParameter 'event' implicitly has an 'any' type.

    [7m109[0m       (event) => {
    [7m   [0m [91m       ~~~~~[0m
    [96mpackages/react/src/components/offcanvas/CxOffcanvas.tsx[0m:[93m123[0m:[93m25[0m - [91merror[0m[90m TS7053: [0mElement implicitly has an 'any' type because expression of type 'string' can't be used to index type '{ entering: { visibility: string; }; entered: { visibility: string; }; exiting: { visibility: string; }; exited: { visibility: string; }; }'.
      No index signature with a parameter of type 'string' was found on type '{ entering: { visibility: string; }; entered: { visibility: string; }; exiting: { visibility: string; }; exited: { visibility: string; }; }'.

    [7m123[0m             style={{ ...transitionStyles[state] }}
    [7m   [0m [91m                        ~~~~~~~~~~~~~~~~~~~~~~~[0m

FAIL packages/react/src/components/navbar/__tests__/CxNavbarText.spec.tsx
  ● Test suite failed to run

    [96mpackages/react/src/components/offcanvas/CxOffcanvas.tsx[0m:[93m109[0m:[93m8[0m - [91merror[0m[90m TS7006: [0mParameter 'event' implicitly has an 'any' type.

    [7m109[0m       (event) => {
    [7m   [0m [91m       ~~~~~[0m
    [96mpackages/react/src/components/offcanvas/CxOffcanvas.tsx[0m:[93m123[0m:[93m25[0m - [91merror[0m[90m TS7053: [0mElement implicitly has an 'any' type because expression of type 'string' can't be used to index type '{ entering: { visibility: string; }; entered: { visibility: string; }; exiting: { visibility: string; }; exited: { visibility: string; }; }'.
      No index signature with a parameter of type 'string' was found on type '{ entering: { visibility: string; }; entered: { visibility: string; }; exiting: { visibility: string; }; exited: { visibility: string; }; }'.

    [7m123[0m             style={{ ...transitionStyles[state] }}
    [7m   [0m [91m                        ~~~~~~~~~~~~~~~~~~~~~~~[0m

FAIL packages/react/src/components/modal/__tests__/CxModalDialog.spec.tsx
  ● Test suite failed to run

    [96mpackages/react/src/components/offcanvas/CxOffcanvas.tsx[0m:[93m109[0m:[93m8[0m - [91merror[0m[90m TS7006: [0mParameter 'event' implicitly has an 'any' type.

    [7m109[0m       (event) => {
    [7m   [0m [91m       ~~~~~[0m
    [96mpackages/react/src/components/offcanvas/CxOffcanvas.tsx[0m:[93m123[0m:[93m25[0m - [91merror[0m[90m TS7053: [0mElement implicitly has an 'any' type because expression of type 'string' can't be used to index type '{ entering: { visibility: string; }; entered: { visibility: string; }; exiting: { visibility: string; }; exited: { visibility: string; }; }'.
      No index signature with a parameter of type 'string' was found on type '{ entering: { visibility: string; }; entered: { visibility: string; }; exiting: { visibility: string; }; exited: { visibility: string; }; }'.

    [7m123[0m             style={{ ...transitionStyles[state] }}
    [7m   [0m [91m                        ~~~~~~~~~~~~~~~~~~~~~~~[0m

FAIL packages/react/src/components/navbar/__tests__/CxNavbar.spec.tsx
  ● Test suite failed to run

    [96mpackages/react/src/components/offcanvas/CxOffcanvas.tsx[0m:[93m109[0m:[93m8[0m - [91merror[0m[90m TS7006: [0mParameter 'event' implicitly has an 'any' type.

    [7m109[0m       (event) => {
    [7m   [0m [91m       ~~~~~[0m
    [96mpackages/react/src/components/offcanvas/CxOffcanvas.tsx[0m:[93m123[0m:[93m25[0m - [91merror[0m[90m TS7053: [0mElement implicitly has an 'any' type because expression of type 'string' can't be used to index type '{ entering: { visibility: string; }; entered: { visibility: string; }; exiting: { visibility: string; }; exited: { visibility: string; }; }'.
      No index signature with a parameter of type 'string' was found on type '{ entering: { visibility: string; }; entered: { visibility: string; }; exiting: { visibility: string; }; exited: { visibility: string; }; }'.

    [7m123[0m             style={{ ...transitionStyles[state] }}
    [7m   [0m [91m                        ~~~~~~~~~~~~~~~~~~~~~~~[0m

FAIL packages/react/src/components/modal/__tests__/CxModalTitle.spec.tsx
  ● Test suite failed to run

    [96mpackages/react/src/components/offcanvas/CxOffcanvas.tsx[0m:[93m109[0m:[93m8[0m - [91merror[0m[90m TS7006: [0mParameter 'event' implicitly has an 'any' type.

    [7m109[0m       (event) => {
    [7m   [0m [91m       ~~~~~[0m
    [96mpackages/react/src/components/offcanvas/CxOffcanvas.tsx[0m:[93m123[0m:[93m25[0m - [91merror[0m[90m TS7053: [0mElement implicitly has an 'any' type because expression of type 'string' can't be used to index type '{ entering: { visibility: string; }; entered: { visibility: string; }; exiting: { visibility: string; }; exited: { visibility: string; }; }'.
      No index signature with a parameter of type 'string' was found on type '{ entering: { visibility: string; }; entered: { visibility: string; }; exiting: { visibility: string; }; exited: { visibility: string; }; }'.

    [7m123[0m             style={{ ...transitionStyles[state] }}
    [7m   [0m [91m                        ~~~~~~~~~~~~~~~~~~~~~~~[0m

FAIL packages/react/src/components/modal/__tests__/CxModalHeader.spec.tsx
  ● Test suite failed to run

    [96mpackages/react/src/components/offcanvas/CxOffcanvas.tsx[0m:[93m109[0m:[93m8[0m - [91merror[0m[90m TS7006: [0mParameter 'event' implicitly has an 'any' type.

    [7m109[0m       (event) => {
    [7m   [0m [91m       ~~~~~[0m
    [96mpackages/react/src/components/offcanvas/CxOffcanvas.tsx[0m:[93m123[0m:[93m25[0m - [91merror[0m[90m TS7053: [0mElement implicitly has an 'any' type because expression of type 'string' can't be used to index type '{ entering: { visibility: string; }; entered: { visibility: string; }; exiting: { visibility: string; }; exited: { visibility: string; }; }'.
      No index signature with a parameter of type 'string' was found on type '{ entering: { visibility: string; }; entered: { visibility: string; }; exiting: { visibility: string; }; exited: { visibility: string; }; }'.

    [7m123[0m             style={{ ...transitionStyles[state] }}
    [7m   [0m [91m                        ~~~~~~~~~~~~~~~~~~~~~~~[0m

FAIL packages/react/src/components/modal/__tests__/CxModalFooter.spec.tsx
  ● Test suite failed to run

    [96mpackages/react/src/components/offcanvas/CxOffcanvas.tsx[0m:[93m109[0m:[93m8[0m - [91merror[0m[90m TS7006: [0mParameter 'event' implicitly has an 'any' type.

    [7m109[0m       (event) => {
    [7m   [0m [91m       ~~~~~[0m
    [96mpackages/react/src/components/offcanvas/CxOffcanvas.tsx[0m:[93m123[0m:[93m25[0m - [91merror[0m[90m TS7053: [0mElement implicitly has an 'any' type because expression of type 'string' can't be used to index type '{ entering: { visibility: string; }; entered: { visibility: string; }; exiting: { visibility: string; }; exited: { visibility: string; }; }'.
      No index signature with a parameter of type 'string' was found on type '{ entering: { visibility: string; }; entered: { visibility: string; }; exiting: { visibility: string; }; exited: { visibility: string; }; }'.

    [7m123[0m             style={{ ...transitionStyles[state] }}
    [7m   [0m [91m                        ~~~~~~~~~~~~~~~~~~~~~~~[0m

FAIL packages/react/src/components/modal/__tests__/CxModalContent.spec.tsx
  ● Test suite failed to run

    [96mpackages/react/src/components/offcanvas/CxOffcanvas.tsx[0m:[93m109[0m:[93m8[0m - [91merror[0m[90m TS7006: [0mParameter 'event' implicitly has an 'any' type.

    [7m109[0m       (event) => {
    [7m   [0m [91m       ~~~~~[0m
    [96mpackages/react/src/components/offcanvas/CxOffcanvas.tsx[0m:[93m123[0m:[93m25[0m - [91merror[0m[90m TS7053: [0mElement implicitly has an 'any' type because expression of type 'string' can't be used to index type '{ entering: { visibility: string; }; entered: { visibility: string; }; exiting: { visibility: string; }; exited: { visibility: string; }; }'.
      No index signature with a parameter of type 'string' was found on type '{ entering: { visibility: string; }; entered: { visibility: string; }; exiting: { visibility: string; }; exited: { visibility: string; }; }'.

    [7m123[0m             style={{ ...transitionStyles[state] }}
    [7m   [0m [91m                        ~~~~~~~~~~~~~~~~~~~~~~~[0m

FAIL packages/react/src/components/modal/__tests__/CxModalBody.spec.tsx
  ● Test suite failed to run

    [96mpackages/react/src/components/offcanvas/CxOffcanvas.tsx[0m:[93m109[0m:[93m8[0m - [91merror[0m[90m TS7006: [0mParameter 'event' implicitly has an 'any' type.

    [7m109[0m       (event) => {
    [7m   [0m [91m       ~~~~~[0m
    [96mpackages/react/src/components/offcanvas/CxOffcanvas.tsx[0m:[93m123[0m:[93m25[0m - [91merror[0m[90m TS7053: [0mElement implicitly has an 'any' type because expression of type 'string' can't be used to index type '{ entering: { visibility: string; }; entered: { visibility: string; }; exiting: { visibility: string; }; exited: { visibility: string; }; }'.
      No index signature with a parameter of type 'string' was found on type '{ entering: { visibility: string; }; entered: { visibility: string; }; exiting: { visibility: string; }; exited: { visibility: string; }; }'.

    [7m123[0m             style={{ ...transitionStyles[state] }}
    [7m   [0m [91m                        ~~~~~~~~~~~~~~~~~~~~~~~[0m

FAIL packages/react/src/components/modal/__tests__/CxModal.spec.tsx
  ● Test suite failed to run

    [96mpackages/react/src/components/offcanvas/CxOffcanvas.tsx[0m:[93m109[0m:[93m8[0m - [91merror[0m[90m TS7006: [0mParameter 'event' implicitly has an 'any' type.

    [7m109[0m       (event) => {
    [7m   [0m [91m       ~~~~~[0m
    [96mpackages/react/src/components/offcanvas/CxOffcanvas.tsx[0m:[93m123[0m:[93m25[0m - [91merror[0m[90m TS7053: [0mElement implicitly has an 'any' type because expression of type 'string' can't be used to index type '{ entering: { visibility: string; }; entered: { visibility: string; }; exiting: { visibility: string; }; exited: { visibility: string; }; }'.
      No index signature with a parameter of type 'string' was found on type '{ entering: { visibility: string; }; entered: { visibility: string; }; exiting: { visibility: string; }; exited: { visibility: string; }; }'.

    [7m123[0m             style={{ ...transitionStyles[state] }}
    [7m   [0m [91m                        ~~~~~~~~~~~~~~~~~~~~~~~[0m

FAIL packages/react/src/components/notification/__tests__/CxNotificationHeading.spec.tsx
  ● Test suite failed to run

    [96mpackages/react/src/components/offcanvas/CxOffcanvas.tsx[0m:[93m109[0m:[93m8[0m - [91merror[0m[90m TS7006: [0mParameter 'event' implicitly has an 'any' type.

    [7m109[0m       (event) => {
    [7m   [0m [91m       ~~~~~[0m
    [96mpackages/react/src/components/offcanvas/CxOffcanvas.tsx[0m:[93m123[0m:[93m25[0m - [91merror[0m[90m TS7053: [0mElement implicitly has an 'any' type because expression of type 'string' can't be used to index type '{ entering: { visibility: string; }; entered: { visibility: string; }; exiting: { visibility: string; }; exited: { visibility: string; }; }'.
      No index signature with a parameter of type 'string' was found on type '{ entering: { visibility: string; }; entered: { visibility: string; }; exiting: { visibility: string; }; exited: { visibility: string; }; }'.

    [7m123[0m             style={{ ...transitionStyles[state] }}
    [7m   [0m [91m                        ~~~~~~~~~~~~~~~~~~~~~~~[0m

FAIL packages/react/src/components/nav/__tests__/CxNavTitle.spec.tsx
  ● Test suite failed to run

    [96mpackages/react/src/components/offcanvas/CxOffcanvas.tsx[0m:[93m109[0m:[93m8[0m - [91merror[0m[90m TS7006: [0mParameter 'event' implicitly has an 'any' type.

    [7m109[0m       (event) => {
    [7m   [0m [91m       ~~~~~[0m
    [96mpackages/react/src/components/offcanvas/CxOffcanvas.tsx[0m:[93m123[0m:[93m25[0m - [91merror[0m[90m TS7053: [0mElement implicitly has an 'any' type because expression of type 'string' can't be used to index type '{ entering: { visibility: string; }; entered: { visibility: string; }; exiting: { visibility: string; }; exited: { visibility: string; }; }'.
      No index signature with a parameter of type 'string' was found on type '{ entering: { visibility: string; }; entered: { visibility: string; }; exiting: { visibility: string; }; exited: { visibility: string; }; }'.

    [7m123[0m             style={{ ...transitionStyles[state] }}
    [7m   [0m [91m                        ~~~~~~~~~~~~~~~~~~~~~~~[0m

FAIL packages/react/src/components/notification/__tests__/CxNotificationLink.spec.tsx
  ● Test suite failed to run

    [96mpackages/react/src/components/offcanvas/CxOffcanvas.tsx[0m:[93m109[0m:[93m8[0m - [91merror[0m[90m TS7006: [0mParameter 'event' implicitly has an 'any' type.

    [7m109[0m       (event) => {
    [7m   [0m [91m       ~~~~~[0m
    [96mpackages/react/src/components/offcanvas/CxOffcanvas.tsx[0m:[93m123[0m:[93m25[0m - [91merror[0m[90m TS7053: [0mElement implicitly has an 'any' type because expression of type 'string' can't be used to index type '{ entering: { visibility: string; }; entered: { visibility: string; }; exiting: { visibility: string; }; exited: { visibility: string; }; }'.
      No index signature with a parameter of type 'string' was found on type '{ entering: { visibility: string; }; entered: { visibility: string; }; exiting: { visibility: string; }; exited: { visibility: string; }; }'.

    [7m123[0m             style={{ ...transitionStyles[state] }}
    [7m   [0m [91m                        ~~~~~~~~~~~~~~~~~~~~~~~[0m

FAIL packages/react/src/components/notification/__tests__/CxNotification.spec.tsx
  ● Test suite failed to run

    [96mpackages/react/src/components/offcanvas/CxOffcanvas.tsx[0m:[93m109[0m:[93m8[0m - [91merror[0m[90m TS7006: [0mParameter 'event' implicitly has an 'any' type.

    [7m109[0m       (event) => {
    [7m   [0m [91m       ~~~~~[0m
    [96mpackages/react/src/components/offcanvas/CxOffcanvas.tsx[0m:[93m123[0m:[93m25[0m - [91merror[0m[90m TS7053: [0mElement implicitly has an 'any' type because expression of type 'string' can't be used to index type '{ entering: { visibility: string; }; entered: { visibility: string; }; exiting: { visibility: string; }; exited: { visibility: string; }; }'.
      No index signature with a parameter of type 'string' was found on type '{ entering: { visibility: string; }; entered: { visibility: string; }; exiting: { visibility: string; }; exited: { visibility: string; }; }'.

    [7m123[0m             style={{ ...transitionStyles[state] }}
    [7m   [0m [91m                        ~~~~~~~~~~~~~~~~~~~~~~~[0m

FAIL packages/react/src/components/nav/__tests__/CxNavLink.spec.tsx
  ● Test suite failed to run

    [96mpackages/react/src/components/offcanvas/CxOffcanvas.tsx[0m:[93m109[0m:[93m8[0m - [91merror[0m[90m TS7006: [0mParameter 'event' implicitly has an 'any' type.

    [7m109[0m       (event) => {
    [7m   [0m [91m       ~~~~~[0m
    [96mpackages/react/src/components/offcanvas/CxOffcanvas.tsx[0m:[93m123[0m:[93m25[0m - [91merror[0m[90m TS7053: [0mElement implicitly has an 'any' type because expression of type 'string' can't be used to index type '{ entering: { visibility: string; }; entered: { visibility: string; }; exiting: { visibility: string; }; exited: { visibility: string; }; }'.
      No index signature with a parameter of type 'string' was found on type '{ entering: { visibility: string; }; entered: { visibility: string; }; exiting: { visibility: string; }; exited: { visibility: string; }; }'.

    [7m123[0m             style={{ ...transitionStyles[state] }}
    [7m   [0m [91m                        ~~~~~~~~~~~~~~~~~~~~~~~[0m

FAIL packages/react/src/components/image/__tests__/CxImage.spec.tsx
  ● Test suite failed to run

    [96mpackages/react/src/components/offcanvas/CxOffcanvas.tsx[0m:[93m109[0m:[93m8[0m - [91merror[0m[90m TS7006: [0mParameter 'event' implicitly has an 'any' type.

    [7m109[0m       (event) => {
    [7m   [0m [91m       ~~~~~[0m
    [96mpackages/react/src/components/offcanvas/CxOffcanvas.tsx[0m:[93m123[0m:[93m25[0m - [91merror[0m[90m TS7053: [0mElement implicitly has an 'any' type because expression of type 'string' can't be used to index type '{ entering: { visibility: string; }; entered: { visibility: string; }; exiting: { visibility: string; }; exited: { visibility: string; }; }'.
      No index signature with a parameter of type 'string' was found on type '{ entering: { visibility: string; }; entered: { visibility: string; }; exiting: { visibility: string; }; exited: { visibility: string; }; }'.

    [7m123[0m             style={{ ...transitionStyles[state] }}
    [7m   [0m [91m                        ~~~~~~~~~~~~~~~~~~~~~~~[0m

FAIL packages/react/src/components/dropdown/__tests__/CxDropdownToggle.spec.tsx
  ● Test suite failed to run

    [96mpackages/react/src/components/offcanvas/CxOffcanvas.tsx[0m:[93m109[0m:[93m8[0m - [91merror[0m[90m TS7006: [0mParameter 'event' implicitly has an 'any' type.

    [7m109[0m       (event) => {
    [7m   [0m [91m       ~~~~~[0m
    [96mpackages/react/src/components/offcanvas/CxOffcanvas.tsx[0m:[93m123[0m:[93m25[0m - [91merror[0m[90m TS7053: [0mElement implicitly has an 'any' type because expression of type 'string' can't be used to index type '{ entering: { visibility: string; }; entered: { visibility: string; }; exiting: { visibility: string; }; exited: { visibility: string; }; }'.
      No index signature with a parameter of type 'string' was found on type '{ entering: { visibility: string; }; entered: { visibility: string; }; exiting: { visibility: string; }; exited: { visibility: string; }; }'.

    [7m123[0m             style={{ ...transitionStyles[state] }}
    [7m   [0m [91m                        ~~~~~~~~~~~~~~~~~~~~~~~[0m

FAIL packages/react/src/components/link/__tests__/CxLink.spec.tsx
  ● Test suite failed to run

    [96mpackages/react/src/components/offcanvas/CxOffcanvas.tsx[0m:[93m109[0m:[93m8[0m - [91merror[0m[90m TS7006: [0mParameter 'event' implicitly has an 'any' type.

    [7m109[0m       (event) => {
    [7m   [0m [91m       ~~~~~[0m
    [96mpackages/react/src/components/offcanvas/CxOffcanvas.tsx[0m:[93m123[0m:[93m25[0m - [91merror[0m[90m TS7053: [0mElement implicitly has an 'any' type because expression of type 'string' can't be used to index type '{ entering: { visibility: string; }; entered: { visibility: string; }; exiting: { visibility: string; }; exited: { visibility: string; }; }'.
      No index signature with a parameter of type 'string' was found on type '{ entering: { visibility: string; }; entered: { visibility: string; }; exiting: { visibility: string; }; exited: { visibility: string; }; }'.

    [7m123[0m             style={{ ...transitionStyles[state] }}
    [7m   [0m [91m                        ~~~~~~~~~~~~~~~~~~~~~~~[0m

FAIL packages/react/src/components/nav/__tests__/CxNav.spec.tsx
  ● Test suite failed to run

    [96mpackages/react/src/components/offcanvas/CxOffcanvas.tsx[0m:[93m109[0m:[93m8[0m - [91merror[0m[90m TS7006: [0mParameter 'event' implicitly has an 'any' type.

    [7m109[0m       (event) => {
    [7m   [0m [91m       ~~~~~[0m
    [96mpackages/react/src/components/offcanvas/CxOffcanvas.tsx[0m:[93m123[0m:[93m25[0m - [91merror[0m[90m TS7053: [0mElement implicitly has an 'any' type because expression of type 'string' can't be used to index type '{ entering: { visibility: string; }; entered: { visibility: string; }; exiting: { visibility: string; }; exited: { visibility: string; }; }'.
      No index signature with a parameter of type 'string' was found on type '{ entering: { visibility: string; }; entered: { visibility: string; }; exiting: { visibility: string; }; exited: { visibility: string; }; }'.

    [7m123[0m             style={{ ...transitionStyles[state] }}
    [7m   [0m [91m                        ~~~~~~~~~~~~~~~~~~~~~~~[0m

FAIL packages/react/src/components/nav/__tests__/CxNavItem.spec.tsx
  ● Test suite failed to run

    [96mpackages/react/src/components/offcanvas/CxOffcanvas.tsx[0m:[93m109[0m:[93m8[0m - [91merror[0m[90m TS7006: [0mParameter 'event' implicitly has an 'any' type.

    [7m109[0m       (event) => {
    [7m   [0m [91m       ~~~~~[0m
    [96mpackages/react/src/components/offcanvas/CxOffcanvas.tsx[0m:[93m123[0m:[93m25[0m - [91merror[0m[90m TS7053: [0mElement implicitly has an 'any' type because expression of type 'string' can't be used to index type '{ entering: { visibility: string; }; entered: { visibility: string; }; exiting: { visibility: string; }; exited: { visibility: string; }; }'.
      No index signature with a parameter of type 'string' was found on type '{ entering: { visibility: string; }; entered: { visibility: string; }; exiting: { visibility: string; }; exited: { visibility: string; }; }'.

    [7m123[0m             style={{ ...transitionStyles[state] }}
    [7m   [0m [91m                        ~~~~~~~~~~~~~~~~~~~~~~~[0m

FAIL packages/react/src/components/dropdown/__tests__/CxDropdownMenu.spec.tsx
  ● Test suite failed to run

    [96mpackages/react/src/components/offcanvas/CxOffcanvas.tsx[0m:[93m109[0m:[93m8[0m - [91merror[0m[90m TS7006: [0mParameter 'event' implicitly has an 'any' type.

    [7m109[0m       (event) => {
    [7m   [0m [91m       ~~~~~[0m
    [96mpackages/react/src/components/offcanvas/CxOffcanvas.tsx[0m:[93m123[0m:[93m25[0m - [91merror[0m[90m TS7053: [0mElement implicitly has an 'any' type because expression of type 'string' can't be used to index type '{ entering: { visibility: string; }; entered: { visibility: string; }; exiting: { visibility: string; }; exited: { visibility: string; }; }'.
      No index signature with a parameter of type 'string' was found on type '{ entering: { visibility: string; }; entered: { visibility: string; }; exiting: { visibility: string; }; exited: { visibility: string; }; }'.

    [7m123[0m             style={{ ...transitionStyles[state] }}
    [7m   [0m [91m                        ~~~~~~~~~~~~~~~~~~~~~~~[0m

FAIL packages/react/src/components/dropdown/__tests__/CxDropdownItemPlain.spec.tsx
  ● Test suite failed to run

    [96mpackages/react/src/components/offcanvas/CxOffcanvas.tsx[0m:[93m109[0m:[93m8[0m - [91merror[0m[90m TS7006: [0mParameter 'event' implicitly has an 'any' type.

    [7m109[0m       (event) => {
    [7m   [0m [91m       ~~~~~[0m
    [96mpackages/react/src/components/offcanvas/CxOffcanvas.tsx[0m:[93m123[0m:[93m25[0m - [91merror[0m[90m TS7053: [0mElement implicitly has an 'any' type because expression of type 'string' can't be used to index type '{ entering: { visibility: string; }; entered: { visibility: string; }; exiting: { visibility: string; }; exited: { visibility: string; }; }'.
      No index signature with a parameter of type 'string' was found on type '{ entering: { visibility: string; }; entered: { visibility: string; }; exiting: { visibility: string; }; exited: { visibility: string; }; }'.

    [7m123[0m             style={{ ...transitionStyles[state] }}
    [7m   [0m [91m                        ~~~~~~~~~~~~~~~~~~~~~~~[0m

FAIL packages/react/src/components/dropdown/__tests__/CxDropdownItem.spec.tsx
  ● Test suite failed to run

    [96mpackages/react/src/components/offcanvas/CxOffcanvas.tsx[0m:[93m109[0m:[93m8[0m - [91merror[0m[90m TS7006: [0mParameter 'event' implicitly has an 'any' type.

    [7m109[0m       (event) => {
    [7m   [0m [91m       ~~~~~[0m
    [96mpackages/react/src/components/offcanvas/CxOffcanvas.tsx[0m:[93m123[0m:[93m25[0m - [91merror[0m[90m TS7053: [0mElement implicitly has an 'any' type because expression of type 'string' can't be used to index type '{ entering: { visibility: string; }; entered: { visibility: string; }; exiting: { visibility: string; }; exited: { visibility: string; }; }'.
      No index signature with a parameter of type 'string' was found on type '{ entering: { visibility: string; }; entered: { visibility: string; }; exiting: { visibility: string; }; exited: { visibility: string; }; }'.

    [7m123[0m             style={{ ...transitionStyles[state] }}
    [7m   [0m [91m                        ~~~~~~~~~~~~~~~~~~~~~~~[0m

FAIL packages/react/src/components/dropdown/__tests__/CxDropdown.spec.tsx
  ● Test suite failed to run

    [96mpackages/react/src/components/offcanvas/CxOffcanvas.tsx[0m:[93m109[0m:[93m8[0m - [91merror[0m[90m TS7006: [0mParameter 'event' implicitly has an 'any' type.

    [7m109[0m       (event) => {
    [7m   [0m [91m       ~~~~~[0m
    [96mpackages/react/src/components/offcanvas/CxOffcanvas.tsx[0m:[93m123[0m:[93m25[0m - [91merror[0m[90m TS7053: [0mElement implicitly has an 'any' type because expression of type 'string' can't be used to index type '{ entering: { visibility: string; }; entered: { visibility: string; }; exiting: { visibility: string; }; exited: { visibility: string; }; }'.
      No index signature with a parameter of type 'string' was found on type '{ entering: { visibility: string; }; entered: { visibility: string; }; exiting: { visibility: string; }; exited: { visibility: string; }; }'.

    [7m123[0m             style={{ ...transitionStyles[state] }}
    [7m   [0m [91m                        ~~~~~~~~~~~~~~~~~~~~~~~[0m

FAIL packages/react/src/components/dropdown/__tests__/CxDropdownDivider.spec.tsx
  ● Test suite failed to run

    [96mpackages/react/src/components/offcanvas/CxOffcanvas.tsx[0m:[93m109[0m:[93m8[0m - [91merror[0m[90m TS7006: [0mParameter 'event' implicitly has an 'any' type.

    [7m109[0m       (event) => {
    [7m   [0m [91m       ~~~~~[0m
    [96mpackages/react/src/components/offcanvas/CxOffcanvas.tsx[0m:[93m123[0m:[93m25[0m - [91merror[0m[90m TS7053: [0mElement implicitly has an 'any' type because expression of type 'string' can't be used to index type '{ entering: { visibility: string; }; entered: { visibility: string; }; exiting: { visibility: string; }; exited: { visibility: string; }; }'.
      No index signature with a parameter of type 'string' was found on type '{ entering: { visibility: string; }; entered: { visibility: string; }; exiting: { visibility: string; }; exited: { visibility: string; }; }'.

    [7m123[0m             style={{ ...transitionStyles[state] }}
    [7m   [0m [91m                        ~~~~~~~~~~~~~~~~~~~~~~~[0m

FAIL packages/react/src/components/form/__tests__/CxInputGroup.spec.tsx
  ● Test suite failed to run

    [96mpackages/react/src/components/offcanvas/CxOffcanvas.tsx[0m:[93m109[0m:[93m8[0m - [91merror[0m[90m TS7006: [0mParameter 'event' implicitly has an 'any' type.

    [7m109[0m       (event) => {
    [7m   [0m [91m       ~~~~~[0m
    [96mpackages/react/src/components/offcanvas/CxOffcanvas.tsx[0m:[93m123[0m:[93m25[0m - [91merror[0m[90m TS7053: [0mElement implicitly has an 'any' type because expression of type 'string' can't be used to index type '{ entering: { visibility: string; }; entered: { visibility: string; }; exiting: { visibility: string; }; exited: { visibility: string; }; }'.
      No index signature with a parameter of type 'string' was found on type '{ entering: { visibility: string; }; entered: { visibility: string; }; exiting: { visibility: string; }; exited: { visibility: string; }; }'.

    [7m123[0m             style={{ ...transitionStyles[state] }}
    [7m   [0m [91m                        ~~~~~~~~~~~~~~~~~~~~~~~[0m

FAIL packages/react/src/components/dropdown/__tests__/CxDropdownHeader.spec.tsx
  ● Test suite failed to run

    [96mpackages/react/src/components/offcanvas/CxOffcanvas.tsx[0m:[93m109[0m:[93m8[0m - [91merror[0m[90m TS7006: [0mParameter 'event' implicitly has an 'any' type.

    [7m109[0m       (event) => {
    [7m   [0m [91m       ~~~~~[0m
    [96mpackages/react/src/components/offcanvas/CxOffcanvas.tsx[0m:[93m123[0m:[93m25[0m - [91merror[0m[90m TS7053: [0mElement implicitly has an 'any' type because expression of type 'string' can't be used to index type '{ entering: { visibility: string; }; entered: { visibility: string; }; exiting: { visibility: string; }; exited: { visibility: string; }; }'.
      No index signature with a parameter of type 'string' was found on type '{ entering: { visibility: string; }; entered: { visibility: string; }; exiting: { visibility: string; }; exited: { visibility: string; }; }'.

    [7m123[0m             style={{ ...transitionStyles[state] }}
    [7m   [0m [91m                        ~~~~~~~~~~~~~~~~~~~~~~~[0m

FAIL packages/react/src/components/form/__tests__/CxFormSwitch.spec.tsx
  ● Test suite failed to run

    [96mpackages/react/src/components/offcanvas/CxOffcanvas.tsx[0m:[93m109[0m:[93m8[0m - [91merror[0m[90m TS7006: [0mParameter 'event' implicitly has an 'any' type.

    [7m109[0m       (event) => {
    [7m   [0m [91m       ~~~~~[0m
    [96mpackages/react/src/components/offcanvas/CxOffcanvas.tsx[0m:[93m123[0m:[93m25[0m - [91merror[0m[90m TS7053: [0mElement implicitly has an 'any' type because expression of type 'string' can't be used to index type '{ entering: { visibility: string; }; entered: { visibility: string; }; exiting: { visibility: string; }; exited: { visibility: string; }; }'.
      No index signature with a parameter of type 'string' was found on type '{ entering: { visibility: string; }; entered: { visibility: string; }; exiting: { visibility: string; }; exited: { visibility: string; }; }'.

    [7m123[0m             style={{ ...transitionStyles[state] }}
    [7m   [0m [91m                        ~~~~~~~~~~~~~~~~~~~~~~~[0m

FAIL packages/react/src/components/form/__tests__/CxFormTextarea.spec.tsx
  ● Test suite failed to run

    [96mpackages/react/src/components/offcanvas/CxOffcanvas.tsx[0m:[93m109[0m:[93m8[0m - [91merror[0m[90m TS7006: [0mParameter 'event' implicitly has an 'any' type.

    [7m109[0m       (event) => {
    [7m   [0m [91m       ~~~~~[0m
    [96mpackages/react/src/components/offcanvas/CxOffcanvas.tsx[0m:[93m123[0m:[93m25[0m - [91merror[0m[90m TS7053: [0mElement implicitly has an 'any' type because expression of type 'string' can't be used to index type '{ entering: { visibility: string; }; entered: { visibility: string; }; exiting: { visibility: string; }; exited: { visibility: string; }; }'.
      No index signature with a parameter of type 'string' was found on type '{ entering: { visibility: string; }; entered: { visibility: string; }; exiting: { visibility: string; }; exited: { visibility: string; }; }'.

    [7m123[0m             style={{ ...transitionStyles[state] }}
    [7m   [0m [91m                        ~~~~~~~~~~~~~~~~~~~~~~~[0m

FAIL packages/react/src/components/form/__tests__/CxInputGroupText.spec.tsx
  ● Test suite failed to run

    [96mpackages/react/src/components/offcanvas/CxOffcanvas.tsx[0m:[93m109[0m:[93m8[0m - [91merror[0m[90m TS7006: [0mParameter 'event' implicitly has an 'any' type.

    [7m109[0m       (event) => {
    [7m   [0m [91m       ~~~~~[0m
    [96mpackages/react/src/components/offcanvas/CxOffcanvas.tsx[0m:[93m123[0m:[93m25[0m - [91merror[0m[90m TS7053: [0mElement implicitly has an 'any' type because expression of type 'string' can't be used to index type '{ entering: { visibility: string; }; entered: { visibility: string; }; exiting: { visibility: string; }; exited: { visibility: string; }; }'.
      No index signature with a parameter of type 'string' was found on type '{ entering: { visibility: string; }; entered: { visibility: string; }; exiting: { visibility: string; }; exited: { visibility: string; }; }'.

    [7m123[0m             style={{ ...transitionStyles[state] }}
    [7m   [0m [91m                        ~~~~~~~~~~~~~~~~~~~~~~~[0m

FAIL packages/react/src/components/form/__tests__/CxFormText.spec.tsx
  ● Test suite failed to run

    [96mpackages/react/src/components/offcanvas/CxOffcanvas.tsx[0m:[93m109[0m:[93m8[0m - [91merror[0m[90m TS7006: [0mParameter 'event' implicitly has an 'any' type.

    [7m109[0m       (event) => {
    [7m   [0m [91m       ~~~~~[0m
    [96mpackages/react/src/components/offcanvas/CxOffcanvas.tsx[0m:[93m123[0m:[93m25[0m - [91merror[0m[90m TS7053: [0mElement implicitly has an 'any' type because expression of type 'string' can't be used to index type '{ entering: { visibility: string; }; entered: { visibility: string; }; exiting: { visibility: string; }; exited: { visibility: string; }; }'.
      No index signature with a parameter of type 'string' was found on type '{ entering: { visibility: string; }; entered: { visibility: string; }; exiting: { visibility: string; }; exited: { visibility: string; }; }'.

    [7m123[0m             style={{ ...transitionStyles[state] }}
    [7m   [0m [91m                        ~~~~~~~~~~~~~~~~~~~~~~~[0m

FAIL packages/react/src/components/form/__tests__/CxFormSelect.spec.tsx
  ● Test suite failed to run

    [96mpackages/react/src/components/offcanvas/CxOffcanvas.tsx[0m:[93m109[0m:[93m8[0m - [91merror[0m[90m TS7006: [0mParameter 'event' implicitly has an 'any' type.

    [7m109[0m       (event) => {
    [7m   [0m [91m       ~~~~~[0m
    [96mpackages/react/src/components/offcanvas/CxOffcanvas.tsx[0m:[93m123[0m:[93m25[0m - [91merror[0m[90m TS7053: [0mElement implicitly has an 'any' type because expression of type 'string' can't be used to index type '{ entering: { visibility: string; }; entered: { visibility: string; }; exiting: { visibility: string; }; exited: { visibility: string; }; }'.
      No index signature with a parameter of type 'string' was found on type '{ entering: { visibility: string; }; entered: { visibility: string; }; exiting: { visibility: string; }; exited: { visibility: string; }; }'.

    [7m123[0m             style={{ ...transitionStyles[state] }}
    [7m   [0m [91m                        ~~~~~~~~~~~~~~~~~~~~~~~[0m

FAIL packages/react/src/components/form/__tests__/CxFormInput.spec.tsx
  ● Test suite failed to run

    [96mpackages/react/src/components/offcanvas/CxOffcanvas.tsx[0m:[93m109[0m:[93m8[0m - [91merror[0m[90m TS7006: [0mParameter 'event' implicitly has an 'any' type.

    [7m109[0m       (event) => {
    [7m   [0m [91m       ~~~~~[0m
    [96mpackages/react/src/components/offcanvas/CxOffcanvas.tsx[0m:[93m123[0m:[93m25[0m - [91merror[0m[90m TS7053: [0mElement implicitly has an 'any' type because expression of type 'string' can't be used to index type '{ entering: { visibility: string; }; entered: { visibility: string; }; exiting: { visibility: string; }; exited: { visibility: string; }; }'.
      No index signature with a parameter of type 'string' was found on type '{ entering: { visibility: string; }; entered: { visibility: string; }; exiting: { visibility: string; }; exited: { visibility: string; }; }'.

    [7m123[0m             style={{ ...transitionStyles[state] }}
    [7m   [0m [91m                        ~~~~~~~~~~~~~~~~~~~~~~~[0m

FAIL packages/react/src/components/form/__tests__/CxFormFloating.spec.tsx
  ● Test suite failed to run

    [96mpackages/react/src/components/offcanvas/CxOffcanvas.tsx[0m:[93m109[0m:[93m8[0m - [91merror[0m[90m TS7006: [0mParameter 'event' implicitly has an 'any' type.

    [7m109[0m       (event) => {
    [7m   [0m [91m       ~~~~~[0m
    [96mpackages/react/src/components/offcanvas/CxOffcanvas.tsx[0m:[93m123[0m:[93m25[0m - [91merror[0m[90m TS7053: [0mElement implicitly has an 'any' type because expression of type 'string' can't be used to index type '{ entering: { visibility: string; }; entered: { visibility: string; }; exiting: { visibility: string; }; exited: { visibility: string; }; }'.
      No index signature with a parameter of type 'string' was found on type '{ entering: { visibility: string; }; entered: { visibility: string; }; exiting: { visibility: string; }; exited: { visibility: string; }; }'.

    [7m123[0m             style={{ ...transitionStyles[state] }}
    [7m   [0m [91m                        ~~~~~~~~~~~~~~~~~~~~~~~[0m

FAIL packages/react/src/components/form/__tests__/CxFormRange.spec.tsx
  ● Test suite failed to run

    [96mpackages/react/src/components/offcanvas/CxOffcanvas.tsx[0m:[93m109[0m:[93m8[0m - [91merror[0m[90m TS7006: [0mParameter 'event' implicitly has an 'any' type.

    [7m109[0m       (event) => {
    [7m   [0m [91m       ~~~~~[0m
    [96mpackages/react/src/components/offcanvas/CxOffcanvas.tsx[0m:[93m123[0m:[93m25[0m - [91merror[0m[90m TS7053: [0mElement implicitly has an 'any' type because expression of type 'string' can't be used to index type '{ entering: { visibility: string; }; entered: { visibility: string; }; exiting: { visibility: string; }; exited: { visibility: string; }; }'.
      No index signature with a parameter of type 'string' was found on type '{ entering: { visibility: string; }; entered: { visibility: string; }; exiting: { visibility: string; }; exited: { visibility: string; }; }'.

    [7m123[0m             style={{ ...transitionStyles[state] }}
    [7m   [0m [91m                        ~~~~~~~~~~~~~~~~~~~~~~~[0m

FAIL packages/react/src/components/form/__tests__/CxFormLabel.spec.tsx
  ● Test suite failed to run

    [96mpackages/react/src/components/offcanvas/CxOffcanvas.tsx[0m:[93m109[0m:[93m8[0m - [91merror[0m[90m TS7006: [0mParameter 'event' implicitly has an 'any' type.

    [7m109[0m       (event) => {
    [7m   [0m [91m       ~~~~~[0m
    [96mpackages/react/src/components/offcanvas/CxOffcanvas.tsx[0m:[93m123[0m:[93m25[0m - [91merror[0m[90m TS7053: [0mElement implicitly has an 'any' type because expression of type 'string' can't be used to index type '{ entering: { visibility: string; }; entered: { visibility: string; }; exiting: { visibility: string; }; exited: { visibility: string; }; }'.
      No index signature with a parameter of type 'string' was found on type '{ entering: { visibility: string; }; entered: { visibility: string; }; exiting: { visibility: string; }; exited: { visibility: string; }; }'.

    [7m123[0m             style={{ ...transitionStyles[state] }}
    [7m   [0m [91m                        ~~~~~~~~~~~~~~~~~~~~~~~[0m

FAIL packages/react/src/components/form/__tests__/CxFormControl.spec.tsx
  ● Test suite failed to run

    [96mpackages/react/src/components/offcanvas/CxOffcanvas.tsx[0m:[93m109[0m:[93m8[0m - [91merror[0m[90m TS7006: [0mParameter 'event' implicitly has an 'any' type.

    [7m109[0m       (event) => {
    [7m   [0m [91m       ~~~~~[0m
    [96mpackages/react/src/components/offcanvas/CxOffcanvas.tsx[0m:[93m123[0m:[93m25[0m - [91merror[0m[90m TS7053: [0mElement implicitly has an 'any' type because expression of type 'string' can't be used to index type '{ entering: { visibility: string; }; entered: { visibility: string; }; exiting: { visibility: string; }; exited: { visibility: string; }; }'.
      No index signature with a parameter of type 'string' was found on type '{ entering: { visibility: string; }; entered: { visibility: string; }; exiting: { visibility: string; }; exited: { visibility: string; }; }'.

    [7m123[0m             style={{ ...transitionStyles[state] }}
    [7m   [0m [91m                        ~~~~~~~~~~~~~~~~~~~~~~~[0m

FAIL packages/react/src/components/form/__tests__/CxFormFeedback.spec.tsx
  ● Test suite failed to run

    [96mpackages/react/src/components/offcanvas/CxOffcanvas.tsx[0m:[93m109[0m:[93m8[0m - [91merror[0m[90m TS7006: [0mParameter 'event' implicitly has an 'any' type.

    [7m109[0m       (event) => {
    [7m   [0m [91m       ~~~~~[0m
    [96mpackages/react/src/components/offcanvas/CxOffcanvas.tsx[0m:[93m123[0m:[93m25[0m - [91merror[0m[90m TS7053: [0mElement implicitly has an 'any' type because expression of type 'string' can't be used to index type '{ entering: { visibility: string; }; entered: { visibility: string; }; exiting: { visibility: string; }; exited: { visibility: string; }; }'.
      No index signature with a parameter of type 'string' was found on type '{ entering: { visibility: string; }; entered: { visibility: string; }; exiting: { visibility: string; }; exited: { visibility: string; }; }'.

    [7m123[0m             style={{ ...transitionStyles[state] }}
    [7m   [0m [91m                        ~~~~~~~~~~~~~~~~~~~~~~~[0m

FAIL packages/react/src/components/form/__tests__/CxFormCheck.spec.tsx
  ● Test suite failed to run

    [96mpackages/react/src/components/offcanvas/CxOffcanvas.tsx[0m:[93m109[0m:[93m8[0m - [91merror[0m[90m TS7006: [0mParameter 'event' implicitly has an 'any' type.

    [7m109[0m       (event) => {
    [7m   [0m [91m       ~~~~~[0m
    [96mpackages/react/src/components/offcanvas/CxOffcanvas.tsx[0m:[93m123[0m:[93m25[0m - [91merror[0m[90m TS7053: [0mElement implicitly has an 'any' type because expression of type 'string' can't be used to index type '{ entering: { visibility: string; }; entered: { visibility: string; }; exiting: { visibility: string; }; exited: { visibility: string; }; }'.
      No index signature with a parameter of type 'string' was found on type '{ entering: { visibility: string; }; entered: { visibility: string; }; exiting: { visibility: string; }; exited: { visibility: string; }; }'.

    [7m123[0m             style={{ ...transitionStyles[state] }}
    [7m   [0m [91m                        ~~~~~~~~~~~~~~~~~~~~~~~[0m

FAIL packages/react/src/components/form/__tests__/CxForm.spec.tsx
  ● Test suite failed to run

    [96mpackages/react/src/components/offcanvas/CxOffcanvas.tsx[0m:[93m109[0m:[93m8[0m - [91merror[0m[90m TS7006: [0mParameter 'event' implicitly has an 'any' type.

    [7m109[0m       (event) => {
    [7m   [0m [91m       ~~~~~[0m
    [96mpackages/react/src/components/offcanvas/CxOffcanvas.tsx[0m:[93m123[0m:[93m25[0m - [91merror[0m[90m TS7053: [0mElement implicitly has an 'any' type because expression of type 'string' can't be used to index type '{ entering: { visibility: string; }; entered: { visibility: string; }; exiting: { visibility: string; }; exited: { visibility: string; }; }'.
      No index signature with a parameter of type 'string' was found on type '{ entering: { visibility: string; }; entered: { visibility: string; }; exiting: { visibility: string; }; exited: { visibility: string; }; }'.

    [7m123[0m             style={{ ...transitionStyles[state] }}
    [7m   [0m [91m                        ~~~~~~~~~~~~~~~~~~~~~~~[0m

FAIL packages/react/src/components/grid/__tests__/CxRow.spec.tsx
  ● Test suite failed to run

    [96mpackages/react/src/components/offcanvas/CxOffcanvas.tsx[0m:[93m109[0m:[93m8[0m - [91merror[0m[90m TS7006: [0mParameter 'event' implicitly has an 'any' type.

    [7m109[0m       (event) => {
    [7m   [0m [91m       ~~~~~[0m
    [96mpackages/react/src/components/offcanvas/CxOffcanvas.tsx[0m:[93m123[0m:[93m25[0m - [91merror[0m[90m TS7053: [0mElement implicitly has an 'any' type because expression of type 'string' can't be used to index type '{ entering: { visibility: string; }; entered: { visibility: string; }; exiting: { visibility: string; }; exited: { visibility: string; }; }'.
      No index signature with a parameter of type 'string' was found on type '{ entering: { visibility: string; }; entered: { visibility: string; }; exiting: { visibility: string; }; exited: { visibility: string; }; }'.

    [7m123[0m             style={{ ...transitionStyles[state] }}
    [7m   [0m [91m                        ~~~~~~~~~~~~~~~~~~~~~~~[0m

FAIL packages/react/src/components/grid/__tests__/CxContainer.spec.tsx
  ● Test suite failed to run

    [96mpackages/react/src/components/offcanvas/CxOffcanvas.tsx[0m:[93m109[0m:[93m8[0m - [91merror[0m[90m TS7006: [0mParameter 'event' implicitly has an 'any' type.

    [7m109[0m       (event) => {
    [7m   [0m [91m       ~~~~~[0m
    [96mpackages/react/src/components/offcanvas/CxOffcanvas.tsx[0m:[93m123[0m:[93m25[0m - [91merror[0m[90m TS7053: [0mElement implicitly has an 'any' type because expression of type 'string' can't be used to index type '{ entering: { visibility: string; }; entered: { visibility: string; }; exiting: { visibility: string; }; exited: { visibility: string; }; }'.
      No index signature with a parameter of type 'string' was found on type '{ entering: { visibility: string; }; entered: { visibility: string; }; exiting: { visibility: string; }; exited: { visibility: string; }; }'.

    [7m123[0m             style={{ ...transitionStyles[state] }}
    [7m   [0m [91m                        ~~~~~~~~~~~~~~~~~~~~~~~[0m

FAIL packages/react/src/components/close-button/__tests__/CxCloseButton.spec.tsx
  ● Test suite failed to run

    [96mpackages/react/src/components/offcanvas/CxOffcanvas.tsx[0m:[93m109[0m:[93m8[0m - [91merror[0m[90m TS7006: [0mParameter 'event' implicitly has an 'any' type.

    [7m109[0m       (event) => {
    [7m   [0m [91m       ~~~~~[0m
    [96mpackages/react/src/components/offcanvas/CxOffcanvas.tsx[0m:[93m123[0m:[93m25[0m - [91merror[0m[90m TS7053: [0mElement implicitly has an 'any' type because expression of type 'string' can't be used to index type '{ entering: { visibility: string; }; entered: { visibility: string; }; exiting: { visibility: string; }; exited: { visibility: string; }; }'.
      No index signature with a parameter of type 'string' was found on type '{ entering: { visibility: string; }; entered: { visibility: string; }; exiting: { visibility: string; }; exited: { visibility: string; }; }'.

    [7m123[0m             style={{ ...transitionStyles[state] }}
    [7m   [0m [91m                        ~~~~~~~~~~~~~~~~~~~~~~~[0m

FAIL packages/react/src/components/card/__tests__/CxCardText.spec.tsx
  ● Test suite failed to run

    [96mpackages/react/src/components/offcanvas/CxOffcanvas.tsx[0m:[93m109[0m:[93m8[0m - [91merror[0m[90m TS7006: [0mParameter 'event' implicitly has an 'any' type.

    [7m109[0m       (event) => {
    [7m   [0m [91m       ~~~~~[0m
    [96mpackages/react/src/components/offcanvas/CxOffcanvas.tsx[0m:[93m123[0m:[93m25[0m - [91merror[0m[90m TS7053: [0mElement implicitly has an 'any' type because expression of type 'string' can't be used to index type '{ entering: { visibility: string; }; entered: { visibility: string; }; exiting: { visibility: string; }; exited: { visibility: string; }; }'.
      No index signature with a parameter of type 'string' was found on type '{ entering: { visibility: string; }; entered: { visibility: string; }; exiting: { visibility: string; }; exited: { visibility: string; }; }'.

    [7m123[0m             style={{ ...transitionStyles[state] }}
    [7m   [0m [91m                        ~~~~~~~~~~~~~~~~~~~~~~~[0m

FAIL packages/react/src/components/card/__tests__/CxCardTitle.spec.tsx
  ● Test suite failed to run

    [96mpackages/react/src/components/offcanvas/CxOffcanvas.tsx[0m:[93m109[0m:[93m8[0m - [91merror[0m[90m TS7006: [0mParameter 'event' implicitly has an 'any' type.

    [7m109[0m       (event) => {
    [7m   [0m [91m       ~~~~~[0m
    [96mpackages/react/src/components/offcanvas/CxOffcanvas.tsx[0m:[93m123[0m:[93m25[0m - [91merror[0m[90m TS7053: [0mElement implicitly has an 'any' type because expression of type 'string' can't be used to index type '{ entering: { visibility: string; }; entered: { visibility: string; }; exiting: { visibility: string; }; exited: { visibility: string; }; }'.
      No index signature with a parameter of type 'string' was found on type '{ entering: { visibility: string; }; entered: { visibility: string; }; exiting: { visibility: string; }; exited: { visibility: string; }; }'.

    [7m123[0m             style={{ ...transitionStyles[state] }}
    [7m   [0m [91m                        ~~~~~~~~~~~~~~~~~~~~~~~[0m

FAIL packages/react/src/components/card/__tests__/CxCardSubtitle.spec.tsx
  ● Test suite failed to run

    [96mpackages/react/src/components/offcanvas/CxOffcanvas.tsx[0m:[93m109[0m:[93m8[0m - [91merror[0m[90m TS7006: [0mParameter 'event' implicitly has an 'any' type.

    [7m109[0m       (event) => {
    [7m   [0m [91m       ~~~~~[0m
    [96mpackages/react/src/components/offcanvas/CxOffcanvas.tsx[0m:[93m123[0m:[93m25[0m - [91merror[0m[90m TS7053: [0mElement implicitly has an 'any' type because expression of type 'string' can't be used to index type '{ entering: { visibility: string; }; entered: { visibility: string; }; exiting: { visibility: string; }; exited: { visibility: string; }; }'.
      No index signature with a parameter of type 'string' was found on type '{ entering: { visibility: string; }; entered: { visibility: string; }; exiting: { visibility: string; }; exited: { visibility: string; }; }'.

    [7m123[0m             style={{ ...transitionStyles[state] }}
    [7m   [0m [91m                        ~~~~~~~~~~~~~~~~~~~~~~~[0m

FAIL packages/react/src/components/grid/__tests__/CxCol.spec.tsx
  ● Test suite failed to run

    [96mpackages/react/src/components/offcanvas/CxOffcanvas.tsx[0m:[93m109[0m:[93m8[0m - [91merror[0m[90m TS7006: [0mParameter 'event' implicitly has an 'any' type.

    [7m109[0m       (event) => {
    [7m   [0m [91m       ~~~~~[0m
    [96mpackages/react/src/components/offcanvas/CxOffcanvas.tsx[0m:[93m123[0m:[93m25[0m - [91merror[0m[90m TS7053: [0mElement implicitly has an 'any' type because expression of type 'string' can't be used to index type '{ entering: { visibility: string; }; entered: { visibility: string; }; exiting: { visibility: string; }; exited: { visibility: string; }; }'.
      No index signature with a parameter of type 'string' was found on type '{ entering: { visibility: string; }; entered: { visibility: string; }; exiting: { visibility: string; }; exited: { visibility: string; }; }'.

    [7m123[0m             style={{ ...transitionStyles[state] }}
    [7m   [0m [91m                        ~~~~~~~~~~~~~~~~~~~~~~~[0m

FAIL packages/react/src/components/collapse/__tests__/CxCollapse.spec.tsx
  ● Test suite failed to run

    [96mpackages/react/src/components/offcanvas/CxOffcanvas.tsx[0m:[93m109[0m:[93m8[0m - [91merror[0m[90m TS7006: [0mParameter 'event' implicitly has an 'any' type.

    [7m109[0m       (event) => {
    [7m   [0m [91m       ~~~~~[0m
    [96mpackages/react/src/components/offcanvas/CxOffcanvas.tsx[0m:[93m123[0m:[93m25[0m - [91merror[0m[90m TS7053: [0mElement implicitly has an 'any' type because expression of type 'string' can't be used to index type '{ entering: { visibility: string; }; entered: { visibility: string; }; exiting: { visibility: string; }; exited: { visibility: string; }; }'.
      No index signature with a parameter of type 'string' was found on type '{ entering: { visibility: string; }; entered: { visibility: string; }; exiting: { visibility: string; }; exited: { visibility: string; }; }'.

    [7m123[0m             style={{ ...transitionStyles[state] }}
    [7m   [0m [91m                        ~~~~~~~~~~~~~~~~~~~~~~~[0m

FAIL packages/react/src/components/card/__tests__/CxCardLink.spec.tsx
  ● Test suite failed to run

    [96mpackages/react/src/components/offcanvas/CxOffcanvas.tsx[0m:[93m109[0m:[93m8[0m - [91merror[0m[90m TS7006: [0mParameter 'event' implicitly has an 'any' type.

    [7m109[0m       (event) => {
    [7m   [0m [91m       ~~~~~[0m
    [96mpackages/react/src/components/offcanvas/CxOffcanvas.tsx[0m:[93m123[0m:[93m25[0m - [91merror[0m[90m TS7053: [0mElement implicitly has an 'any' type because expression of type 'string' can't be used to index type '{ entering: { visibility: string; }; entered: { visibility: string; }; exiting: { visibility: string; }; exited: { visibility: string; }; }'.
      No index signature with a parameter of type 'string' was found on type '{ entering: { visibility: string; }; entered: { visibility: string; }; exiting: { visibility: string; }; exited: { visibility: string; }; }'.

    [7m123[0m             style={{ ...transitionStyles[state] }}
    [7m   [0m [91m                        ~~~~~~~~~~~~~~~~~~~~~~~[0m

FAIL packages/react/src/components/card/__tests__/CxCardImageOverlay.spec.tsx
  ● Test suite failed to run

    [96mpackages/react/src/components/offcanvas/CxOffcanvas.tsx[0m:[93m109[0m:[93m8[0m - [91merror[0m[90m TS7006: [0mParameter 'event' implicitly has an 'any' type.

    [7m109[0m       (event) => {
    [7m   [0m [91m       ~~~~~[0m
    [96mpackages/react/src/components/offcanvas/CxOffcanvas.tsx[0m:[93m123[0m:[93m25[0m - [91merror[0m[90m TS7053: [0mElement implicitly has an 'any' type because expression of type 'string' can't be used to index type '{ entering: { visibility: string; }; entered: { visibility: string; }; exiting: { visibility: string; }; exited: { visibility: string; }; }'.
      No index signature with a parameter of type 'string' was found on type '{ entering: { visibility: string; }; entered: { visibility: string; }; exiting: { visibility: string; }; exited: { visibility: string; }; }'.

    [7m123[0m             style={{ ...transitionStyles[state] }}
    [7m   [0m [91m                        ~~~~~~~~~~~~~~~~~~~~~~~[0m

FAIL packages/react/src/components/card/__tests__/CxCardImage.spec.tsx
  ● Test suite failed to run

    [96mpackages/react/src/components/offcanvas/CxOffcanvas.tsx[0m:[93m109[0m:[93m8[0m - [91merror[0m[90m TS7006: [0mParameter 'event' implicitly has an 'any' type.

    [7m109[0m       (event) => {
    [7m   [0m [91m       ~~~~~[0m
    [96mpackages/react/src/components/offcanvas/CxOffcanvas.tsx[0m:[93m123[0m:[93m25[0m - [91merror[0m[90m TS7053: [0mElement implicitly has an 'any' type because expression of type 'string' can't be used to index type '{ entering: { visibility: string; }; entered: { visibility: string; }; exiting: { visibility: string; }; exited: { visibility: string; }; }'.
      No index signature with a parameter of type 'string' was found on type '{ entering: { visibility: string; }; entered: { visibility: string; }; exiting: { visibility: string; }; exited: { visibility: string; }; }'.

    [7m123[0m             style={{ ...transitionStyles[state] }}
    [7m   [0m [91m                        ~~~~~~~~~~~~~~~~~~~~~~~[0m

FAIL packages/react/src/components/card/__tests__/CxCardHeader.spec.tsx
  ● Test suite failed to run

    [96mpackages/react/src/components/offcanvas/CxOffcanvas.tsx[0m:[93m109[0m:[93m8[0m - [91merror[0m[90m TS7006: [0mParameter 'event' implicitly has an 'any' type.

    [7m109[0m       (event) => {
    [7m   [0m [91m       ~~~~~[0m
    [96mpackages/react/src/components/offcanvas/CxOffcanvas.tsx[0m:[93m123[0m:[93m25[0m - [91merror[0m[90m TS7053: [0mElement implicitly has an 'any' type because expression of type 'string' can't be used to index type '{ entering: { visibility: string; }; entered: { visibility: string; }; exiting: { visibility: string; }; exited: { visibility: string; }; }'.
      No index signature with a parameter of type 'string' was found on type '{ entering: { visibility: string; }; entered: { visibility: string; }; exiting: { visibility: string; }; exited: { visibility: string; }; }'.

    [7m123[0m             style={{ ...transitionStyles[state] }}
    [7m   [0m [91m                        ~~~~~~~~~~~~~~~~~~~~~~~[0m

FAIL packages/react/src/components/card/__tests__/CxCardBody.spec.tsx
  ● Test suite failed to run

    [96mpackages/react/src/components/offcanvas/CxOffcanvas.tsx[0m:[93m109[0m:[93m8[0m - [91merror[0m[90m TS7006: [0mParameter 'event' implicitly has an 'any' type.

    [7m109[0m       (event) => {
    [7m   [0m [91m       ~~~~~[0m
    [96mpackages/react/src/components/offcanvas/CxOffcanvas.tsx[0m:[93m123[0m:[93m25[0m - [91merror[0m[90m TS7053: [0mElement implicitly has an 'any' type because expression of type 'string' can't be used to index type '{ entering: { visibility: string; }; entered: { visibility: string; }; exiting: { visibility: string; }; exited: { visibility: string; }; }'.
      No index signature with a parameter of type 'string' was found on type '{ entering: { visibility: string; }; entered: { visibility: string; }; exiting: { visibility: string; }; exited: { visibility: string; }; }'.

    [7m123[0m             style={{ ...transitionStyles[state] }}
    [7m   [0m [91m                        ~~~~~~~~~~~~~~~~~~~~~~~[0m

FAIL packages/react/src/components/breadcrumb/__tests__/CxBreadcrumbItem.spec.tsx
  ● Test suite failed to run

    [96mpackages/react/src/components/offcanvas/CxOffcanvas.tsx[0m:[93m109[0m:[93m8[0m - [91merror[0m[90m TS7006: [0mParameter 'event' implicitly has an 'any' type.

    [7m109[0m       (event) => {
    [7m   [0m [91m       ~~~~~[0m
    [96mpackages/react/src/components/offcanvas/CxOffcanvas.tsx[0m:[93m123[0m:[93m25[0m - [91merror[0m[90m TS7053: [0mElement implicitly has an 'any' type because expression of type 'string' can't be used to index type '{ entering: { visibility: string; }; entered: { visibility: string; }; exiting: { visibility: string; }; exited: { visibility: string; }; }'.
      No index signature with a parameter of type 'string' was found on type '{ entering: { visibility: string; }; entered: { visibility: string; }; exiting: { visibility: string; }; exited: { visibility: string; }; }'.

    [7m123[0m             style={{ ...transitionStyles[state] }}
    [7m   [0m [91m                        ~~~~~~~~~~~~~~~~~~~~~~~[0m

FAIL packages/react/src/components/card/__tests__/CxCardGroup.spec.tsx
  ● Test suite failed to run

    [96mpackages/react/src/components/offcanvas/CxOffcanvas.tsx[0m:[93m109[0m:[93m8[0m - [91merror[0m[90m TS7006: [0mParameter 'event' implicitly has an 'any' type.

    [7m109[0m       (event) => {
    [7m   [0m [91m       ~~~~~[0m
    [96mpackages/react/src/components/offcanvas/CxOffcanvas.tsx[0m:[93m123[0m:[93m25[0m - [91merror[0m[90m TS7053: [0mElement implicitly has an 'any' type because expression of type 'string' can't be used to index type '{ entering: { visibility: string; }; entered: { visibility: string; }; exiting: { visibility: string; }; exited: { visibility: string; }; }'.
      No index signature with a parameter of type 'string' was found on type '{ entering: { visibility: string; }; entered: { visibility: string; }; exiting: { visibility: string; }; exited: { visibility: string; }; }'.

    [7m123[0m             style={{ ...transitionStyles[state] }}
    [7m   [0m [91m                        ~~~~~~~~~~~~~~~~~~~~~~~[0m

FAIL packages/react/src/components/card/__tests__/CxCard.spec.tsx
  ● Test suite failed to run

    [96mpackages/react/src/components/offcanvas/CxOffcanvas.tsx[0m:[93m109[0m:[93m8[0m - [91merror[0m[90m TS7006: [0mParameter 'event' implicitly has an 'any' type.

    [7m109[0m       (event) => {
    [7m   [0m [91m       ~~~~~[0m
    [96mpackages/react/src/components/offcanvas/CxOffcanvas.tsx[0m:[93m123[0m:[93m25[0m - [91merror[0m[90m TS7053: [0mElement implicitly has an 'any' type because expression of type 'string' can't be used to index type '{ entering: { visibility: string; }; entered: { visibility: string; }; exiting: { visibility: string; }; exited: { visibility: string; }; }'.
      No index signature with a parameter of type 'string' was found on type '{ entering: { visibility: string; }; entered: { visibility: string; }; exiting: { visibility: string; }; exited: { visibility: string; }; }'.

    [7m123[0m             style={{ ...transitionStyles[state] }}
    [7m   [0m [91m                        ~~~~~~~~~~~~~~~~~~~~~~~[0m

FAIL packages/react/src/components/carousel/__tests__/CxCarousel.spec.tsx
  ● Test suite failed to run

    [96mpackages/react/src/components/offcanvas/CxOffcanvas.tsx[0m:[93m109[0m:[93m8[0m - [91merror[0m[90m TS7006: [0mParameter 'event' implicitly has an 'any' type.

    [7m109[0m       (event) => {
    [7m   [0m [91m       ~~~~~[0m
    [96mpackages/react/src/components/offcanvas/CxOffcanvas.tsx[0m:[93m123[0m:[93m25[0m - [91merror[0m[90m TS7053: [0mElement implicitly has an 'any' type because expression of type 'string' can't be used to index type '{ entering: { visibility: string; }; entered: { visibility: string; }; exiting: { visibility: string; }; exited: { visibility: string; }; }'.
      No index signature with a parameter of type 'string' was found on type '{ entering: { visibility: string; }; entered: { visibility: string; }; exiting: { visibility: string; }; exited: { visibility: string; }; }'.

    [7m123[0m             style={{ ...transitionStyles[state] }}
    [7m   [0m [91m                        ~~~~~~~~~~~~~~~~~~~~~~~[0m

FAIL packages/react/src/components/card/__tests__/CxCardFooter.spec.tsx
  ● Test suite failed to run

    [96mpackages/react/src/components/offcanvas/CxOffcanvas.tsx[0m:[93m109[0m:[93m8[0m - [91merror[0m[90m TS7006: [0mParameter 'event' implicitly has an 'any' type.

    [7m109[0m       (event) => {
    [7m   [0m [91m       ~~~~~[0m
    [96mpackages/react/src/components/offcanvas/CxOffcanvas.tsx[0m:[93m123[0m:[93m25[0m - [91merror[0m[90m TS7053: [0mElement implicitly has an 'any' type because expression of type 'string' can't be used to index type '{ entering: { visibility: string; }; entered: { visibility: string; }; exiting: { visibility: string; }; exited: { visibility: string; }; }'.
      No index signature with a parameter of type 'string' was found on type '{ entering: { visibility: string; }; entered: { visibility: string; }; exiting: { visibility: string; }; exited: { visibility: string; }; }'.

    [7m123[0m             style={{ ...transitionStyles[state] }}
    [7m   [0m [91m                        ~~~~~~~~~~~~~~~~~~~~~~~[0m

FAIL packages/react/src/components/accordion/__tests__/CxAccordionHeader.spec.tsx
  ● Test suite failed to run

    [96mpackages/react/src/components/offcanvas/CxOffcanvas.tsx[0m:[93m109[0m:[93m8[0m - [91merror[0m[90m TS7006: [0mParameter 'event' implicitly has an 'any' type.

    [7m109[0m       (event) => {
    [7m   [0m [91m       ~~~~~[0m
    [96mpackages/react/src/components/offcanvas/CxOffcanvas.tsx[0m:[93m123[0m:[93m25[0m - [91merror[0m[90m TS7053: [0mElement implicitly has an 'any' type because expression of type 'string' can't be used to index type '{ entering: { visibility: string; }; entered: { visibility: string; }; exiting: { visibility: string; }; exited: { visibility: string; }; }'.
      No index signature with a parameter of type 'string' was found on type '{ entering: { visibility: string; }; entered: { visibility: string; }; exiting: { visibility: string; }; exited: { visibility: string; }; }'.

    [7m123[0m             style={{ ...transitionStyles[state] }}
    [7m   [0m [91m                        ~~~~~~~~~~~~~~~~~~~~~~~[0m

FAIL packages/react/src/components/breadcrumb/__tests__/CxBreadcrumb.spec.tsx
  ● Test suite failed to run

    [96mpackages/react/src/components/offcanvas/CxOffcanvas.tsx[0m:[93m109[0m:[93m8[0m - [91merror[0m[90m TS7006: [0mParameter 'event' implicitly has an 'any' type.

    [7m109[0m       (event) => {
    [7m   [0m [91m       ~~~~~[0m
    [96mpackages/react/src/components/offcanvas/CxOffcanvas.tsx[0m:[93m123[0m:[93m25[0m - [91merror[0m[90m TS7053: [0mElement implicitly has an 'any' type because expression of type 'string' can't be used to index type '{ entering: { visibility: string; }; entered: { visibility: string; }; exiting: { visibility: string; }; exited: { visibility: string; }; }'.
      No index signature with a parameter of type 'string' was found on type '{ entering: { visibility: string; }; entered: { visibility: string; }; exiting: { visibility: string; }; exited: { visibility: string; }; }'.

    [7m123[0m             style={{ ...transitionStyles[state] }}
    [7m   [0m [91m                        ~~~~~~~~~~~~~~~~~~~~~~~[0m

FAIL packages/react/src/components/accordion/__tests__/CxAccordionButton.spec.tsx
  ● Test suite failed to run

    [96mpackages/react/src/components/offcanvas/CxOffcanvas.tsx[0m:[93m109[0m:[93m8[0m - [91merror[0m[90m TS7006: [0mParameter 'event' implicitly has an 'any' type.

    [7m109[0m       (event) => {
    [7m   [0m [91m       ~~~~~[0m
    [96mpackages/react/src/components/offcanvas/CxOffcanvas.tsx[0m:[93m123[0m:[93m25[0m - [91merror[0m[90m TS7053: [0mElement implicitly has an 'any' type because expression of type 'string' can't be used to index type '{ entering: { visibility: string; }; entered: { visibility: string; }; exiting: { visibility: string; }; exited: { visibility: string; }; }'.
      No index signature with a parameter of type 'string' was found on type '{ entering: { visibility: string; }; entered: { visibility: string; }; exiting: { visibility: string; }; exited: { visibility: string; }; }'.

    [7m123[0m             style={{ ...transitionStyles[state] }}
    [7m   [0m [91m                        ~~~~~~~~~~~~~~~~~~~~~~~[0m

FAIL packages/react/src/components/accordion/__tests__/CxAccordionBody.spec.tsx
  ● Test suite failed to run

    [96mpackages/react/src/components/offcanvas/CxOffcanvas.tsx[0m:[93m109[0m:[93m8[0m - [91merror[0m[90m TS7006: [0mParameter 'event' implicitly has an 'any' type.

    [7m109[0m       (event) => {
    [7m   [0m [91m       ~~~~~[0m
    [96mpackages/react/src/components/offcanvas/CxOffcanvas.tsx[0m:[93m123[0m:[93m25[0m - [91merror[0m[90m TS7053: [0mElement implicitly has an 'any' type because expression of type 'string' can't be used to index type '{ entering: { visibility: string; }; entered: { visibility: string; }; exiting: { visibility: string; }; exited: { visibility: string; }; }'.
      No index signature with a parameter of type 'string' was found on type '{ entering: { visibility: string; }; entered: { visibility: string; }; exiting: { visibility: string; }; exited: { visibility: string; }; }'.

    [7m123[0m             style={{ ...transitionStyles[state] }}
    [7m   [0m [91m                        ~~~~~~~~~~~~~~~~~~~~~~~[0m

FAIL packages/react/src/components/button-group/__tests__/CxButtonToolbar.spec.tsx
  ● Test suite failed to run

    [96mpackages/react/src/components/offcanvas/CxOffcanvas.tsx[0m:[93m109[0m:[93m8[0m - [91merror[0m[90m TS7006: [0mParameter 'event' implicitly has an 'any' type.

    [7m109[0m       (event) => {
    [7m   [0m [91m       ~~~~~[0m
    [96mpackages/react/src/components/offcanvas/CxOffcanvas.tsx[0m:[93m123[0m:[93m25[0m - [91merror[0m[90m TS7053: [0mElement implicitly has an 'any' type because expression of type 'string' can't be used to index type '{ entering: { visibility: string; }; entered: { visibility: string; }; exiting: { visibility: string; }; exited: { visibility: string; }; }'.
      No index signature with a parameter of type 'string' was found on type '{ entering: { visibility: string; }; entered: { visibility: string; }; exiting: { visibility: string; }; exited: { visibility: string; }; }'.

    [7m123[0m             style={{ ...transitionStyles[state] }}
    [7m   [0m [91m                        ~~~~~~~~~~~~~~~~~~~~~~~[0m

FAIL packages/react/src/components/accordion/__tests__/CxAccordionCollapse.spec.tsx
  ● Test suite failed to run

    [96mpackages/react/src/components/offcanvas/CxOffcanvas.tsx[0m:[93m109[0m:[93m8[0m - [91merror[0m[90m TS7006: [0mParameter 'event' implicitly has an 'any' type.

    [7m109[0m       (event) => {
    [7m   [0m [91m       ~~~~~[0m
    [96mpackages/react/src/components/offcanvas/CxOffcanvas.tsx[0m:[93m123[0m:[93m25[0m - [91merror[0m[90m TS7053: [0mElement implicitly has an 'any' type because expression of type 'string' can't be used to index type '{ entering: { visibility: string; }; entered: { visibility: string; }; exiting: { visibility: string; }; exited: { visibility: string; }; }'.
      No index signature with a parameter of type 'string' was found on type '{ entering: { visibility: string; }; entered: { visibility: string; }; exiting: { visibility: string; }; exited: { visibility: string; }; }'.

    [7m123[0m             style={{ ...transitionStyles[state] }}
    [7m   [0m [91m                        ~~~~~~~~~~~~~~~~~~~~~~~[0m

FAIL packages/react/src/components/accordion/__tests__/CxAccordionItem.spec.tsx
  ● Test suite failed to run

    [96mpackages/react/src/components/offcanvas/CxOffcanvas.tsx[0m:[93m109[0m:[93m8[0m - [91merror[0m[90m TS7006: [0mParameter 'event' implicitly has an 'any' type.

    [7m109[0m       (event) => {
    [7m   [0m [91m       ~~~~~[0m
    [96mpackages/react/src/components/offcanvas/CxOffcanvas.tsx[0m:[93m123[0m:[93m25[0m - [91merror[0m[90m TS7053: [0mElement implicitly has an 'any' type because expression of type 'string' can't be used to index type '{ entering: { visibility: string; }; entered: { visibility: string; }; exiting: { visibility: string; }; exited: { visibility: string; }; }'.
      No index signature with a parameter of type 'string' was found on type '{ entering: { visibility: string; }; entered: { visibility: string; }; exiting: { visibility: string; }; exited: { visibility: string; }; }'.

    [7m123[0m             style={{ ...transitionStyles[state] }}
    [7m   [0m [91m                        ~~~~~~~~~~~~~~~~~~~~~~~[0m

FAIL packages/react/src/components/accordion/__tests__/CxAccordion.spec.tsx
  ● Test suite failed to run

    [96mpackages/react/src/components/offcanvas/CxOffcanvas.tsx[0m:[93m109[0m:[93m8[0m - [91merror[0m[90m TS7006: [0mParameter 'event' implicitly has an 'any' type.

    [7m109[0m       (event) => {
    [7m   [0m [91m       ~~~~~[0m
    [96mpackages/react/src/components/offcanvas/CxOffcanvas.tsx[0m:[93m123[0m:[93m25[0m - [91merror[0m[90m TS7053: [0mElement implicitly has an 'any' type because expression of type 'string' can't be used to index type '{ entering: { visibility: string; }; entered: { visibility: string; }; exiting: { visibility: string; }; exited: { visibility: string; }; }'.
      No index signature with a parameter of type 'string' was found on type '{ entering: { visibility: string; }; entered: { visibility: string; }; exiting: { visibility: string; }; exited: { visibility: string; }; }'.

    [7m123[0m             style={{ ...transitionStyles[state] }}
    [7m   [0m [91m                        ~~~~~~~~~~~~~~~~~~~~~~~[0m

FAIL packages/react/src/components/button-group/__tests__/CxButtonGroup.spec.tsx
  ● Test suite failed to run

    [96mpackages/react/src/components/offcanvas/CxOffcanvas.tsx[0m:[93m109[0m:[93m8[0m - [91merror[0m[90m TS7006: [0mParameter 'event' implicitly has an 'any' type.

    [7m109[0m       (event) => {
    [7m   [0m [91m       ~~~~~[0m
    [96mpackages/react/src/components/offcanvas/CxOffcanvas.tsx[0m:[93m123[0m:[93m25[0m - [91merror[0m[90m TS7053: [0mElement implicitly has an 'any' type because expression of type 'string' can't be used to index type '{ entering: { visibility: string; }; entered: { visibility: string; }; exiting: { visibility: string; }; exited: { visibility: string; }; }'.
      No index signature with a parameter of type 'string' was found on type '{ entering: { visibility: string; }; entered: { visibility: string; }; exiting: { visibility: string; }; exited: { visibility: string; }; }'.

    [7m123[0m             style={{ ...transitionStyles[state] }}
    [7m   [0m [91m                        ~~~~~~~~~~~~~~~~~~~~~~~[0m

FAIL packages/react/src/components/button/__tests__/CxButton.spec.tsx
  ● Test suite failed to run

    [96mpackages/react/src/components/offcanvas/CxOffcanvas.tsx[0m:[93m109[0m:[93m8[0m - [91merror[0m[90m TS7006: [0mParameter 'event' implicitly has an 'any' type.

    [7m109[0m       (event) => {
    [7m   [0m [91m       ~~~~~[0m
    [96mpackages/react/src/components/offcanvas/CxOffcanvas.tsx[0m:[93m123[0m:[93m25[0m - [91merror[0m[90m TS7053: [0mElement implicitly has an 'any' type because expression of type 'string' can't be used to index type '{ entering: { visibility: string; }; entered: { visibility: string; }; exiting: { visibility: string; }; exited: { visibility: string; }; }'.
      No index signature with a parameter of type 'string' was found on type '{ entering: { visibility: string; }; entered: { visibility: string; }; exiting: { visibility: string; }; exited: { visibility: string; }; }'.

    [7m123[0m             style={{ ...transitionStyles[state] }}
    [7m   [0m [91m                        ~~~~~~~~~~~~~~~~~~~~~~~[0m

FAIL packages/react/src/components/backdrop/__tests__/CxBackdrop.spec.tsx
  ● Test suite failed to run

    [96mpackages/react/src/components/offcanvas/CxOffcanvas.tsx[0m:[93m109[0m:[93m8[0m - [91merror[0m[90m TS7006: [0mParameter 'event' implicitly has an 'any' type.

    [7m109[0m       (event) => {
    [7m   [0m [91m       ~~~~~[0m
    [96mpackages/react/src/components/offcanvas/CxOffcanvas.tsx[0m:[93m123[0m:[93m25[0m - [91merror[0m[90m TS7053: [0mElement implicitly has an 'any' type because expression of type 'string' can't be used to index type '{ entering: { visibility: string; }; entered: { visibility: string; }; exiting: { visibility: string; }; exited: { visibility: string; }; }'.
      No index signature with a parameter of type 'string' was found on type '{ entering: { visibility: string; }; entered: { visibility: string; }; exiting: { visibility: string; }; exited: { visibility: string; }; }'.

    [7m123[0m             style={{ ...transitionStyles[state] }}
    [7m   [0m [91m                        ~~~~~~~~~~~~~~~~~~~~~~~[0m

FAIL packages/react/src/components/button/__tests__/CxButtonClose.spec.tsx
  ● Test suite failed to run

    [96mpackages/react/src/components/offcanvas/CxOffcanvas.tsx[0m:[93m109[0m:[93m8[0m - [91merror[0m[90m TS7006: [0mParameter 'event' implicitly has an 'any' type.

    [7m109[0m       (event) => {
    [7m   [0m [91m       ~~~~~[0m
    [96mpackages/react/src/components/offcanvas/CxOffcanvas.tsx[0m:[93m123[0m:[93m25[0m - [91merror[0m[90m TS7053: [0mElement implicitly has an 'any' type because expression of type 'string' can't be used to index type '{ entering: { visibility: string; }; entered: { visibility: string; }; exiting: { visibility: string; }; exited: { visibility: string; }; }'.
      No index signature with a parameter of type 'string' was found on type '{ entering: { visibility: string; }; entered: { visibility: string; }; exiting: { visibility: string; }; exited: { visibility: string; }; }'.

    [7m123[0m             style={{ ...transitionStyles[state] }}
    [7m   [0m [91m                        ~~~~~~~~~~~~~~~~~~~~~~~[0m

FAIL packages/react/src/components/badge/__tests__/CxBadge.spec.tsx
  ● Test suite failed to run

    [96mpackages/react/src/components/offcanvas/CxOffcanvas.tsx[0m:[93m109[0m:[93m8[0m - [91merror[0m[90m TS7006: [0mParameter 'event' implicitly has an 'any' type.

    [7m109[0m       (event) => {
    [7m   [0m [91m       ~~~~~[0m
    [96mpackages/react/src/components/offcanvas/CxOffcanvas.tsx[0m:[93m123[0m:[93m25[0m - [91merror[0m[90m TS7053: [0mElement implicitly has an 'any' type because expression of type 'string' can't be used to index type '{ entering: { visibility: string; }; entered: { visibility: string; }; exiting: { visibility: string; }; exited: { visibility: string; }; }'.
      No index signature with a parameter of type 'string' was found on type '{ entering: { visibility: string; }; entered: { visibility: string; }; exiting: { visibility: string; }; exited: { visibility: string; }; }'.

    [7m123[0m             style={{ ...transitionStyles[state] }}
    [7m   [0m [91m                        ~~~~~~~~~~~~~~~~~~~~~~~[0m


Test Suites: 101 failed, 101 total
Tests:       0 total
Snapshots:   0 total
Time:        4.913 s
Ran all test suites.
error Command failed with exit code 1.
info Visit https://yarnpkg.com/en/docs/cli/run for documentation about this command.
